    Blocking waiting for file lock on build directory
   Compiling azumi-macros v0.1.0 (/home/dracon/_Dev/_Active/azumi-feature/macros)
warning: unused imports: `Item` and `Stmt`
 --> macros/src/component.rs:2:37
  |
2 | use syn::{parse_macro_input, FnArg, Item, ItemFn, Pat, PatType, Stmt};
  |                                     ^^^^                        ^^^^
  |
  = note: `#[warn(unused_imports)]` (part of `#[warn(unused)]`) on by default

warning: unused import: `PatType`
 --> macros/src/action.rs:3:45
  |
3 | use syn::{parse_macro_input, FnArg, ItemFn, PatType};
  |                                             ^^^^^^^

warning: unused variable: `payload_pat`
  --> macros/src/action.rs:51:24
   |
51 |     let (payload_type, payload_pat) = if let Some(arg) = payload_arg {
   |                        ^^^^^^^^^^^ help: if this is intentional, prefix it with an underscore: `_payload_pat`
   |
   = note: `#[warn(unused_variables)]` (part of `#[warn(unused)]`) on by default

warning: unused variable: `mc`
   --> macros/src/live.rs:199:27
    |
199 | fn is_self_field_mutation(mc: &ExprMethodCall) -> bool {
    |                           ^^ help: if this is intentional, prefix it with an underscore: `_mc`

warning: unused variable: `field_info`
   --> macros/src/live.rs:213:9
    |
213 |     let field_info: Vec<_> = match struct_fields {
    |         ^^^^^^^^^^ help: if this is intentional, prefix it with an underscore: `_field_info`

warning: unused variable: `attr`
   --> macros/src/live.rs:205:20
    |
205 | pub fn expand_live(attr: TokenStream, item: TokenStream) -> TokenStream {
    |                    ^^^^ help: if this is intentional, prefix it with an underscore: `_attr`

warning: unused variable: `attr`
   --> macros/src/live.rs:251:25
    |
251 | pub fn expand_live_impl(attr: TokenStream, item: TokenStream) -> TokenStream {
    |                         ^^^^ help: if this is intentional, prefix it with an underscore: `_attr`

warning: variable `found_opening_brace` is assigned to, but never used
  --> macros/src/style.rs:68:17
   |
68 |         let mut found_opening_brace = false;
   |                 ^^^^^^^^^^^^^^^^^^^
   |
   = note: consider using `_found_opening_brace` instead

warning: value assigned to `found_opening_brace` is never read
  --> macros/src/style.rs:78:17
   |
78 |                 found_opening_brace = true;
   |                 ^^^^^^^^^^^^^^^^^^^
   |
   = help: maybe it is overwritten before being read?
   = note: `#[warn(unused_assignments)]` (part of `#[warn(unused)]`) on by default

warning: unused variable: `style_input`
   --> macros/src/style.rs:516:9
    |
516 |     let style_input: StyleInput = match parse2(input) {
    |         ^^^^^^^^^^^ help: if this is intentional, prefix it with an underscore: `_style_input`

warning: unused variable: `props`
    --> macros/src/lib.rs:1148:64
     |
1148 |                         token_parser::AttributeValue::StyleDsl(props) => {
     |                                                                ^^^^^ help: if this is intentional, prefix it with an underscore: `_props`

warning: struct `NodesWrapper` is never constructed
  --> macros/src/lib.rs:71:8
   |
71 | struct NodesWrapper(Vec<token_parser::Node>);
   |        ^^^^^^^^^^^^
   |
   = note: `#[warn(dead_code)]` (part of `#[warn(unused)]`) on by default

warning: function `extract_styles` is never used
   --> macros/src/lib.rs:173:4
    |
173 | fn extract_styles(nodes: Vec<token_parser::Node>) -> (Vec<token_parser::StyleBlock>, Vec<token_parser::Node>) {
    |    ^^^^^^^^^^^^^^

warning: function `parse_css_classes` is never used
  --> macros/src/css_validator.rs:16:8
   |
16 | pub fn parse_css_classes(css_content: &str, _file_path: &str) -> HashSet<String> {
   |        ^^^^^^^^^^^^^^^^^

warning: function `create_class_span` is never used
  --> macros/src/css_validator.rs:36:4
   |
36 | fn create_class_span(class_attr: &crate::token_parser::Attribute, _class_name: &str) -> proc_macro2::Span {
   |    ^^^^^^^^^^^^^^^^^

warning: function `extract_html_classes` is never used
  --> macros/src/css_validator.rs:47:8
   |
47 | pub fn extract_html_classes(nodes: &[Node]) -> HashMap<String, Vec<proc_macro2::Span>> {
   |        ^^^^^^^^^^^^^^^^^^^^

warning: function `extract_html_classes_recursive` is never used
  --> macros/src/css_validator.rs:53:4
   |
53 | fn extract_html_classes_recursive(nodes: &[Node], used_classes: &mut HashMap<String, Vec<proc_macro2::Span>>) {
   |    ^^^^^^^^^^^^^^^^^^^^^^^^^^^^^^

warning: function `validate_css_classes` is never used
   --> macros/src/css_validator.rs:117:8
    |
117 | pub fn validate_css_classes(
    |        ^^^^^^^^^^^^^^^^^^^^

warning: enum `ValidationError` is never used
   --> macros/src/css_validator.rs:142:10
    |
142 | pub enum ValidationError {
    |          ^^^^^^^^^^^^^^^

warning: fields `name` and `has_unpredictable` are never read
  --> macros/src/live.rs:52:9
   |
51 | pub struct MethodAnalysis {
   |            -------------- fields in this struct
52 |     pub name: String,
   |         ^^^^
53 |     pub predictions: Vec<Prediction>,
54 |     pub has_unpredictable: bool,
   |         ^^^^^^^^^^^^^^^^^
   |
   = note: `MethodAnalysis` has a derived impl for the trait `Debug`, but this is intentionally ignored during dead code analysis

warning: field `span` is never read
  --> macros/src/style.rs:39:5
   |
36 | struct StyleProperty {
   |        ------------- field in this struct
...
39 |     span: proc_macro2::Span,
   |     ^^^^

warning: field `span` is never read
  --> macros/src/token_parser.rs:35:9
   |
33 | pub struct Text {
   |            ---- field in this struct
34 |     pub content: String,
35 |     pub span: Span,
   |         ^^^^
   |
   = note: `Text` has derived impls for the traits `Clone` and `Debug`, but these are intentionally ignored during dead code analysis

warning: field `span` is never read
  --> macros/src/token_parser.rs:41:9
   |
39 | pub struct Expression {
   |            ---------- field in this struct
40 |     pub content: TokenStream,
41 |     pub span: Span,
   |         ^^^^
   |
   = note: `Expression` has derived impls for the traits `Clone` and `Debug`, but these are intentionally ignored during dead code analysis

warning: `azumi-macros` (lib) generated 23 warnings (run `cargo fix --lib -p azumi-macros` to apply 2 suggestions)
   Compiling azumi v0.7.945 (/home/dracon/_Dev/_Active/azumi-feature)
warning: unused import: `serde::de::DeserializeOwned`
 --> src/action.rs:3:5
  |
3 | use serde::de::DeserializeOwned;
  |     ^^^^^^^^^^^^^^^^^^^^^^^^^^^
  |
  = note: `#[warn(unused_imports)]` (part of `#[warn(unused)]`) on by default

warning: `azumi` (lib) generated 1 warning (run `cargo fix --lib -p azumi` to apply 1 suggestion)
   Compiling azumi-demo v0.1.0 (/home/dracon/_Dev/_Active/azumi-feature/demo)
DEBUG: parse_nodes saw tag: style
DEBUG: Parsing <style> tag
DEBUG: parse_nodes saw tag: div
DEBUG: parse_nodes falling through to Element
Parsing element: div
DEBUG: parse_nodes saw tag: h2
DEBUG: parse_nodes falling through to Element
Parsing element: h2
Element::parse: Found closing tag sequence
Found closing tag: </h2>  (expected </h2>)
DEBUG: parse_nodes saw tag: p
DEBUG: parse_nodes falling through to Element
Parsing element: p
DEBUG: parse_nodes saw tag: span
DEBUG: parse_nodes falling through to Element
Parsing element: span
Element::parse: Found closing tag sequence
Found closing tag: </span>  (expected </span>)
Element::parse: Found closing tag sequence
Found closing tag: </p>  (expected </p>)
DEBUG: parse_nodes saw tag: button
DEBUG: parse_nodes falling through to Element
Parsing element: button
DEBUG: parse_nodes saw tag: span
DEBUG: parse_nodes falling through to Element
Parsing element: span
Element::parse: Found closing tag sequence
Found closing tag: </span>  (expected </span>)
Element::parse: Found closing tag sequence
Found closing tag: </button>  (expected </button>)
Element::parse: Found closing tag sequence
Found closing tag: </div>  (expected </div>)
DEBUG: process_styles called with 2 nodes
DEBUG: process_styles found style block
DEBUG: validate_css_value checking 'white' for property 'color'. contains space? false
DEBUG: validate_css_value checking 'white' for property 'color'. contains space? false
DEBUG: raw_css: '.btn { padding: 0.5rem 1rem; border: none; border-radius: 4px; cursor: pointer; background: #eee; } .btn.liked { background: #ff4081; color: white; } #like_box { } '
DEBUG: extracted classes: {"liked", "btn"}
DEBUG: extracted ids: {"like_box"}
DEBUG: scoped_css: '.btn-se0c1b9e88325cdec { padding: 0.5rem 1rem; border: none; border-radius: 4px; cursor: pointer; background: #eee; }.btn-se0c1b9e88325cdec.liked-se0c1b9e88325cdec { background: #ff4081; color: white; }#like_box { }'
DEBUG: bindings tokens: let liked = "liked-se0c1b9e88325cdec"; let btn = "btn-se0c1b9e88325cdec"; let
like_box = "like_box";
DEBUG: process_styles called with 3 nodes
DEBUG: process_styles called with 1 nodes
DEBUG: process_styles called with 2 nodes
DEBUG: process_styles called with 1 nodes
DEBUG: process_styles called with 1 nodes
DEBUG: process_styles called with 1 nodes
DEBUG: validate_css_value checking 'white' for property 'color'. contains space? false
DEBUG: parse_nodes saw tag: style
DEBUG: Parsing <style> tag
DEBUG: parse_nodes saw tag: div
DEBUG: parse_nodes falling through to Element
Parsing element: div
DEBUG: parse_nodes saw tag: h3
DEBUG: parse_nodes falling through to Element
Parsing element: h3
Element::parse: Found closing tag sequence
Found closing tag: </h3>  (expected </h3>)
DEBUG: parse_nodes saw tag: p
DEBUG: parse_nodes falling through to Element
Parsing element: p
Element::parse: Found closing tag sequence
Found closing tag: </p>  (expected </p>)
Element::parse: Found closing tag sequence
Found closing tag: </div>  (expected </div>)
DEBUG: process_styles called with 2 nodes
DEBUG: process_styles found style block
DEBUG: raw_css: '.card { border: 1px solid #eee; padding: 1rem; margin: 0.5rem; } .card_title { font-weight: bold; margin-bottom: 0.5rem; } '
DEBUG: extracted classes: {"card", "card_title"}
DEBUG: extracted ids: {}
DEBUG: scoped_css: '.card-s3121904d32405666 { border: 1px solid #eee; padding: 1rem; margin: 0.5rem; }.card_title-s3121904d32405666 { font-weight: bold; margin-bottom: 0.5rem; }'
DEBUG: bindings tokens: let card = "card-s3121904d32405666"; let card_title =
"card_title-s3121904d32405666";
DEBUG: process_styles called with 2 nodes
DEBUG: process_styles called with 1 nodes
DEBUG: process_styles called with 1 nodes
DEBUG: parse_nodes saw tag: style
DEBUG: Parsing <style> tag
DEBUG: parse_nodes saw tag: div
DEBUG: parse_nodes falling through to Element
Parsing element: div
DEBUG: parse_nodes saw tag: h2
DEBUG: parse_nodes falling through to Element
Parsing element: h2
Element::parse: Found closing tag sequence
Found closing tag: </h2>  (expected </h2>)
DEBUG: parse_nodes saw tag: div
DEBUG: parse_nodes falling through to Element
Parsing element: div
Element::parse: Found closing tag sequence
Found closing tag: </div>  (expected </div>)
Element::parse: Found closing tag sequence
Found closing tag: </div>  (expected </div>)
DEBUG: process_styles called with 2 nodes
DEBUG: process_styles found style block
DEBUG: raw_css: '.dashboard_container { display: grid; gap: 1rem; } .dashboard_title { font-size: 1.5rem; color: #2196f3; margin-bottom: 1rem; } '
DEBUG: extracted classes: {"dashboard_container", "dashboard_title"}
DEBUG: extracted ids: {}
DEBUG: scoped_css: '.dashboard_container-s5cb4e33ce82b6254 { display: grid; gap: 1rem; }.dashboard_title-s5cb4e33ce82b6254 { font-size: 1.5rem; color: #2196f3; margin-bottom: 1rem; }'
DEBUG: bindings tokens: let dashboard_container = "dashboard_container-s5cb4e33ce82b6254"; let
dashboard_title = "dashboard_title-s5cb4e33ce82b6254";
DEBUG: process_styles called with 2 nodes
DEBUG: process_styles called with 1 nodes
DEBUG: process_styles called with 3 nodes
DEBUG: parse_nodes saw tag: style
DEBUG: Parsing <style> tag
DEBUG: parse_nodes saw tag: div
DEBUG: parse_nodes falling through to Element
Parsing element: div
DEBUG: parse_nodes saw tag: div
DEBUG: parse_nodes falling through to Element
Parsing element: div
DEBUG: parse_nodes saw tag: h2
DEBUG: parse_nodes falling through to Element
Parsing element: h2
Element::parse: Found closing tag sequence
Found closing tag: </h2>  (expected </h2>)
DEBUG: parse_nodes saw tag: p
DEBUG: parse_nodes falling through to Element
Parsing element: p
Element::parse: Found closing tag sequence
Found closing tag: </p>  (expected </p>)
Element::parse: Found closing tag sequence
Found closing tag: </div>  (expected </div>)
DEBUG: parse_nodes saw tag: div
DEBUG: parse_nodes falling through to Element
Parsing element: div
DEBUG: parse_nodes saw tag: div
DEBUG: parse_nodes falling through to Element
Parsing element: div
Element::parse: Found closing tag sequence
Found closing tag: </div>  (expected </div>)
DEBUG: parse_nodes saw tag: div
DEBUG: parse_nodes falling through to Element
Parsing element: div
DEBUG: parse_nodes saw tag: h3
DEBUG: parse_nodes falling through to Element
Parsing element: h3
Element::parse: Found closing tag sequence
Found closing tag: </h3>  (expected </h3>)
Element::parse: Found closing tag sequence
Found closing tag: </div>  (expected </div>)
Element::parse: Found closing tag sequence
Found closing tag: </div>  (expected </div>)
Element::parse: Found closing tag sequence
Found closing tag: </div>  (expected </div>)
DEBUG: process_styles called with 2 nodes
DEBUG: process_styles found style block
DEBUG: raw_css: '.layout_container { display: grid; gap: 1rem; } .header_section { background: #f0f0f0; padding: 1rem; } .main_section { display: grid; grid-template-columns: 2fr1fr; gap: 1rem; } .sidebar { background: #f9f9f9; padding: 1rem; } '
DEBUG: extracted classes: {"layout_container", "sidebar", "header_section", "main_section"}
DEBUG: extracted ids: {}
DEBUG: scoped_css: '.layout_container-sf7f2037aa992b0f7 { display: grid; gap: 1rem; }.header_section-sf7f2037aa992b0f7 { background: #f0f0f0; padding: 1rem; }.main_section-sf7f2037aa992b0f7 { display: grid; grid-template-columns: 2fr1fr; gap: 1rem; }.sidebar-sf7f2037aa992b0f7 { background: #f9f9f9; padding: 1rem; }'
DEBUG: bindings tokens: let layout_container = "layout_container-sf7f2037aa992b0f7"; let sidebar =
"sidebar-sf7f2037aa992b0f7"; let header_section =
"header_section-sf7f2037aa992b0f7"; let main_section =
"main_section-sf7f2037aa992b0f7";
DEBUG: process_styles called with 2 nodes
DEBUG: process_styles called with 2 nodes
DEBUG: process_styles called with 1 nodes
DEBUG: process_styles called with 1 nodes
DEBUG: process_styles called with 2 nodes
DEBUG: process_styles called with 2 nodes
DEBUG: process_styles called with 2 nodes
DEBUG: process_styles called with 1 nodes
DEBUG: parse_nodes saw tag: style
DEBUG: Parsing <style> tag
DEBUG: parse_nodes saw tag: div
DEBUG: parse_nodes falling through to Element
Parsing element: div
DEBUG: parse_nodes saw tag: header
DEBUG: parse_nodes falling through to Element
Parsing element: header
DEBUG: parse_nodes saw tag: h1
DEBUG: parse_nodes falling through to Element
Parsing element: h1
Element::parse: Found closing tag sequence
Found closing tag: </h1>  (expected </h1>)
DEBUG: parse_nodes saw tag: p
DEBUG: parse_nodes falling through to Element
Parsing element: p
Element::parse: Found closing tag sequence
Found closing tag: </p>  (expected </p>)
Element::parse: Found closing tag sequence
Found closing tag: </header>  (expected </header>)
DEBUG: parse_nodes saw tag: section
DEBUG: parse_nodes falling through to Element
Parsing element: section
DEBUG: parse_nodes saw tag: h2
DEBUG: parse_nodes falling through to Element
Parsing element: h2
Element::parse: Found closing tag sequence
Found closing tag: </h2>  (expected </h2>)
DEBUG: parse_nodes saw tag: ul
DEBUG: parse_nodes falling through to Element
Parsing element: ul
DEBUG: parse_nodes saw tag: li
DEBUG: parse_nodes falling through to Element
Parsing element: li
Element::parse: Found closing tag sequence
Found closing tag: </li>  (expected </li>)
DEBUG: parse_nodes saw tag: li
DEBUG: parse_nodes falling through to Element
Parsing element: li
Element::parse: Found closing tag sequence
Found closing tag: </li>  (expected </li>)
DEBUG: parse_nodes saw tag: li
DEBUG: parse_nodes falling through to Element
Parsing element: li
Element::parse: Found closing tag sequence
Found closing tag: </li>  (expected </li>)
DEBUG: parse_nodes saw tag: li
DEBUG: parse_nodes falling through to Element
Parsing element: li
Element::parse: Found closing tag sequence
Found closing tag: </li>  (expected </li>)
DEBUG: parse_nodes saw tag: li
DEBUG: parse_nodes falling through to Element
Parsing element: li
Element::parse: Found closing tag sequence
Found closing tag: </li>  (expected </li>)
Element::parse: Found closing tag sequence
Found closing tag: </ul>  (expected </ul>)
Element::parse: Found closing tag sequence
Found closing tag: </section>  (expected </section>)
DEBUG: parse_nodes saw tag: section
DEBUG: parse_nodes falling through to Element
Parsing element: section
DEBUG: parse_nodes saw tag: div
DEBUG: parse_nodes falling through to Element
Parsing element: div
Element::parse: Found closing tag sequence
Found closing tag: </div>  (expected </div>)
DEBUG: parse_nodes saw tag: div
DEBUG: parse_nodes falling through to Element
Parsing element: div
Element::parse: Found closing tag sequence
Found closing tag: </div>  (expected </div>)
Element::parse: Found closing tag sequence
Found closing tag: </section>  (expected </section>)
Element::parse: Found closing tag sequence
Found closing tag: </div>  (expected </div>)
DEBUG: process_styles called with 2 nodes
DEBUG: process_styles found style block
DEBUG: raw_css: '.container { padding: 20px; } .header { text-align: center; margin-bottom: 30px; } .main_title { font-size: 32px; color: #333; } .subtitle { font-size: 18px; color: #666; } .key_points { background: #f9f9f9; padding: 20px; border-radius: 8px; margin-bottom: 30px; } .section_title { font-size: 20px; margin-bottom: 15px; } .points_list { list-style: none; padding: 0; } .point { margin-bottom: 10px; } .examples { display: grid; gap: 20px; } .example_card { border: 1px solid #ddd; padding: 20px; border-radius: 8px; } '
DEBUG: extracted classes: {"examples", "main_title", "section_title", "points_list", "container", "subtitle", "example_card", "key_points", "header", "point"}
DEBUG: extracted ids: {}
DEBUG: scoped_css: '.container-s5e01d6a09ae0fa76 { padding: 20px; }.header-s5e01d6a09ae0fa76 { text-align: center; margin-bottom: 30px; }.main_title-s5e01d6a09ae0fa76 { font-size: 32px; color: #333; }.subtitle-s5e01d6a09ae0fa76 { font-size: 18px; color: #666; }.key_points-s5e01d6a09ae0fa76 { background: #f9f9f9; padding: 20px; border-radius: 8px; margin-bottom: 30px; }.section_title-s5e01d6a09ae0fa76 { font-size: 20px; margin-bottom: 15px; }.points_list-s5e01d6a09ae0fa76 { list-style: none; padding: 0; }.point-s5e01d6a09ae0fa76 { margin-bottom: 10px; }.examples-s5e01d6a09ae0fa76 { display: grid; gap: 20px; }.example_card-s5e01d6a09ae0fa76 { border: 1px solid #ddd; padding: 20px; border-radius: 8px; }'
DEBUG: bindings tokens: let examples = "examples-s5e01d6a09ae0fa76"; let main_title =
"main_title-s5e01d6a09ae0fa76"; let section_title =
"section_title-s5e01d6a09ae0fa76"; let points_list =
"points_list-s5e01d6a09ae0fa76"; let container =
"container-s5e01d6a09ae0fa76"; let subtitle = "subtitle-s5e01d6a09ae0fa76";
let example_card = "example_card-s5e01d6a09ae0fa76"; let key_points =
"key_points-s5e01d6a09ae0fa76"; let header = "header-s5e01d6a09ae0fa76"; let
point = "point-s5e01d6a09ae0fa76";
DEBUG: process_styles called with 3 nodes
DEBUG: process_styles called with 2 nodes
DEBUG: process_styles called with 1 nodes
DEBUG: process_styles called with 1 nodes
DEBUG: process_styles called with 2 nodes
DEBUG: process_styles called with 1 nodes
DEBUG: process_styles called with 5 nodes
DEBUG: process_styles called with 1 nodes
DEBUG: process_styles called with 1 nodes
DEBUG: process_styles called with 1 nodes
DEBUG: process_styles called with 1 nodes
DEBUG: process_styles called with 1 nodes
DEBUG: process_styles called with 2 nodes
DEBUG: process_styles called with 1 nodes
DEBUG: process_styles called with 1 nodes
DEBUG: parse_nodes saw tag: style
DEBUG: Parsing <style> tag
DEBUG: parse_nodes saw tag: div
DEBUG: parse_nodes falling through to Element
Parsing element: div
DEBUG: parse_nodes saw tag: div
DEBUG: parse_nodes falling through to Element
Parsing element: div
Element::parse: Found closing tag sequence
Found closing tag: </div>  (expected </div>)
DEBUG: parse_nodes saw tag: button
DEBUG: parse_nodes falling through to Element
Parsing element: button
Element::parse: Found closing tag sequence
Found closing tag: </button>  (expected </button>)
DEBUG: parse_nodes saw tag: div
DEBUG: parse_nodes falling through to Element
Parsing element: div
Element::parse: Found closing tag sequence
Found closing tag: </div>  (expected </div>)
Element::parse: Found closing tag sequence
Found closing tag: </div>  (expected </div>)
DEBUG: process_styles called with 2 nodes
DEBUG: process_styles found style block
DEBUG: validate_css_value checking 'white' for property 'color'. contains space? false
DEBUG: validate_css_value checking 'white' for property 'color'. contains space? false
DEBUG: raw_css: '.counter { padding: 2rem; text-align: center; border: 1px solid #eee; } .count_display { font-size: 3rem; margin: 1rem 0; } .counter_button { padding: 1rem 2rem; background: #4caf50; color: white; border: none; cursor: pointer; } .timestamp { font-size: 0.8rem; color: #666; } #counter_box { display: block; } '
DEBUG: extracted classes: {"counter", "timestamp", "counter_button", "count_display"}
DEBUG: extracted ids: {"counter_box"}
DEBUG: scoped_css: '.counter-s28071be682cd1d60 { padding: 2rem; text-align: center; border: 1px solid #eee; }.count_display-s28071be682cd1d60 { font-size: 3rem; margin: 1rem 0; }.counter_button-s28071be682cd1d60 { padding: 1rem 2rem; background: #4caf50; color: white; border: none; cursor: pointer; }.timestamp-s28071be682cd1d60 { font-size: 0.8rem; color: #666; }#counter_box { display: block; }'
DEBUG: bindings tokens: let counter = "counter-s28071be682cd1d60"; let timestamp =
"timestamp-s28071be682cd1d60"; let counter_button =
"counter_button-s28071be682cd1d60"; let count_display =
"count_display-s28071be682cd1d60"; let counter_box = "counter_box";
DEBUG: process_styles called with 3 nodes
DEBUG: process_styles called with 1 nodes
DEBUG: process_styles called with 1 nodes
DEBUG: process_styles called with 1 nodes
DEBUG: validate_css_value checking 'white' for property 'color'. contains space? false
DEBUG: parse_nodes saw tag: style
DEBUG: Parsing <style> tag
DEBUG: parse_nodes saw tag: div
DEBUG: parse_nodes falling through to Element
Parsing element: div
DEBUG: parse_nodes saw tag: h3
DEBUG: parse_nodes falling through to Element
Parsing element: h3
Element::parse: Found closing tag sequence
Found closing tag: </h3>  (expected </h3>)
DEBUG: parse_nodes saw tag: div
DEBUG: parse_nodes falling through to Element
Parsing element: div
DEBUG: parse_nodes saw tag: p
DEBUG: parse_nodes falling through to Element
Parsing element: p
Element::parse: Found closing tag sequence
Found closing tag: </p>  (expected </p>)
DEBUG: parse_nodes saw tag: p
DEBUG: parse_nodes falling through to Element
Parsing element: p
Element::parse: Found closing tag sequence
Found closing tag: </p>  (expected </p>)
Element::parse: Found closing tag sequence
Found closing tag: </div>  (expected </div>)
DEBUG: parse_nodes saw tag: button
DEBUG: parse_nodes falling through to Element
Parsing element: button
Element::parse: Found closing tag sequence
Found closing tag: </button>  (expected </button>)
Element::parse: Found closing tag sequence
Found closing tag: </div>  (expected </div>)
DEBUG: process_styles called with 2 nodes
DEBUG: process_styles found style block
DEBUG: validate_css_value checking 'white' for property 'background'. contains space? false
DEBUG: validate_css_value checking 'white' for property 'color'. contains space? false
DEBUG: validate_css_value checking 'white' for property 'background'. contains space? false
DEBUG: validate_css_value checking 'white' for property 'color'. contains space? false
DEBUG: raw_css: '.state_container { padding: 1.5rem; background: #f9f9f9; } .state_info { margin: 0.5rem 0; padding: 0.5rem; background: white; } .action_button { padding: 0.75rem 1.5rem; background: #2196f3; color: white; border: none; cursor: pointer; } #state_box { display: block; } '
DEBUG: extracted classes: {"action_button", "state_container", "state_info"}
DEBUG: extracted ids: {"state_box"}
DEBUG: scoped_css: '.state_container-s5462d2a325a7b2b3 { padding: 1.5rem; background: #f9f9f9; }.state_info-s5462d2a325a7b2b3 { margin: 0.5rem 0; padding: 0.5rem; background: white; }.action_button-s5462d2a325a7b2b3 { padding: 0.75rem 1.5rem; background: #2196f3; color: white; border: none; cursor: pointer; }#state_box { display: block; }'
DEBUG: bindings tokens: let action_button = "action_button-s5462d2a325a7b2b3"; let state_container =
"state_container-s5462d2a325a7b2b3"; let state_info =
"state_info-s5462d2a325a7b2b3"; let state_box = "state_box";
DEBUG: process_styles called with 3 nodes
DEBUG: process_styles called with 1 nodes
DEBUG: process_styles called with 2 nodes
DEBUG: process_styles called with 2 nodes
DEBUG: process_styles called with 2 nodes
DEBUG: process_styles called with 1 nodes
DEBUG: validate_css_value checking 'white' for property 'background'. contains space? false
DEBUG: validate_css_value checking 'white' for property 'color'. contains space? false
DEBUG: parse_nodes saw tag: style
DEBUG: Parsing <style> tag
DEBUG: parse_nodes saw tag: div
DEBUG: parse_nodes falling through to Element
Parsing element: div
DEBUG: parse_nodes saw tag: h3
DEBUG: parse_nodes falling through to Element
Parsing element: h3
Element::parse: Found closing tag sequence
Found closing tag: </h3>  (expected </h3>)
DEBUG: parse_nodes saw tag: div
DEBUG: parse_nodes falling through to Element
Parsing element: div
DEBUG: parse_nodes saw tag: p
DEBUG: parse_nodes falling through to Element
Parsing element: p
Element::parse: Found closing tag sequence
Found closing tag: </p>  (expected </p>)
DEBUG: parse_nodes saw tag: p
DEBUG: parse_nodes falling through to Element
Parsing element: p
Element::parse: Found closing tag sequence
Found closing tag: </p>  (expected </p>)
Element::parse: Found closing tag sequence
Found closing tag: </div>  (expected </div>)
DEBUG: parse_nodes saw tag: button
DEBUG: parse_nodes falling through to Element
Parsing element: button
Element::parse: Found closing tag sequence
Found closing tag: </button>  (expected </button>)
Element::parse: Found closing tag sequence
Found closing tag: </div>  (expected </div>)
DEBUG: process_styles called with 2 nodes
DEBUG: process_styles found style block
DEBUG: validate_css_value checking 'white' for property 'color'. contains space? false
DEBUG: validate_css_value checking 'white' for property 'color'. contains space? false
DEBUG: raw_css: '.composition_container { padding: 1.5rem; } .action_card { margin: 0.5rem 0; padding: 1rem; background: #f5f5f5; border: 1px solid #eee; } .compose_button { padding: 0.75rem 1.5rem; background: #ff4081; color: white; border: none; cursor: pointer; } #composition_box { display: block; } '
DEBUG: extracted classes: {"compose_button", "composition_container", "action_card"}
DEBUG: extracted ids: {"composition_box"}
DEBUG: scoped_css: '.composition_container-s371347bc06ea7afe { padding: 1.5rem; }.action_card-s371347bc06ea7afe { margin: 0.5rem 0; padding: 1rem; background: #f5f5f5; border: 1px solid #eee; }.compose_button-s371347bc06ea7afe { padding: 0.75rem 1.5rem; background: #ff4081; color: white; border: none; cursor: pointer; }#composition_box { display: block; }'
DEBUG: bindings tokens: let compose_button = "compose_button-s371347bc06ea7afe"; let
composition_container = "composition_container-s371347bc06ea7afe"; let
action_card = "action_card-s371347bc06ea7afe"; let composition_box =
"composition_box";
DEBUG: process_styles called with 3 nodes
DEBUG: process_styles called with 1 nodes
DEBUG: process_styles called with 2 nodes
DEBUG: process_styles called with 2 nodes
DEBUG: process_styles called with 2 nodes
DEBUG: process_styles called with 1 nodes
DEBUG: validate_css_value checking 'white' for property 'color'. contains space? false
DEBUG: parse_nodes saw tag: style
DEBUG: Parsing <style> tag
DEBUG: parse_nodes saw tag: div
DEBUG: parse_nodes falling through to Element
Parsing element: div
DEBUG: parse_nodes saw tag: h2
DEBUG: parse_nodes falling through to Element
Parsing element: h2
Element::parse: Found closing tag sequence
Found closing tag: </h2>  (expected </h2>)
DEBUG: parse_nodes saw tag: div
DEBUG: parse_nodes falling through to Element
Parsing element: div
Element::parse: Found closing tag sequence
Found closing tag: </div>  (expected </div>)
DEBUG: parse_nodes saw tag: div
DEBUG: parse_nodes falling through to Element
Parsing element: div
Element::parse: Found closing tag sequence
Found closing tag: </div>  (expected </div>)
DEBUG: parse_nodes saw tag: div
DEBUG: parse_nodes falling through to Element
Parsing element: div
DEBUG: parse_nodes saw tag: button
DEBUG: parse_nodes falling through to Element
Parsing element: button
Element::parse: Found closing tag sequence
Found closing tag: </button>  (expected </button>)
DEBUG: parse_nodes saw tag: button
DEBUG: parse_nodes falling through to Element
Parsing element: button
Element::parse: Found closing tag sequence
Found closing tag: </button>  (expected </button>)
Element::parse: Found closing tag sequence
Found closing tag: </div>  (expected </div>)
DEBUG: parse_nodes saw tag: p
DEBUG: parse_nodes falling through to Element
Parsing element: p
Element::parse: Found closing tag sequence
Found closing tag: </p>  (expected </p>)
Element::parse: Found closing tag sequence
Found closing tag: </div>  (expected </div>)
DEBUG: process_styles called with 2 nodes
DEBUG: process_styles found style block
DEBUG: validate_css_value checking 'white' for property 'color'. contains space? false
DEBUG: validate_css_value checking 'white' for property 'color'. contains space? false
DEBUG: validate_css_value checking 'white' for property 'color'. contains space? false
DEBUG: validate_css_value checking 'white' for property 'color'. contains space? false
DEBUG: raw_css: '.live_container { padding: 2rem; text-align: center; border: 2px solid #4caf50; border-radius: 8px; } .live_title { font-size: 1.5rem; color: #333; margin-bottom: 1rem; } .live_count { font-size: 3rem; font-weight: bold; color: #4caf50; } .live_status { font-size: 1rem; color: #666; margin: 1rem 0; } .live_button { padding: 0.75rem 1.5rem; margin: 0.5rem; border: none; border-radius: 4px; cursor: pointer; font-size: 1rem; } .toggle_btn { background: #2196f3; color: white; } .deactivate_btn { background: #ff5722; color: white; } #live_demo { display: block; } '
DEBUG: extracted classes: {"live_status", "live_title", "live_container", "live_count", "deactivate_btn", "toggle_btn", "live_button"}
DEBUG: extracted ids: {"live_demo"}
DEBUG: scoped_css: '.live_container-s4e9c701829147fa1 { padding: 2rem; text-align: center; border: 2px solid #4caf50; border-radius: 8px; }.live_title-s4e9c701829147fa1 { font-size: 1.5rem; color: #333; margin-bottom: 1rem; }.live_count-s4e9c701829147fa1 { font-size: 3rem; font-weight: bold; color: #4caf50; }.live_status-s4e9c701829147fa1 { font-size: 1rem; color: #666; margin: 1rem 0; }.live_button-s4e9c701829147fa1 { padding: 0.75rem 1.5rem; margin: 0.5rem; border: none; border-radius: 4px; cursor: pointer; font-size: 1rem; }.toggle_btn-s4e9c701829147fa1 { background: #2196f3; color: white; }.deactivate_btn-s4e9c701829147fa1 { background: #ff5722; color: white; }#live_demo { display: block; }'
DEBUG: bindings tokens: let live_status = "live_status-s4e9c701829147fa1"; let live_title =
"live_title-s4e9c701829147fa1"; let live_container =
"live_container-s4e9c701829147fa1"; let live_count =
"live_count-s4e9c701829147fa1"; let deactivate_btn =
"deactivate_btn-s4e9c701829147fa1"; let toggle_btn =
"toggle_btn-s4e9c701829147fa1"; let live_button =
"live_button-s4e9c701829147fa1"; let live_demo = "live_demo";
DEBUG: process_styles called with 5 nodes
DEBUG: process_styles called with 1 nodes
DEBUG: process_styles called with 1 nodes
DEBUG: process_styles called with 2 nodes
DEBUG: process_styles called with 2 nodes
DEBUG: process_styles called with 1 nodes
DEBUG: process_styles called with 1 nodes
DEBUG: process_styles called with 1 nodes
DEBUG: validate_css_value checking 'white' for property 'color'. contains space? false
DEBUG: validate_css_value checking 'white' for property 'color'. contains space? false
DEBUG: parse_nodes saw tag: script
DEBUG: parse_nodes falling through to Element
Parsing element: script
parse_script_content starting for tag: script
Found closing tag: </script>
Element::parse: Found closing tag sequence
Found closing tag: </script>  (expected </script>)
DEBUG: parse_nodes saw tag: style
DEBUG: Parsing <style> tag
DEBUG: parse_nodes saw tag: div
DEBUG: parse_nodes falling through to Element
Parsing element: div
DEBUG: parse_nodes saw tag: h1
DEBUG: parse_nodes falling through to Element
Parsing element: h1
Element::parse: Found closing tag sequence
Found closing tag: </h1>  (expected </h1>)
DEBUG: parse_nodes saw tag: div
DEBUG: parse_nodes falling through to Element
Parsing element: div
DEBUG: parse_nodes saw tag: h2
DEBUG: parse_nodes falling through to Element
Parsing element: h2
Element::parse: Found closing tag sequence
Found closing tag: </h2>  (expected </h2>)
DEBUG: parse_nodes saw tag: p
DEBUG: parse_nodes falling through to Element
Parsing element: p
DEBUG: parse_nodes saw tag: span
DEBUG: parse_nodes falling through to Element
Parsing element: span
Element::parse: Found closing tag sequence
Found closing tag: </span>  (expected </span>)
Element::parse: Found closing tag sequence
Found closing tag: </p>  (expected </p>)
DEBUG: parse_nodes saw tag: button
DEBUG: parse_nodes falling through to Element
Parsing element: button
Element::parse: Found closing tag sequence
Found closing tag: </button>  (expected </button>)
Element::parse: Found closing tag sequence
Found closing tag: </div>  (expected </div>)
DEBUG: parse_nodes saw tag: hr
DEBUG: parse_nodes falling through to Element
Parsing element: hr
Element::parse: Found closing tag sequence
Found closing tag: </div>  (expected </div>)
DEBUG: process_styles called with 3 nodes
DEBUG: process_styles called with 0 nodes
DEBUG: process_styles found style block
DEBUG: validate_css_value checking 'white' for property 'color'. contains space? false
DEBUG: validate_css_value checking 'white' for property 'color'. contains space? false
DEBUG: raw_css: '.demo_container { padding: 2rem; border: 1px solid #ccc; border-radius: 8px; max-width: 600px; margin: 0 auto; } .btn { padding: 0.5rem 1rem; border: none; border-radius: 4px; cursor: pointer; background: #eee; } .btn.liked { background: #ff4081; color: white; } #likebox { margin-top: 2rem; } '
DEBUG: extracted classes: {"btn", "liked", "demo_container"}
DEBUG: extracted ids: {"likebox"}
DEBUG: scoped_css: '.demo_container-sade0549c9a597a72 { padding: 2rem; border: 1px solid #ccc; border-radius: 8px; max-width: 600px; margin: 0 auto; }.btn-sade0549c9a597a72 { padding: 0.5rem 1rem; border: none; border-radius: 4px; cursor: pointer; background: #eee; }.btn-sade0549c9a597a72.liked-sade0549c9a597a72 { background: #ff4081; color: white; }#likebox { margin-top: 2rem; }'
DEBUG: bindings tokens: let btn = "btn-sade0549c9a597a72"; let liked = "liked-sade0549c9a597a72"; let
demo_container = "demo_container-sade0549c9a597a72"; let likebox = "likebox";
DEBUG: process_styles called with 4 nodes
DEBUG: process_styles called with 1 nodes
DEBUG: process_styles called with 3 nodes
DEBUG: process_styles called with 1 nodes
DEBUG: process_styles called with 2 nodes
DEBUG: process_styles called with 1 nodes
DEBUG: process_styles called with 1 nodes
DEBUG: process_styles called with 0 nodes
DEBUG: validate_css_value checking 'white' for property 'color'. contains space? false
DEBUG: parse_nodes saw tag: form
DEBUG: parse_nodes falling through to Element
Parsing element: form
DEBUG: parse_nodes saw tag: input
DEBUG: parse_nodes falling through to Element
Parsing element: input
DEBUG: parse_nodes saw tag: input
DEBUG: parse_nodes falling through to Element
Parsing element: input
DEBUG: parse_nodes saw tag: button
DEBUG: parse_nodes falling through to Element
Parsing element: button
Element::parse: Found closing tag sequence
Found closing tag: </button>  (expected </button>)
Element::parse: Found closing tag sequence
Found closing tag: </form>  (expected </form>)
DEBUG: process_styles called with 1 nodes
DEBUG: process_styles called with 3 nodes
DEBUG: process_styles called with 0 nodes
DEBUG: process_styles called with 0 nodes
DEBUG: process_styles called with 1 nodes
DEBUG: parse_nodes saw tag: style
DEBUG: Parsing <style> tag
DEBUG: parse_nodes saw tag: style
DEBUG: Parsing <style> tag
DEBUG: parse_nodes saw tag: div
DEBUG: parse_nodes falling through to Element
Parsing element: div
DEBUG: parse_nodes saw tag: h1
DEBUG: parse_nodes falling through to Element
Parsing element: h1
Element::parse: Found closing tag sequence
Found closing tag: </h1>  (expected </h1>)
DEBUG: parse_nodes saw tag: p
DEBUG: parse_nodes falling through to Element
Parsing element: p
Element::parse: Found closing tag sequence
Found closing tag: </p>  (expected </p>)
DEBUG: parse_nodes saw tag: p
DEBUG: parse_nodes falling through to Element
Parsing element: p
Element::parse: Found closing tag sequence
Found closing tag: </p>  (expected </p>)
Element::parse: Found closing tag sequence
Found closing tag: </div>  (expected </div>)
DEBUG: process_styles called with 3 nodes
DEBUG: process_styles found style block
DEBUG GLOBAL: input tokens: body { margin: "0"; padding: "0"; font-family: "Arial, sans-serif"; } *
{ box-sizing: "border-box"; }
DEBUG GLOBAL: Parse SUCCESS
DEBUG GLOBAL: number of parsed rules: 2, at_rules: 0
DEBUG GLOBAL: raw_css: 'body { margin: 0; padding: 0; font-family: Arial, sans-serif; } * { box-sizing: border-box; } '
DEBUG GLOBAL: extracted classes: {}
DEBUG GLOBAL: extracted ids: {}
DEBUG GLOBAL: bindings tokens: 
DEBUG: process_styles found style block
DEBUG: raw_css: '.scoped_box { padding: 20px; background: #f0f0f0; border: 1px solid #ccc; } '
DEBUG: extracted classes: {"scoped_box"}
DEBUG: extracted ids: {}
DEBUG: scoped_css: '.scoped_box-s1bd91bcafcbfe35d { padding: 20px; background: #f0f0f0; border: 1px solid #ccc; }'
DEBUG: bindings tokens: let scoped_box = "scoped_box-s1bd91bcafcbfe35d";
DEBUG: process_styles called with 3 nodes
DEBUG: process_styles called with 1 nodes
DEBUG: process_styles called with 1 nodes
DEBUG: process_styles called with 1 nodes
DEBUG: parse_nodes saw tag: div
DEBUG: parse_nodes falling through to Element
Parsing element: div
DEBUG: parse_nodes saw tag: h3
DEBUG: parse_nodes falling through to Element
Parsing element: h3
Element::parse: Found closing tag sequence
Found closing tag: </h3>  (expected </h3>)
DEBUG: parse_nodes saw tag: p
DEBUG: parse_nodes falling through to Element
Parsing element: p
DEBUG: parse_nodes saw tag: span
DEBUG: parse_nodes falling through to Element
Parsing element: span
Element::parse: Found closing tag sequence
Found closing tag: </span>  (expected </span>)
Element::parse: Found closing tag sequence
Found closing tag: </p>  (expected </p>)
DEBUG: parse_nodes saw tag: p
DEBUG: parse_nodes falling through to Element
Parsing element: p
DEBUG: parse_nodes saw tag: span
DEBUG: parse_nodes falling through to Element
Parsing element: span
Element::parse: Found closing tag sequence
Found closing tag: </span>  (expected </span>)
Element::parse: Found closing tag sequence
Found closing tag: </p>  (expected </p>)
DEBUG: parse_nodes saw tag: button
DEBUG: parse_nodes falling through to Element
Parsing element: button
Element::parse: Found closing tag sequence
Found closing tag: </button>  (expected </button>)
DEBUG: parse_nodes saw tag: button
DEBUG: parse_nodes falling through to Element
Parsing element: button
Element::parse: Found closing tag sequence
Found closing tag: </button>  (expected </button>)
DEBUG: parse_nodes saw tag: style
DEBUG: Parsing <style> tag
Element::parse: Found closing tag sequence
Found closing tag: </div>  (expected </div>)
DEBUG: process_styles called with 1 nodes
DEBUG: process_styles called with 6 nodes
DEBUG: process_styles called with 1 nodes
DEBUG: process_styles called with 2 nodes
DEBUG: process_styles called with 1 nodes
DEBUG: process_styles called with 2 nodes
DEBUG: process_styles called with 1 nodes
DEBUG: process_styles called with 1 nodes
DEBUG: process_styles called with 1 nodes
DEBUG: process_styles found style block
DEBUG: raw_css: '.counter_box { border: 1px solid #ccc; padding: 1em; border-radius: 8px; } '
DEBUG: extracted classes: {"counter_box"}
DEBUG: extracted ids: {}
DEBUG: scoped_css: '.counter_box-s6b387adbad493246 { border: 1px solid #ccc; padding: 1em; border-radius: 8px; }'
DEBUG: bindings tokens: let counter_box = "counter_box-s6b387adbad493246";
DEBUG: parse_nodes saw tag: style
DEBUG: Parsing <style> tag
DEBUG: parse_nodes saw tag: div
DEBUG: parse_nodes falling through to Element
Parsing element: div
DEBUG: parse_nodes saw tag: h1
DEBUG: parse_nodes falling through to Element
Parsing element: h1
Element::parse: Found closing tag sequence
Found closing tag: </h1>  (expected </h1>)
DEBUG: parse_nodes saw tag: h2
DEBUG: parse_nodes falling through to Element
Parsing element: h2
Element::parse: Found closing tag sequence
Found closing tag: </h2>  (expected </h2>)
DEBUG: parse_nodes saw tag: p
DEBUG: parse_nodes falling through to Element
Parsing element: p
Element::parse: Found closing tag sequence
Found closing tag: </p>  (expected </p>)
Element::parse: Found closing tag sequence
Found closing tag: </div>  (expected </div>)
DEBUG: process_styles called with 2 nodes
DEBUG: process_styles found style block
DEBUG: raw_css: '.basic_container { background-color: #f5f5f5; padding: 20px; border-radius: 8px; box-shadow: 0 2px 4px rgba(0, 0, 0, 0.1); } .basic_h1 { color: #333; font-size: 1.5em; font-weight: bold; } .basic_h2 { color: #666; font-size: 1.2em; } .basic_p { color: #999; font-size: 1em; } '
DEBUG: extracted classes: {"basic_h1", "basic_h2", "basic_p", "basic_container"}
DEBUG: extracted ids: {}
DEBUG: scoped_css: '.basic_container-s43b13c3ec185bfb4 { background-color: #f5f5f5; padding: 20px; border-radius: 8px; box-shadow: 0 2px 4px rgba(0, 0, 0, 0.1); }.basic_h1-s43b13c3ec185bfb4 { color: #333; font-size: 1.5em; font-weight: bold; }.basic_h2-s43b13c3ec185bfb4 { color: #666; font-size: 1.2em; }.basic_p-s43b13c3ec185bfb4 { color: #999; font-size: 1em; }'
DEBUG: bindings tokens: let basic_h1 = "basic_h1-s43b13c3ec185bfb4"; let basic_h2 =
"basic_h2-s43b13c3ec185bfb4"; let basic_p = "basic_p-s43b13c3ec185bfb4"; let
basic_container = "basic_container-s43b13c3ec185bfb4";
DEBUG: process_styles called with 3 nodes
DEBUG: process_styles called with 1 nodes
DEBUG: process_styles called with 1 nodes
DEBUG: process_styles called with 1 nodes
DEBUG: parse_nodes saw tag: style
DEBUG: Parsing <style> tag
DEBUG: parse_nodes saw tag: div
DEBUG: parse_nodes falling through to Element
Parsing element: div
DEBUG: parse_nodes saw tag: h1
DEBUG: parse_nodes falling through to Element
Parsing element: h1
Element::parse: Found closing tag sequence
Found closing tag: </h1>  (expected </h1>)
DEBUG: parse_nodes saw tag: h2
DEBUG: parse_nodes falling through to Element
Parsing element: h2
Element::parse: Found closing tag sequence
Found closing tag: </h2>  (expected </h2>)
Element::parse: Found closing tag sequence
Found closing tag: </div>  (expected </div>)
DEBUG: process_styles called with 2 nodes
DEBUG: process_styles found style block
DEBUG: raw_css: '.hello_container { background-color: #f5f5f5; padding: 20px; border-radius: 8px; box-shadow: 0 2px 4px rgba(0, 0, 0, 0.1); } .hello_title { color: #333; font-size: 1.5em; font-weight: bold; } '
DEBUG: extracted classes: {"hello_title", "hello_container"}
DEBUG: extracted ids: {}
DEBUG: scoped_css: '.hello_container-s25c9e2da54598fdc { background-color: #f5f5f5; padding: 20px; border-radius: 8px; box-shadow: 0 2px 4px rgba(0, 0, 0, 0.1); }.hello_title-s25c9e2da54598fdc { color: #333; font-size: 1.5em; font-weight: bold; }'
DEBUG: bindings tokens: let hello_title = "hello_title-s25c9e2da54598fdc"; let hello_container =
"hello_container-s25c9e2da54598fdc";
DEBUG: process_styles called with 2 nodes
DEBUG: process_styles called with 1 nodes
DEBUG: process_styles called with 1 nodes
DEBUG: parse_nodes saw tag: div
DEBUG: parse_nodes falling through to Element
Parsing element: div
DEBUG: parse_nodes saw tag: img
DEBUG: parse_nodes falling through to Element
Parsing element: img
DEBUG: parse_nodes saw tag: img
DEBUG: parse_nodes falling through to Element
Parsing element: img
DEBUG: parse_nodes saw tag: input
DEBUG: parse_nodes falling through to Element
Parsing element: input
DEBUG: parse_nodes saw tag: input
DEBUG: parse_nodes falling through to Element
Parsing element: input
DEBUG: parse_nodes saw tag: button
DEBUG: parse_nodes falling through to Element
Parsing element: button
Element::parse: Found closing tag sequence
Found closing tag: </button>  (expected </button>)
DEBUG: parse_nodes saw tag: button
DEBUG: parse_nodes falling through to Element
Parsing element: button
Element::parse: Found closing tag sequence
Found closing tag: </button>  (expected </button>)
DEBUG: parse_nodes saw tag: div
DEBUG: parse_nodes falling through to Element
Parsing element: div
Element::parse: Found closing tag sequence
Found closing tag: </div>  (expected </div>)
DEBUG: parse_nodes saw tag: div
DEBUG: parse_nodes falling through to Element
Parsing element: div
Element::parse: Found closing tag sequence
Found closing tag: </div>  (expected </div>)
Element::parse: Found closing tag sequence
Found closing tag: </div>  (expected </div>)
DEBUG: process_styles called with 1 nodes
DEBUG: process_styles called with 8 nodes
DEBUG: process_styles called with 0 nodes
DEBUG: process_styles called with 0 nodes
DEBUG: process_styles called with 0 nodes
DEBUG: process_styles called with 0 nodes
DEBUG: process_styles called with 1 nodes
DEBUG: process_styles called with 1 nodes
DEBUG: process_styles called with 1 nodes
DEBUG: process_styles called with 1 nodes
DEBUG: parse_nodes saw tag: script
DEBUG: parse_nodes falling through to Element
Parsing element: script
parse_script_content starting for tag: script
Found closing tag: </script>
Element::parse: Found closing tag sequence
Found closing tag: </script>  (expected </script>)
DEBUG: parse_nodes saw tag: style
DEBUG: Parsing <style> tag
DEBUG: parse_nodes saw tag: div
DEBUG: parse_nodes falling through to Element
Parsing element: div
DEBUG: parse_nodes saw tag: h1
DEBUG: parse_nodes falling through to Element
Parsing element: h1
Element::parse: Found closing tag sequence
Found closing tag: </h1>  (expected </h1>)
DEBUG: parse_nodes saw tag: p
DEBUG: parse_nodes falling through to Element
Parsing element: p
Element::parse: Found closing tag sequence
Found closing tag: </p>  (expected </p>)
DEBUG: parse_nodes saw tag: div
DEBUG: parse_nodes falling through to Element
Parsing element: div
DEBUG: parse_nodes saw tag: pre
DEBUG: parse_nodes falling through to Element
Parsing element: pre
Element::parse: Found closing tag sequence
Found closing tag: </pre>  (expected </pre>)
Element::parse: Found closing tag sequence
Found closing tag: </div>  (expected </div>)
Element::parse: Found closing tag sequence
Found closing tag: </div>  (expected </div>)
DEBUG: process_styles called with 3 nodes
DEBUG: process_styles called with 0 nodes
DEBUG: process_styles found style block
DEBUG: raw_css: '.page_container { max-width: 800px; margin: 0 auto; padding: 2rem; } .page_title { font-size: 2rem; color: #333; text-align: center; } .page_intro { color: #666; text-align: center; margin-bottom: 2rem; } .code_block { background: #f5f5f5; padding: 1rem; border-radius: 4px; font-family: monospace; overflow-x: auto; } '
DEBUG: extracted classes: {"page_container", "code_block", "page_title", "page_intro"}
DEBUG: extracted ids: {}
DEBUG: scoped_css: '.page_container-sce4229e22e1b7976 { max-width: 800px; margin: 0 auto; padding: 2rem; }.page_title-sce4229e22e1b7976 { font-size: 2rem; color: #333; text-align: center; }.page_intro-sce4229e22e1b7976 { color: #666; text-align: center; margin-bottom: 2rem; }.code_block-sce4229e22e1b7976 { background: #f5f5f5; padding: 1rem; border-radius: 4px; font-family: monospace; overflow-x: auto; }'
DEBUG: bindings tokens: let page_container = "page_container-sce4229e22e1b7976"; let code_block =
"code_block-sce4229e22e1b7976"; let page_title =
"page_title-sce4229e22e1b7976"; let page_intro =
"page_intro-sce4229e22e1b7976";
DEBUG: process_styles called with 4 nodes
DEBUG: process_styles called with 1 nodes
DEBUG: process_styles called with 1 nodes
DEBUG: process_styles called with 1 nodes
DEBUG: process_styles called with 11 nodes
DEBUG: parse_nodes saw tag: style
DEBUG: Parsing <style> tag
DEBUG: parse_nodes saw tag: div
DEBUG: parse_nodes falling through to Element
Parsing element: div
DEBUG: parse_nodes saw tag: h2
DEBUG: parse_nodes falling through to Element
Parsing element: h2
Element::parse: Found closing tag sequence
Found closing tag: </h2>  (expected </h2>)
DEBUG: parse_nodes saw tag: div
DEBUG: parse_nodes falling through to Element
Parsing element: div
Element::parse: Found closing tag sequence
Found closing tag: </div>  (expected </div>)
DEBUG: parse_nodes saw tag: div
DEBUG: parse_nodes falling through to Element
Parsing element: div
DEBUG: parse_nodes saw tag: span
DEBUG: parse_nodes falling through to Element
Parsing element: span
Element::parse: Found closing tag sequence
Found closing tag: </span>  (expected </span>)
Element::parse: Found closing tag sequence
Found closing tag: </div>  (expected </div>)
DEBUG: parse_nodes saw tag: div
DEBUG: parse_nodes falling through to Element
Parsing element: div
DEBUG: parse_nodes saw tag: button
DEBUG: parse_nodes falling through to Element
Parsing element: button
Element::parse: Found closing tag sequence
Found closing tag: </button>  (expected </button>)
DEBUG: parse_nodes saw tag: button
DEBUG: parse_nodes falling through to Element
Parsing element: button
Element::parse: Found closing tag sequence
Found closing tag: </button>  (expected </button>)
DEBUG: parse_nodes saw tag: button
DEBUG: parse_nodes falling through to Element
Parsing element: button
Element::parse: Found closing tag sequence
Found closing tag: </button>  (expected </button>)
Element::parse: Found closing tag sequence
Found closing tag: </div>  (expected </div>)
Element::parse: Found closing tag sequence
Found closing tag: </div>  (expected </div>)
DEBUG: process_styles called with 2 nodes
DEBUG: process_styles found style block
DEBUG: validate_css_value checking 'white' for property 'color'. contains space? false
DEBUG: validate_css_value checking 'white' for property 'color'. contains space? false
DEBUG: validate_css_value checking 'white' for property 'color'. contains space? false
DEBUG: validate_css_value checking 'white' for property 'color'. contains space? false
DEBUG: validate_css_value checking 'white' for property 'color'. contains space? false
DEBUG: validate_css_value checking 'white' for property 'color'. contains space? false
DEBUG: validate_css_value checking 'white' for property 'color'. contains space? false
DEBUG: validate_css_value checking 'white' for property 'color'. contains space? false
DEBUG: raw_css: '.counter_box { padding: 2rem; border: 2px solid #e0e0e0; border-radius: 12px; background: linear-gradient(135deg,#667eea 0%,#764ba2 100%); color: white; text-align: center; max-width: 400px; } .value { font-size: 4rem; font-weight: bold; margin: 1rem 0; } .status { font-size: 1.2rem; opacity: 0.9; margin-bottom: 1.5rem; } .btn_row { display: flex; gap: 0.5rem; justify-content: center; flex-wrap: wrap; } .btn { padding: 0.75rem 1.5rem; font-size: 1rem; border: none; border-radius: 8px; cursor: pointer; font-weight: bold; } .btn_primary { background: #4caf50; color: white; } .btn_secondary { background: #ff9800; color: white; } .btn_danger { background: #f44336; color: white; } '
DEBUG: extracted classes: {"btn", "counter_box", "btn_danger", "btn_primary", "status", "btn_secondary", "btn_row", "value"}
DEBUG: extracted ids: {}
DEBUG: scoped_css: '.counter_box-s9e3f15ce82b7afbb { padding: 2rem; border: 2px solid #e0e0e0; border-radius: 12px; background: linear-gradient(135deg,#667eea 0%,#764ba2 100%); color: white; text-align: center; max-width: 400px; }.value-s9e3f15ce82b7afbb { font-size: 4rem; font-weight: bold; margin: 1rem 0; }.status-s9e3f15ce82b7afbb { font-size: 1.2rem; opacity: 0.9; margin-bottom: 1.5rem; }.btn_row-s9e3f15ce82b7afbb { display: flex; gap: 0.5rem; justify-content: center; flex-wrap: wrap; }.btn-s9e3f15ce82b7afbb { padding: 0.75rem 1.5rem; font-size: 1rem; border: none; border-radius: 8px; cursor: pointer; font-weight: bold; }.btn_primary-s9e3f15ce82b7afbb { background: #4caf50; color: white; }.btn_secondary-s9e3f15ce82b7afbb { background: #ff9800; color: white; }.btn_danger-s9e3f15ce82b7afbb { background: #f44336; color: white; }'
DEBUG: bindings tokens: let btn = "btn-s9e3f15ce82b7afbb"; let counter_box =
"counter_box-s9e3f15ce82b7afbb"; let btn_danger =
"btn_danger-s9e3f15ce82b7afbb"; let btn_primary =
"btn_primary-s9e3f15ce82b7afbb"; let status = "status-s9e3f15ce82b7afbb"; let
btn_secondary = "btn_secondary-s9e3f15ce82b7afbb"; let btn_row =
"btn_row-s9e3f15ce82b7afbb"; let value = "value-s9e3f15ce82b7afbb";
DEBUG: process_styles called with 4 nodes
DEBUG: process_styles called with 1 nodes
DEBUG: process_styles called with 1 nodes
DEBUG: process_styles called with 2 nodes
DEBUG: process_styles called with 1 nodes
DEBUG: process_styles called with 3 nodes
DEBUG: process_styles called with 1 nodes
DEBUG: process_styles called with 1 nodes
DEBUG: process_styles called with 1 nodes
DEBUG: validate_css_value checking 'white' for property 'color'. contains space? false
DEBUG: validate_css_value checking 'white' for property 'color'. contains space? false
DEBUG: validate_css_value checking 'white' for property 'color'. contains space? false
DEBUG: validate_css_value checking 'white' for property 'color'. contains space? false
DEBUG: parse_nodes saw tag: script
DEBUG: parse_nodes falling through to Element
Parsing element: script
parse_script_content starting for tag: script
Found closing tag: </script>
Element::parse: Found closing tag sequence
Found closing tag: </script>  (expected </script>)
DEBUG: parse_nodes saw tag: style
DEBUG: Parsing <style> tag
DEBUG: parse_nodes saw tag: div
DEBUG: parse_nodes falling through to Element
Parsing element: div
DEBUG: parse_nodes saw tag: header
DEBUG: parse_nodes falling through to Element
Parsing element: header
DEBUG: parse_nodes saw tag: h1
DEBUG: parse_nodes falling through to Element
Parsing element: h1
Element::parse: Found closing tag sequence
Found closing tag: </h1>  (expected </h1>)
DEBUG: parse_nodes saw tag: p
DEBUG: parse_nodes falling through to Element
Parsing element: p
Element::parse: Found closing tag sequence
Found closing tag: </p>  (expected </p>)
Element::parse: Found closing tag sequence
Found closing tag: </header>  (expected </header>)
DEBUG: parse_nodes saw tag: section
DEBUG: parse_nodes falling through to Element
Parsing element: section
DEBUG: parse_nodes saw tag: h2
DEBUG: parse_nodes falling through to Element
Parsing element: h2
Element::parse: Found closing tag sequence
Found closing tag: </h2>  (expected </h2>)
DEBUG: parse_nodes saw tag: ul
DEBUG: parse_nodes falling through to Element
Parsing element: ul
DEBUG: parse_nodes saw tag: li
DEBUG: parse_nodes falling through to Element
Parsing element: li
Element::parse: Found closing tag sequence
Found closing tag: </li>  (expected </li>)
DEBUG: parse_nodes saw tag: li
DEBUG: parse_nodes falling through to Element
Parsing element: li
Element::parse: Found closing tag sequence
Found closing tag: </li>  (expected </li>)
DEBUG: parse_nodes saw tag: li
DEBUG: parse_nodes falling through to Element
Parsing element: li
Element::parse: Found closing tag sequence
Found closing tag: </li>  (expected </li>)
DEBUG: parse_nodes saw tag: li
DEBUG: parse_nodes falling through to Element
Parsing element: li
Element::parse: Found closing tag sequence
Found closing tag: </li>  (expected </li>)
DEBUG: parse_nodes saw tag: li
DEBUG: parse_nodes falling through to Element
Parsing element: li
Element::parse: Found closing tag sequence
Found closing tag: </li>  (expected </li>)
Element::parse: Found closing tag sequence
Found closing tag: </ul>  (expected </ul>)
Element::parse: Found closing tag sequence
Found closing tag: </section>  (expected </section>)
DEBUG: parse_nodes saw tag: section
DEBUG: parse_nodes falling through to Element
Parsing element: section
DEBUG: parse_nodes saw tag: div
DEBUG: parse_nodes falling through to Element
Parsing element: div
Element::parse: Found closing tag sequence
Found closing tag: </div>  (expected </div>)
DEBUG: parse_nodes saw tag: div
DEBUG: parse_nodes falling through to Element
Parsing element: div
Element::parse: Found closing tag sequence
Found closing tag: </div>  (expected </div>)
DEBUG: parse_nodes saw tag: div
DEBUG: parse_nodes falling through to Element
Parsing element: div
Element::parse: Found closing tag sequence
Found closing tag: </div>  (expected </div>)
Element::parse: Found closing tag sequence
Found closing tag: </section>  (expected </section>)
Element::parse: Found closing tag sequence
Found closing tag: </div>  (expected </div>)
DEBUG: process_styles called with 3 nodes
DEBUG: process_styles called with 0 nodes
DEBUG: process_styles found style block
DEBUG: raw_css: '.container { padding: 20px; } .header { text-align: center; margin-bottom: 30px; } .main_title { font-size: 32px; color: #333; } .subtitle { font-size: 18px; color: #666; } .key_points { background: #f9f9f9; padding: 20px; border-radius: 8px; margin-bottom: 30px; } .section_title { font-size: 20px; margin-bottom: 15px; } .points_list { list-style: none; padding: 0; } .point { margin-bottom: 10px; } .examples { display: grid; gap: 20px; } .example_card { border: 1px solid #ddd; padding: 20px; border-radius: 8px; } '
DEBUG: extracted classes: {"examples", "point", "points_list", "key_points", "example_card", "container", "header", "subtitle", "section_title", "main_title"}
DEBUG: extracted ids: {}
DEBUG: scoped_css: '.container-s5e01d6a09ae0fa76 { padding: 20px; }.header-s5e01d6a09ae0fa76 { text-align: center; margin-bottom: 30px; }.main_title-s5e01d6a09ae0fa76 { font-size: 32px; color: #333; }.subtitle-s5e01d6a09ae0fa76 { font-size: 18px; color: #666; }.key_points-s5e01d6a09ae0fa76 { background: #f9f9f9; padding: 20px; border-radius: 8px; margin-bottom: 30px; }.section_title-s5e01d6a09ae0fa76 { font-size: 20px; margin-bottom: 15px; }.points_list-s5e01d6a09ae0fa76 { list-style: none; padding: 0; }.point-s5e01d6a09ae0fa76 { margin-bottom: 10px; }.examples-s5e01d6a09ae0fa76 { display: grid; gap: 20px; }.example_card-s5e01d6a09ae0fa76 { border: 1px solid #ddd; padding: 20px; border-radius: 8px; }'
DEBUG: bindings tokens: let examples = "examples-s5e01d6a09ae0fa76"; let point =
"point-s5e01d6a09ae0fa76"; let points_list = "points_list-s5e01d6a09ae0fa76";
let key_points = "key_points-s5e01d6a09ae0fa76"; let example_card =
"example_card-s5e01d6a09ae0fa76"; let container =
"container-s5e01d6a09ae0fa76"; let header = "header-s5e01d6a09ae0fa76"; let
subtitle = "subtitle-s5e01d6a09ae0fa76"; let section_title =
"section_title-s5e01d6a09ae0fa76"; let main_title =
"main_title-s5e01d6a09ae0fa76";
DEBUG: process_styles called with 3 nodes
DEBUG: process_styles called with 2 nodes
DEBUG: process_styles called with 1 nodes
DEBUG: process_styles called with 1 nodes
DEBUG: process_styles called with 2 nodes
DEBUG: process_styles called with 1 nodes
DEBUG: process_styles called with 5 nodes
DEBUG: process_styles called with 1 nodes
DEBUG: process_styles called with 1 nodes
DEBUG: process_styles called with 1 nodes
DEBUG: process_styles called with 1 nodes
DEBUG: process_styles called with 1 nodes
DEBUG: process_styles called with 3 nodes
DEBUG: process_styles called with 1 nodes
DEBUG: process_styles called with 1 nodes
DEBUG: process_styles called with 1 nodes
DEBUG: parse_nodes saw tag: style
DEBUG: Parsing <style> tag
DEBUG: parse_nodes saw tag: div
DEBUG: parse_nodes falling through to Element
Parsing element: div
DEBUG: parse_nodes saw tag: header
DEBUG: parse_nodes falling through to Element
Parsing element: header
DEBUG: parse_nodes saw tag: h1
DEBUG: parse_nodes falling through to Element
Parsing element: h1
Element::parse: Found closing tag sequence
Found closing tag: </h1>  (expected </h1>)
DEBUG: parse_nodes saw tag: p
DEBUG: parse_nodes falling through to Element
Parsing element: p
Element::parse: Found closing tag sequence
Found closing tag: </p>  (expected </p>)
Element::parse: Found closing tag sequence
Found closing tag: </header>  (expected </header>)
DEBUG: parse_nodes saw tag: section
DEBUG: parse_nodes falling through to Element
Parsing element: section
DEBUG: parse_nodes saw tag: h2
DEBUG: parse_nodes falling through to Element
Parsing element: h2
Element::parse: Found closing tag sequence
Found closing tag: </h2>  (expected </h2>)
DEBUG: parse_nodes saw tag: ul
DEBUG: parse_nodes falling through to Element
Parsing element: ul
DEBUG: parse_nodes saw tag: li
DEBUG: parse_nodes falling through to Element
Parsing element: li
Element::parse: Found closing tag sequence
Found closing tag: </li>  (expected </li>)
DEBUG: parse_nodes saw tag: li
DEBUG: parse_nodes falling through to Element
Parsing element: li
Element::parse: Found closing tag sequence
Found closing tag: </li>  (expected </li>)
DEBUG: parse_nodes saw tag: li
DEBUG: parse_nodes falling through to Element
Parsing element: li
Element::parse: Found closing tag sequence
Found closing tag: </li>  (expected </li>)
DEBUG: parse_nodes saw tag: li
DEBUG: parse_nodes falling through to Element
Parsing element: li
Element::parse: Found closing tag sequence
Found closing tag: </li>  (expected </li>)
DEBUG: parse_nodes saw tag: li
DEBUG: parse_nodes falling through to Element
Parsing element: li
Element::parse: Found closing tag sequence
Found closing tag: </li>  (expected </li>)
Element::parse: Found closing tag sequence
Found closing tag: </ul>  (expected </ul>)
Element::parse: Found closing tag sequence
Found closing tag: </section>  (expected </section>)
DEBUG: parse_nodes saw tag: section
DEBUG: parse_nodes falling through to Element
Parsing element: section
DEBUG: parse_nodes saw tag: div
DEBUG: parse_nodes falling through to Element
Parsing element: div
Element::parse: Found closing tag sequence
Found closing tag: </div>  (expected </div>)
DEBUG: parse_nodes saw tag: div
DEBUG: parse_nodes falling through to Element
Parsing element: div
Element::parse: Found closing tag sequence
Found closing tag: </div>  (expected </div>)
DEBUG: parse_nodes saw tag: div
DEBUG: parse_nodes falling through to Element
Parsing element: div
Element::parse: Found closing tag sequence
Found closing tag: </div>  (expected </div>)
Element::parse: Found closing tag sequence
Found closing tag: </section>  (expected </section>)
Element::parse: Found closing tag sequence
Found closing tag: </div>  (expected </div>)
DEBUG: process_styles called with 2 nodes
DEBUG: process_styles found style block
DEBUG: raw_css: '.container { padding: 20px; } .header { text-align: center; margin-bottom: 30px; } .main_title { font-size: 32px; color: #333; } .subtitle { font-size: 18px; color: #666; } .key_points { background: #f9f9f9; padding: 20px; border-radius: 8px; margin-bottom: 30px; } .section_title { font-size: 20px; margin-bottom: 15px; } .points_list { list-style: none; padding: 0; } .point { margin-bottom: 10px; } .examples { display: grid; gap: 20px; } .example_card { border: 1px solid #ddd; padding: 20px; border-radius: 8px; } '
DEBUG: extracted classes: {"example_card", "container", "points_list", "key_points", "examples", "section_title", "subtitle", "header", "main_title", "point"}
DEBUG: extracted ids: {}
DEBUG: scoped_css: '.container-s5e01d6a09ae0fa76 { padding: 20px; }.header-s5e01d6a09ae0fa76 { text-align: center; margin-bottom: 30px; }.main_title-s5e01d6a09ae0fa76 { font-size: 32px; color: #333; }.subtitle-s5e01d6a09ae0fa76 { font-size: 18px; color: #666; }.key_points-s5e01d6a09ae0fa76 { background: #f9f9f9; padding: 20px; border-radius: 8px; margin-bottom: 30px; }.section_title-s5e01d6a09ae0fa76 { font-size: 20px; margin-bottom: 15px; }.points_list-s5e01d6a09ae0fa76 { list-style: none; padding: 0; }.point-s5e01d6a09ae0fa76 { margin-bottom: 10px; }.examples-s5e01d6a09ae0fa76 { display: grid; gap: 20px; }.example_card-s5e01d6a09ae0fa76 { border: 1px solid #ddd; padding: 20px; border-radius: 8px; }'
DEBUG: bindings tokens: let example_card = "example_card-s5e01d6a09ae0fa76"; let container =
"container-s5e01d6a09ae0fa76"; let points_list =
"points_list-s5e01d6a09ae0fa76"; let key_points =
"key_points-s5e01d6a09ae0fa76"; let examples = "examples-s5e01d6a09ae0fa76";
let section_title = "section_title-s5e01d6a09ae0fa76"; let subtitle =
"subtitle-s5e01d6a09ae0fa76"; let header = "header-s5e01d6a09ae0fa76"; let
main_title = "main_title-s5e01d6a09ae0fa76"; let point =
"point-s5e01d6a09ae0fa76";
DEBUG: process_styles called with 3 nodes
DEBUG: process_styles called with 2 nodes
DEBUG: process_styles called with 1 nodes
DEBUG: process_styles called with 1 nodes
DEBUG: process_styles called with 2 nodes
DEBUG: process_styles called with 1 nodes
DEBUG: process_styles called with 5 nodes
DEBUG: process_styles called with 1 nodes
DEBUG: process_styles called with 1 nodes
DEBUG: process_styles called with 1 nodes
DEBUG: process_styles called with 1 nodes
DEBUG: process_styles called with 1 nodes
DEBUG: process_styles called with 3 nodes
DEBUG: process_styles called with 1 nodes
DEBUG: process_styles called with 1 nodes
DEBUG: process_styles called with 1 nodes
DEBUG: parse_nodes saw tag: style
DEBUG: Parsing <style> tag
DEBUG: parse_nodes saw tag: form
DEBUG: parse_nodes falling through to Element
Parsing element: form
DEBUG: parse_nodes saw tag: div
DEBUG: parse_nodes falling through to Element
Parsing element: div
DEBUG: parse_nodes saw tag: h3
DEBUG: parse_nodes falling through to Element
Parsing element: h3
Element::parse: Found closing tag sequence
Found closing tag: </h3>  (expected </h3>)
DEBUG: parse_nodes saw tag: div
DEBUG: parse_nodes falling through to Element
Parsing element: div
DEBUG: parse_nodes saw tag: label
DEBUG: parse_nodes falling through to Element
Parsing element: label
Element::parse: Found closing tag sequence
Found closing tag: </label>  (expected </label>)
DEBUG: parse_nodes saw tag: input
DEBUG: parse_nodes falling through to Element
Parsing element: input
DEBUG: parse_nodes saw tag: label
DEBUG: parse_nodes falling through to Element
Parsing element: label
Element::parse: Found closing tag sequence
Found closing tag: </label>  (expected </label>)
DEBUG: parse_nodes saw tag: input
DEBUG: parse_nodes falling through to Element
Parsing element: input
DEBUG: parse_nodes saw tag: label
DEBUG: parse_nodes falling through to Element
Parsing element: label
Element::parse: Found closing tag sequence
Found closing tag: </label>  (expected </label>)
DEBUG: parse_nodes saw tag: select
DEBUG: parse_nodes falling through to Element
Parsing element: select
DEBUG: parse_nodes saw tag: option
DEBUG: parse_nodes falling through to Element
Parsing element: option
Element::parse: Found closing tag sequence
Found closing tag: </option>  (expected </option>)
DEBUG: parse_nodes saw tag: option
DEBUG: parse_nodes falling through to Element
Parsing element: option
Element::parse: Found closing tag sequence
Found closing tag: </option>  (expected </option>)
DEBUG: parse_nodes saw tag: option
DEBUG: parse_nodes falling through to Element
Parsing element: option
Element::parse: Found closing tag sequence
Found closing tag: </option>  (expected </option>)
Element::parse: Found closing tag sequence
Found closing tag: </select>  (expected </select>)
Element::parse: Found closing tag sequence
Found closing tag: </div>  (expected </div>)
Element::parse: Found closing tag sequence
Found closing tag: </div>  (expected </div>)
DEBUG: parse_nodes saw tag: div
DEBUG: parse_nodes falling through to Element
Parsing element: div
DEBUG: parse_nodes saw tag: h3
DEBUG: parse_nodes falling through to Element
Parsing element: h3
Element::parse: Found closing tag sequence
Found closing tag: </h3>  (expected </h3>)
DEBUG: parse_nodes saw tag: div
DEBUG: parse_nodes falling through to Element
Parsing element: div
DEBUG: parse_nodes saw tag: label
DEBUG: parse_nodes falling through to Element
Parsing element: label
DEBUG: parse_nodes saw tag: input
DEBUG: parse_nodes falling through to Element
Parsing element: input
Element::parse: Found closing tag sequence
Found closing tag: </label>  (expected </label>)
DEBUG: parse_nodes saw tag: label
DEBUG: parse_nodes falling through to Element
Parsing element: label
DEBUG: parse_nodes saw tag: input
DEBUG: parse_nodes falling through to Element
Parsing element: input
Element::parse: Found closing tag sequence
Found closing tag: </label>  (expected </label>)
Element::parse: Found closing tag sequence
Found closing tag: </div>  (expected </div>)
Element::parse: Found closing tag sequence
Found closing tag: </div>  (expected </div>)
DEBUG: parse_nodes saw tag: button
DEBUG: parse_nodes falling through to Element
Parsing element: button
Element::parse: Found closing tag sequence
Found closing tag: </button>  (expected </button>)
Element::parse: Found closing tag sequence
Found closing tag: </form>  (expected </form>)
DEBUG: process_styles called with 2 nodes
DEBUG: process_styles found style block
DEBUG: validate_css_value checking 'white' for property 'color'. contains space? false
DEBUG: validate_css_value checking 'white' for property 'color'. contains space? false
DEBUG: raw_css: '.complex_form { display: grid; gap: 1rem; max-width: 500px; } .form_section { border: 1px solid #eee; padding: 1rem; margin-bottom: 1rem; } .section_title { font-weight: bold; margin-bottom: 0.5rem; } .form_grid { display: grid; gap: 0.5rem; } .save_button { padding: 0.75rem; background: #4caf50; color: white; border: none; } '
DEBUG: extracted classes: {"complex_form", "section_title", "form_section", "form_grid", "save_button"}
DEBUG: extracted ids: {}
DEBUG: scoped_css: '.complex_form-s7ab1963b77587ccb { display: grid; gap: 1rem; max-width: 500px; }.form_section-s7ab1963b77587ccb { border: 1px solid #eee; padding: 1rem; margin-bottom: 1rem; }.section_title-s7ab1963b77587ccb { font-weight: bold; margin-bottom: 0.5rem; }.form_grid-s7ab1963b77587ccb { display: grid; gap: 0.5rem; }.save_button-s7ab1963b77587ccb { padding: 0.75rem; background: #4caf50; color: white; border: none; }'
DEBUG: bindings tokens: let complex_form = "complex_form-s7ab1963b77587ccb"; let section_title =
"section_title-s7ab1963b77587ccb"; let form_section =
"form_section-s7ab1963b77587ccb"; let form_grid =
"form_grid-s7ab1963b77587ccb"; let save_button =
"save_button-s7ab1963b77587ccb";
DEBUG: process_styles called with 3 nodes
DEBUG: process_styles called with 2 nodes
DEBUG: process_styles called with 1 nodes
DEBUG: process_styles called with 6 nodes
DEBUG: process_styles called with 1 nodes
DEBUG: process_styles called with 0 nodes
DEBUG: process_styles called with 1 nodes
DEBUG: process_styles called with 0 nodes
DEBUG: process_styles called with 1 nodes
DEBUG: process_styles called with 3 nodes
DEBUG: process_styles called with 1 nodes
DEBUG: process_styles called with 1 nodes
DEBUG: process_styles called with 1 nodes
DEBUG: process_styles called with 2 nodes
DEBUG: process_styles called with 1 nodes
DEBUG: process_styles called with 2 nodes
DEBUG: process_styles called with 2 nodes
DEBUG: process_styles called with 0 nodes
DEBUG: process_styles called with 2 nodes
DEBUG: process_styles called with 0 nodes
DEBUG: process_styles called with 1 nodes
DEBUG: validate_css_value checking 'white' for property 'color'. contains space? false
DEBUG: parse_nodes saw tag: style
DEBUG: Parsing <style> tag
DEBUG: parse_nodes saw tag: div
DEBUG: parse_nodes falling through to Element
Parsing element: div
DEBUG: parse_nodes saw tag: h3
DEBUG: parse_nodes falling through to Element
Parsing element: h3
Element::parse: Found closing tag sequence
Found closing tag: </h3>  (expected </h3>)
DEBUG: parse_nodes saw tag: p
DEBUG: parse_nodes falling through to Element
Parsing element: p
Element::parse: Found closing tag sequence
Found closing tag: </p>  (expected </p>)
DEBUG: parse_nodes saw tag: ul
DEBUG: parse_nodes falling through to Element
Parsing element: ul
DEBUG: parse_nodes saw tag: li
DEBUG: parse_nodes falling through to Element
Parsing element: li
Element::parse: Found closing tag sequence
Found closing tag: </li>  (expected </li>)
DEBUG: parse_nodes saw tag: li
DEBUG: parse_nodes falling through to Element
Parsing element: li
Element::parse: Found closing tag sequence
Found closing tag: </li>  (expected </li>)
DEBUG: parse_nodes saw tag: li
DEBUG: parse_nodes falling through to Element
Parsing element: li
Element::parse: Found closing tag sequence
Found closing tag: </li>  (expected </li>)
DEBUG: parse_nodes saw tag: li
DEBUG: parse_nodes falling through to Element
Parsing element: li
Element::parse: Found closing tag sequence
Found closing tag: </li>  (expected </li>)
Element::parse: Found closing tag sequence
Found closing tag: </ul>  (expected </ul>)
DEBUG: parse_nodes saw tag: p
DEBUG: parse_nodes falling through to Element
Parsing element: p
Element::parse: Found closing tag sequence
Found closing tag: </p>  (expected </p>)
DEBUG: parse_nodes saw tag: p
DEBUG: parse_nodes falling through to Element
Parsing element: p
Element::parse: Found closing tag sequence
Found closing tag: </p>  (expected </p>)
Element::parse: Found closing tag sequence
Found closing tag: </div>  (expected </div>)
DEBUG: process_styles called with 2 nodes
DEBUG: process_styles found style block
DEBUG: raw_css: '.validation_container { padding: 1rem; } .error_message { color: red; font-size: 0.9rem; margin-top: 0.5rem; } .success_message { color: green; font-size: 0.9rem; margin-top: 0.5rem; } '
DEBUG: extracted classes: {"success_message", "error_message", "validation_container"}
DEBUG: extracted ids: {}
DEBUG: scoped_css: '.validation_container-s7bbc7b32c888fb4d { padding: 1rem; }.error_message-s7bbc7b32c888fb4d { color: red; font-size: 0.9rem; margin-top: 0.5rem; }.success_message-s7bbc7b32c888fb4d { color: green; font-size: 0.9rem; margin-top: 0.5rem; }'
DEBUG: bindings tokens: let success_message = "success_message-s7bbc7b32c888fb4d"; let error_message =
"error_message-s7bbc7b32c888fb4d"; let validation_container =
"validation_container-s7bbc7b32c888fb4d";
DEBUG: process_styles called with 5 nodes
DEBUG: process_styles called with 1 nodes
DEBUG: process_styles called with 1 nodes
DEBUG: process_styles called with 4 nodes
DEBUG: process_styles called with 1 nodes
DEBUG: process_styles called with 1 nodes
DEBUG: process_styles called with 1 nodes
DEBUG: process_styles called with 1 nodes
DEBUG: process_styles called with 1 nodes
DEBUG: process_styles called with 1 nodes
DEBUG: parse_nodes saw tag: style
DEBUG: Parsing <style> tag
DEBUG: parse_nodes saw tag: form
DEBUG: parse_nodes falling through to Element
Parsing element: form
DEBUG: parse_nodes saw tag: div
DEBUG: parse_nodes falling through to Element
Parsing element: div
DEBUG: parse_nodes saw tag: label
DEBUG: parse_nodes falling through to Element
Parsing element: label
Element::parse: Found closing tag sequence
Found closing tag: </label>  (expected </label>)
DEBUG: parse_nodes saw tag: input
DEBUG: parse_nodes falling through to Element
Parsing element: input
Element::parse: Found closing tag sequence
Found closing tag: </div>  (expected </div>)
DEBUG: parse_nodes saw tag: div
DEBUG: parse_nodes falling through to Element
Parsing element: div
DEBUG: parse_nodes saw tag: label
DEBUG: parse_nodes falling through to Element
Parsing element: label
Element::parse: Found closing tag sequence
Found closing tag: </label>  (expected </label>)
DEBUG: parse_nodes saw tag: input
DEBUG: parse_nodes falling through to Element
Parsing element: input
Element::parse: Found closing tag sequence
Found closing tag: </div>  (expected </div>)
DEBUG: parse_nodes saw tag: div
DEBUG: parse_nodes falling through to Element
Parsing element: div
DEBUG: parse_nodes saw tag: label
DEBUG: parse_nodes falling through to Element
Parsing element: label
Element::parse: Found closing tag sequence
Found closing tag: </label>  (expected </label>)
DEBUG: parse_nodes saw tag: input
DEBUG: parse_nodes falling through to Element
Parsing element: input
Element::parse: Found closing tag sequence
Found closing tag: </div>  (expected </div>)
DEBUG: parse_nodes saw tag: button
DEBUG: parse_nodes falling through to Element
Parsing element: button
Element::parse: Found closing tag sequence
Found closing tag: </button>  (expected </button>)
Element::parse: Found closing tag sequence
Found closing tag: </form>  (expected </form>)
DEBUG: process_styles called with 2 nodes
DEBUG: process_styles found style block
DEBUG: validate_css_value checking 'white' for property 'color'. contains space? false
DEBUG: validate_css_value checking 'white' for property 'color'. contains space? false
DEBUG: raw_css: '.form { display: grid; gap: 1rem; max-width: 400px; } .form_field { display: grid; gap: 0.5rem; } .form_label { font-weight: bold; } .form_input { padding: 0.5rem; border: 1px solid #ddd; } .form_button { padding: 0.75rem; background: #2196f3; color: white; border: none; cursor: pointer; } '
DEBUG: extracted classes: {"form", "form_field", "form_input", "form_button", "form_label"}
DEBUG: extracted ids: {}
DEBUG: scoped_css: '.form-s434c7fdf04640c08 { display: grid; gap: 1rem; max-width: 400px; }.form_field-s434c7fdf04640c08 { display: grid; gap: 0.5rem; }.form_label-s434c7fdf04640c08 { font-weight: bold; }.form_input-s434c7fdf04640c08 { padding: 0.5rem; border: 1px solid #ddd; }.form_button-s434c7fdf04640c08 { padding: 0.75rem; background: #2196f3; color: white; border: none; cursor: pointer; }'
DEBUG: bindings tokens: let form = "form-s434c7fdf04640c08"; let form_field =
"form_field-s434c7fdf04640c08"; let form_input =
"form_input-s434c7fdf04640c08"; let form_button =
"form_button-s434c7fdf04640c08"; let form_label =
"form_label-s434c7fdf04640c08";
DEBUG: process_styles called with 4 nodes
DEBUG: process_styles called with 2 nodes
DEBUG: process_styles called with 1 nodes
DEBUG: process_styles called with 0 nodes
DEBUG: process_styles called with 2 nodes
DEBUG: process_styles called with 1 nodes
DEBUG: process_styles called with 0 nodes
DEBUG: process_styles called with 2 nodes
DEBUG: process_styles called with 1 nodes
DEBUG: process_styles called with 0 nodes
DEBUG: process_styles called with 1 nodes
DEBUG: validate_css_value checking 'white' for property 'color'. contains space? false
DEBUG: parse_nodes saw tag: style
DEBUG: Parsing <style> tag
DEBUG: parse_nodes saw tag: div
DEBUG: parse_nodes falling through to Element
Parsing element: div
DEBUG: parse_nodes saw tag: header
DEBUG: parse_nodes falling through to Element
Parsing element: header
DEBUG: parse_nodes saw tag: h1
DEBUG: parse_nodes falling through to Element
Parsing element: h1
Element::parse: Found closing tag sequence
Found closing tag: </h1>  (expected </h1>)
DEBUG: parse_nodes saw tag: p
DEBUG: parse_nodes falling through to Element
Parsing element: p
Element::parse: Found closing tag sequence
Found closing tag: </p>  (expected </p>)
Element::parse: Found closing tag sequence
Found closing tag: </header>  (expected </header>)
DEBUG: parse_nodes saw tag: section
DEBUG: parse_nodes falling through to Element
Parsing element: section
DEBUG: parse_nodes saw tag: h2
DEBUG: parse_nodes falling through to Element
Parsing element: h2
Element::parse: Found closing tag sequence
Found closing tag: </h2>  (expected </h2>)
DEBUG: parse_nodes saw tag: ul
DEBUG: parse_nodes falling through to Element
Parsing element: ul
DEBUG: parse_nodes saw tag: li
DEBUG: parse_nodes falling through to Element
Parsing element: li
Element::parse: Found closing tag sequence
Found closing tag: </li>  (expected </li>)
DEBUG: parse_nodes saw tag: li
DEBUG: parse_nodes falling through to Element
Parsing element: li
Element::parse: Found closing tag sequence
Found closing tag: </li>  (expected </li>)
DEBUG: parse_nodes saw tag: li
DEBUG: parse_nodes falling through to Element
Parsing element: li
Element::parse: Found closing tag sequence
Found closing tag: </li>  (expected </li>)
DEBUG: parse_nodes saw tag: li
DEBUG: parse_nodes falling through to Element
Parsing element: li
Element::parse: Found closing tag sequence
Found closing tag: </li>  (expected </li>)
DEBUG: parse_nodes saw tag: li
DEBUG: parse_nodes falling through to Element
Parsing element: li
Element::parse: Found closing tag sequence
Found closing tag: </li>  (expected </li>)
Element::parse: Found closing tag sequence
Found closing tag: </ul>  (expected </ul>)
Element::parse: Found closing tag sequence
Found closing tag: </section>  (expected </section>)
DEBUG: parse_nodes saw tag: section
DEBUG: parse_nodes falling through to Element
Parsing element: section
DEBUG: parse_nodes saw tag: div
DEBUG: parse_nodes falling through to Element
Parsing element: div
Element::parse: Found closing tag sequence
Found closing tag: </div>  (expected </div>)
DEBUG: parse_nodes saw tag: div
DEBUG: parse_nodes falling through to Element
Parsing element: div
Element::parse: Found closing tag sequence
Found closing tag: </div>  (expected </div>)
DEBUG: parse_nodes saw tag: div
DEBUG: parse_nodes falling through to Element
Parsing element: div
Element::parse: Found closing tag sequence
Found closing tag: </div>  (expected </div>)
Element::parse: Found closing tag sequence
Found closing tag: </section>  (expected </section>)
Element::parse: Found closing tag sequence
Found closing tag: </div>  (expected </div>)
DEBUG: process_styles called with 2 nodes
DEBUG: process_styles found style block
DEBUG: raw_css: '.container { padding: 20px; } .header { text-align: center; margin-bottom: 30px; } .main_title { font-size: 32px; color: #333; } .subtitle { font-size: 18px; color: #666; } .key_points { background: #f9f9f9; padding: 20px; border-radius: 8px; margin-bottom: 30px; } .section_title { font-size: 20px; margin-bottom: 15px; } .points_list { list-style: none; padding: 0; } .point { margin-bottom: 10px; } .examples { display: grid; gap: 20px; } .example_card { border: 1px solid #ddd; padding: 20px; border-radius: 8px; } '
DEBUG: extracted classes: {"container", "example_card", "main_title", "examples", "key_points", "point", "section_title", "points_list", "header", "subtitle"}
DEBUG: extracted ids: {}
DEBUG: scoped_css: '.container-s5e01d6a09ae0fa76 { padding: 20px; }.header-s5e01d6a09ae0fa76 { text-align: center; margin-bottom: 30px; }.main_title-s5e01d6a09ae0fa76 { font-size: 32px; color: #333; }.subtitle-s5e01d6a09ae0fa76 { font-size: 18px; color: #666; }.key_points-s5e01d6a09ae0fa76 { background: #f9f9f9; padding: 20px; border-radius: 8px; margin-bottom: 30px; }.section_title-s5e01d6a09ae0fa76 { font-size: 20px; margin-bottom: 15px; }.points_list-s5e01d6a09ae0fa76 { list-style: none; padding: 0; }.point-s5e01d6a09ae0fa76 { margin-bottom: 10px; }.examples-s5e01d6a09ae0fa76 { display: grid; gap: 20px; }.example_card-s5e01d6a09ae0fa76 { border: 1px solid #ddd; padding: 20px; border-radius: 8px; }'
DEBUG: bindings tokens: let container = "container-s5e01d6a09ae0fa76"; let example_card =
"example_card-s5e01d6a09ae0fa76"; let main_title =
"main_title-s5e01d6a09ae0fa76"; let examples = "examples-s5e01d6a09ae0fa76";
let key_points = "key_points-s5e01d6a09ae0fa76"; let point =
"point-s5e01d6a09ae0fa76"; let section_title =
"section_title-s5e01d6a09ae0fa76"; let points_list =
"points_list-s5e01d6a09ae0fa76"; let header = "header-s5e01d6a09ae0fa76"; let
subtitle = "subtitle-s5e01d6a09ae0fa76";
DEBUG: process_styles called with 3 nodes
DEBUG: process_styles called with 2 nodes
DEBUG: process_styles called with 1 nodes
DEBUG: process_styles called with 1 nodes
DEBUG: process_styles called with 2 nodes
DEBUG: process_styles called with 1 nodes
DEBUG: process_styles called with 5 nodes
DEBUG: process_styles called with 1 nodes
DEBUG: process_styles called with 1 nodes
DEBUG: process_styles called with 1 nodes
DEBUG: process_styles called with 1 nodes
DEBUG: process_styles called with 1 nodes
DEBUG: process_styles called with 3 nodes
DEBUG: process_styles called with 1 nodes
DEBUG: process_styles called with 1 nodes
DEBUG: process_styles called with 1 nodes
DEBUG: parse_nodes saw tag: style
DEBUG: Parsing <style> tag
DEBUG: parse_nodes saw tag: div
DEBUG: parse_nodes falling through to Element
Parsing element: div
DEBUG: parse_nodes saw tag: h3
DEBUG: parse_nodes falling through to Element
Parsing element: h3
Element::parse: Found closing tag sequence
Found closing tag: </h3>  (expected </h3>)
DEBUG: parse_nodes saw tag: p
DEBUG: parse_nodes falling through to Element
Parsing element: p
Element::parse: Found closing tag sequence
Found closing tag: </p>  (expected </p>)
DEBUG: parse_nodes saw tag: p
DEBUG: parse_nodes falling through to Element
Parsing element: p
Element::parse: Found closing tag sequence
Found closing tag: </p>  (expected </p>)
DEBUG: parse_nodes saw tag: p
DEBUG: parse_nodes falling through to Element
Parsing element: p
Element::parse: Found closing tag sequence
Found closing tag: </p>  (expected </p>)
DEBUG: parse_nodes saw tag: p
DEBUG: parse_nodes falling through to Element
Parsing element: p
Element::parse: Found closing tag sequence
Found closing tag: </p>  (expected </p>)
Element::parse: Found closing tag sequence
Found closing tag: </div>  (expected </div>)
DEBUG: process_styles called with 2 nodes
DEBUG: process_styles found style block
DEBUG: raw_css: '.pattern_container { padding: 1rem; } .state_loading { color: blue; } .state_success { color: green; } .state_error { color: red; } '
DEBUG: extracted classes: {"state_loading", "state_error", "state_success", "pattern_container"}
DEBUG: extracted ids: {}
DEBUG: scoped_css: '.pattern_container-s6fd2bee4e7b5be93 { padding: 1rem; }.state_loading-s6fd2bee4e7b5be93 { color: blue; }.state_success-s6fd2bee4e7b5be93 { color: green; }.state_error-s6fd2bee4e7b5be93 { color: red; }'
DEBUG: bindings tokens: let state_loading = "state_loading-s6fd2bee4e7b5be93"; let state_error =
"state_error-s6fd2bee4e7b5be93"; let state_success =
"state_success-s6fd2bee4e7b5be93"; let pattern_container =
"pattern_container-s6fd2bee4e7b5be93";
DEBUG: process_styles called with 2 nodes
DEBUG: process_styles called with 1 nodes
DEBUG: process_styles called with 1 nodes
DEBUG: process_styles called with 1 nodes
DEBUG: process_styles called with 1 nodes
DEBUG: process_styles called with 1 nodes
DEBUG: process_styles called with 1 nodes
DEBUG: process_styles called with 1 nodes
DEBUG: process_styles called with 1 nodes
DEBUG: process_styles called with 1 nodes
DEBUG: parse_nodes saw tag: style
DEBUG: Parsing <style> tag
DEBUG: parse_nodes saw tag: div
DEBUG: parse_nodes falling through to Element
Parsing element: div
DEBUG: parse_nodes saw tag: h3
DEBUG: parse_nodes falling through to Element
Parsing element: h3
Element::parse: Found closing tag sequence
Found closing tag: </h3>  (expected </h3>)
DEBUG: parse_nodes saw tag: p
DEBUG: parse_nodes falling through to Element
Parsing element: p
Element::parse: Found closing tag sequence
Found closing tag: </p>  (expected </p>)
DEBUG: parse_nodes saw tag: ul
DEBUG: parse_nodes falling through to Element
Parsing element: ul
DEBUG: parse_nodes saw tag: li
DEBUG: parse_nodes falling through to Element
Parsing element: li
Element::parse: Found closing tag sequence
Found closing tag: </li>  (expected </li>)
DEBUG: parse_nodes saw tag: li
DEBUG: parse_nodes falling through to Element
Parsing element: li
Element::parse: Found closing tag sequence
Found closing tag: </li>  (expected </li>)
DEBUG: parse_nodes saw tag: li
DEBUG: parse_nodes falling through to Element
Parsing element: li
Element::parse: Found closing tag sequence
Found closing tag: </li>  (expected </li>)
Element::parse: Found closing tag sequence
Found closing tag: </ul>  (expected </ul>)
DEBUG: parse_nodes saw tag: p
DEBUG: parse_nodes falling through to Element
Parsing element: p
Element::parse: Found closing tag sequence
Found closing tag: </p>  (expected </p>)
Element::parse: Found closing tag sequence
Found closing tag: </div>  (expected </div>)
DEBUG: process_styles called with 2 nodes
DEBUG: process_styles found style block
DEBUG: raw_css: '.conditions_container { padding: 1rem; background: #f9f9f9; } .permission_granted { color: green; font-weight: bold; } .permission_denied { color: red; font-weight: bold; } '
DEBUG: extracted classes: {"permission_granted", "permission_denied", "conditions_container"}
DEBUG: extracted ids: {}
DEBUG: scoped_css: '.conditions_container-s6726f038c85be006 { padding: 1rem; background: #f9f9f9; }.permission_granted-s6726f038c85be006 { color: green; font-weight: bold; }.permission_denied-s6726f038c85be006 { color: red; font-weight: bold; }'
DEBUG: bindings tokens: let permission_granted = "permission_granted-s6726f038c85be006"; let
permission_denied = "permission_denied-s6726f038c85be006"; let
conditions_container = "conditions_container-s6726f038c85be006";
DEBUG: process_styles called with 3 nodes
DEBUG: process_styles called with 1 nodes
DEBUG: process_styles called with 2 nodes
DEBUG: process_styles called with 1 nodes
DEBUG: process_styles called with 3 nodes
DEBUG: process_styles called with 1 nodes
DEBUG: process_styles called with 1 nodes
DEBUG: process_styles called with 1 nodes
DEBUG: process_styles called with 1 nodes
DEBUG: process_styles called with 1 nodes
DEBUG: parse_nodes saw tag: style
DEBUG: Parsing <style> tag
DEBUG: parse_nodes saw tag: div
DEBUG: parse_nodes falling through to Element
Parsing element: div
DEBUG: parse_nodes saw tag: h2
DEBUG: parse_nodes falling through to Element
Parsing element: h2
Element::parse: Found closing tag sequence
Found closing tag: </h2>  (expected </h2>)
DEBUG: parse_nodes saw tag: h3
DEBUG: parse_nodes falling through to Element
Parsing element: h3
Element::parse: Found closing tag sequence
Found closing tag: </h3>  (expected </h3>)
DEBUG: parse_nodes saw tag: div
DEBUG: parse_nodes falling through to Element
Parsing element: div
Element::parse: Found closing tag sequence
Found closing tag: </div>  (expected </div>)
DEBUG: parse_nodes saw tag: div
DEBUG: parse_nodes falling through to Element
Parsing element: div
Element::parse: Found closing tag sequence
Found closing tag: </div>  (expected </div>)
DEBUG: parse_nodes saw tag: div
DEBUG: parse_nodes falling through to Element
Parsing element: div
Element::parse: Found closing tag sequence
Found closing tag: </div>  (expected </div>)
DEBUG: parse_nodes saw tag: h3
DEBUG: parse_nodes falling through to Element
Parsing element: h3
Element::parse: Found closing tag sequence
Found closing tag: </h3>  (expected </h3>)
DEBUG: parse_nodes saw tag: p
DEBUG: parse_nodes falling through to Element
Parsing element: p
Element::parse: Found closing tag sequence
Found closing tag: </p>  (expected </p>)
DEBUG: parse_nodes saw tag: p
DEBUG: parse_nodes falling through to Element
Parsing element: p
Element::parse: Found closing tag sequence
Found closing tag: </p>  (expected </p>)
DEBUG: parse_nodes saw tag: p
DEBUG: parse_nodes falling through to Element
Parsing element: p
Element::parse: Found closing tag sequence
Found closing tag: </p>  (expected </p>)
DEBUG: parse_nodes saw tag: p
DEBUG: parse_nodes falling through to Element
Parsing element: p
Element::parse: Found closing tag sequence
Found closing tag: </p>  (expected </p>)
Element::parse: Found closing tag sequence
Found closing tag: </div>  (expected </div>)
DEBUG: process_styles called with 2 nodes
DEBUG: process_styles found style block
DEBUG: raw_css: '.content { padding: 1rem; } .item { margin: 0.5rem 0; padding: 0.5rem; background: #f5f5f5; } .status_active { color: green; } .status_inactive { color: red; } '
DEBUG: extracted classes: {"item", "status_active", "status_inactive", "content"}
DEBUG: extracted ids: {}
DEBUG: scoped_css: '.content-sb19012bf95db5613 { padding: 1rem; }.item-sb19012bf95db5613 { margin: 0.5rem 0; padding: 0.5rem; background: #f5f5f5; }.status_active-sb19012bf95db5613 { color: green; }.status_inactive-sb19012bf95db5613 { color: red; }'
DEBUG: bindings tokens: let item = "item-sb19012bf95db5613"; let status_active =
"status_active-sb19012bf95db5613"; let status_inactive =
"status_inactive-sb19012bf95db5613"; let content =
"content-sb19012bf95db5613";
DEBUG: process_styles called with 4 nodes
DEBUG: process_styles called with 1 nodes
DEBUG: process_styles called with 4 nodes
DEBUG: process_styles called with 1 nodes
DEBUG: process_styles called with 1 nodes
DEBUG: process_styles called with 1 nodes
DEBUG: process_styles called with 1 nodes
DEBUG: process_styles called with 2 nodes
DEBUG: process_styles called with 1 nodes
DEBUG: process_styles called with 1 nodes
DEBUG: process_styles called with 1 nodes
DEBUG: process_styles called with 1 nodes
DEBUG: process_styles called with 1 nodes
DEBUG: process_styles called with 1 nodes
DEBUG: process_styles called with 1 nodes
DEBUG: process_styles called with 1 nodes
DEBUG: parse_nodes saw tag: style
DEBUG: Parsing <style> tag
DEBUG: parse_nodes saw tag: div
DEBUG: parse_nodes falling through to Element
Parsing element: div
DEBUG: parse_nodes saw tag: header
DEBUG: parse_nodes falling through to Element
Parsing element: header
DEBUG: parse_nodes saw tag: h1
DEBUG: parse_nodes falling through to Element
Parsing element: h1
Element::parse: Found closing tag sequence
Found closing tag: </h1>  (expected </h1>)
DEBUG: parse_nodes saw tag: p
DEBUG: parse_nodes falling through to Element
Parsing element: p
Element::parse: Found closing tag sequence
Found closing tag: </p>  (expected </p>)
Element::parse: Found closing tag sequence
Found closing tag: </header>  (expected </header>)
DEBUG: parse_nodes saw tag: section
DEBUG: parse_nodes falling through to Element
Parsing element: section
DEBUG: parse_nodes saw tag: h2
DEBUG: parse_nodes falling through to Element
Parsing element: h2
Element::parse: Found closing tag sequence
Found closing tag: </h2>  (expected </h2>)
DEBUG: parse_nodes saw tag: ul
DEBUG: parse_nodes falling through to Element
Parsing element: ul
DEBUG: parse_nodes saw tag: li
DEBUG: parse_nodes falling through to Element
Parsing element: li
Element::parse: Found closing tag sequence
Found closing tag: </li>  (expected </li>)
DEBUG: parse_nodes saw tag: li
DEBUG: parse_nodes falling through to Element
Parsing element: li
Element::parse: Found closing tag sequence
Found closing tag: </li>  (expected </li>)
DEBUG: parse_nodes saw tag: li
DEBUG: parse_nodes falling through to Element
Parsing element: li
Element::parse: Found closing tag sequence
Found closing tag: </li>  (expected </li>)
DEBUG: parse_nodes saw tag: li
DEBUG: parse_nodes falling through to Element
Parsing element: li
Element::parse: Found closing tag sequence
Found closing tag: </li>  (expected </li>)
DEBUG: parse_nodes saw tag: li
DEBUG: parse_nodes falling through to Element
Parsing element: li
Element::parse: Found closing tag sequence
Found closing tag: </li>  (expected </li>)
Element::parse: Found closing tag sequence
Found closing tag: </ul>  (expected </ul>)
Element::parse: Found closing tag sequence
Found closing tag: </section>  (expected </section>)
DEBUG: parse_nodes saw tag: section
DEBUG: parse_nodes falling through to Element
Parsing element: section
DEBUG: parse_nodes saw tag: div
DEBUG: parse_nodes falling through to Element
Parsing element: div
Element::parse: Found closing tag sequence
Found closing tag: </div>  (expected </div>)
DEBUG: parse_nodes saw tag: div
DEBUG: parse_nodes falling through to Element
Parsing element: div
Element::parse: Found closing tag sequence
Found closing tag: </div>  (expected </div>)
DEBUG: parse_nodes saw tag: div
DEBUG: parse_nodes falling through to Element
Parsing element: div
Element::parse: Found closing tag sequence
Found closing tag: </div>  (expected </div>)
Element::parse: Found closing tag sequence
Found closing tag: </section>  (expected </section>)
Element::parse: Found closing tag sequence
Found closing tag: </div>  (expected </div>)
DEBUG: process_styles called with 2 nodes
DEBUG: process_styles found style block
DEBUG: raw_css: '.container { padding: 20px; } .header { text-align: center; margin-bottom: 30px; } .main_title { font-size: 32px; color: #333; } .subtitle { font-size: 18px; color: #666; } .key_points { background: #f9f9f9; padding: 20px; border-radius: 8px; margin-bottom: 30px; } .section_title { font-size: 20px; margin-bottom: 15px; } .points_list { list-style: none; padding: 0; } .point { margin-bottom: 10px; } .examples { display: grid; gap: 20px; } .example_card { border: 1px solid #ddd; padding: 20px; border-radius: 8px; } '
DEBUG: extracted classes: {"section_title", "examples", "container", "subtitle", "key_points", "main_title", "point", "example_card", "header", "points_list"}
DEBUG: extracted ids: {}
DEBUG: scoped_css: '.container-s5e01d6a09ae0fa76 { padding: 20px; }.header-s5e01d6a09ae0fa76 { text-align: center; margin-bottom: 30px; }.main_title-s5e01d6a09ae0fa76 { font-size: 32px; color: #333; }.subtitle-s5e01d6a09ae0fa76 { font-size: 18px; color: #666; }.key_points-s5e01d6a09ae0fa76 { background: #f9f9f9; padding: 20px; border-radius: 8px; margin-bottom: 30px; }.section_title-s5e01d6a09ae0fa76 { font-size: 20px; margin-bottom: 15px; }.points_list-s5e01d6a09ae0fa76 { list-style: none; padding: 0; }.point-s5e01d6a09ae0fa76 { margin-bottom: 10px; }.examples-s5e01d6a09ae0fa76 { display: grid; gap: 20px; }.example_card-s5e01d6a09ae0fa76 { border: 1px solid #ddd; padding: 20px; border-radius: 8px; }'
DEBUG: bindings tokens: let section_title = "section_title-s5e01d6a09ae0fa76"; let examples =
"examples-s5e01d6a09ae0fa76"; let container = "container-s5e01d6a09ae0fa76";
let subtitle = "subtitle-s5e01d6a09ae0fa76"; let key_points =
"key_points-s5e01d6a09ae0fa76"; let main_title =
"main_title-s5e01d6a09ae0fa76"; let point = "point-s5e01d6a09ae0fa76"; let
example_card = "example_card-s5e01d6a09ae0fa76"; let header =
"header-s5e01d6a09ae0fa76"; let points_list = "points_list-s5e01d6a09ae0fa76";
DEBUG: process_styles called with 3 nodes
DEBUG: process_styles called with 2 nodes
DEBUG: process_styles called with 1 nodes
DEBUG: process_styles called with 1 nodes
DEBUG: process_styles called with 2 nodes
DEBUG: process_styles called with 1 nodes
DEBUG: process_styles called with 5 nodes
DEBUG: process_styles called with 1 nodes
DEBUG: process_styles called with 1 nodes
DEBUG: process_styles called with 1 nodes
DEBUG: process_styles called with 1 nodes
DEBUG: process_styles called with 1 nodes
DEBUG: process_styles called with 3 nodes
DEBUG: process_styles called with 1 nodes
DEBUG: process_styles called with 1 nodes
DEBUG: process_styles called with 1 nodes
DEBUG: parse_nodes saw tag: style
DEBUG: Parsing <style> tag
DEBUG: parse_nodes saw tag: div
DEBUG: parse_nodes falling through to Element
Parsing element: div
DEBUG: parse_nodes saw tag: h3
DEBUG: parse_nodes falling through to Element
Parsing element: h3
Element::parse: Found closing tag sequence
Found closing tag: </h3>  (expected </h3>)
DEBUG: parse_nodes saw tag: div
DEBUG: parse_nodes falling through to Element
Parsing element: div
DEBUG: parse_nodes saw tag: h4
DEBUG: parse_nodes falling through to Element
Parsing element: h4
Element::parse: Found closing tag sequence
Found closing tag: </h4>  (expected </h4>)
DEBUG: parse_nodes saw tag: p
DEBUG: parse_nodes falling through to Element
Parsing element: p
Element::parse: Found closing tag sequence
Found closing tag: </p>  (expected </p>)
Element::parse: Found closing tag sequence
Found closing tag: </div>  (expected </div>)
Element::parse: Found closing tag sequence
Found closing tag: </div>  (expected </div>)
DEBUG: process_styles called with 2 nodes
DEBUG: process_styles found style block
DEBUG: raw_css: '.composition_demo { padding: 1rem; } .component_container { margin: 0.5rem 0; padding: 0.5rem; background: #f5f5f5; } '
DEBUG: extracted classes: {"component_container", "composition_demo"}
DEBUG: extracted ids: {}
DEBUG: scoped_css: '.composition_demo-s74f0585d3a265be3 { padding: 1rem; }.component_container-s74f0585d3a265be3 { margin: 0.5rem 0; padding: 0.5rem; background: #f5f5f5; }'
DEBUG: bindings tokens: let component_container = "component_container-s74f0585d3a265be3"; let
composition_demo = "composition_demo-s74f0585d3a265be3";
DEBUG: process_styles called with 4 nodes
DEBUG: process_styles called with 1 nodes
DEBUG: process_styles called with 2 nodes
DEBUG: process_styles called with 1 nodes
DEBUG: process_styles called with 1 nodes
DEBUG: parse_nodes saw tag: style
DEBUG: Parsing <style> tag
DEBUG: parse_nodes saw tag: div
DEBUG: parse_nodes falling through to Element
Parsing element: div
DEBUG: parse_nodes saw tag: h3
DEBUG: parse_nodes falling through to Element
Parsing element: h3
Element::parse: Found closing tag sequence
Found closing tag: </h3>  (expected </h3>)
DEBUG: parse_nodes saw tag: p
DEBUG: parse_nodes falling through to Element
Parsing element: p
DEBUG: parse_nodes saw tag: span
DEBUG: parse_nodes falling through to Element
Parsing element: span
Element::parse: Found closing tag sequence
Found closing tag: </span>  (expected </span>)
Element::parse: Found closing tag sequence
Found closing tag: </p>  (expected </p>)
DEBUG: parse_nodes saw tag: p
DEBUG: parse_nodes falling through to Element
Parsing element: p
DEBUG: parse_nodes saw tag: span
DEBUG: parse_nodes falling through to Element
Parsing element: span
Element::parse: Found closing tag sequence
Found closing tag: </span>  (expected </span>)
Element::parse: Found closing tag sequence
Found closing tag: </p>  (expected </p>)
Element::parse: Found closing tag sequence
Found closing tag: </div>  (expected </div>)
DEBUG: process_styles called with 2 nodes
DEBUG: process_styles found style block
DEBUG: raw_css: '.conditions_demo { padding: 1rem; background: #f9f9f9; } .result { font-weight: bold; } '
DEBUG: extracted classes: {"conditions_demo", "result"}
DEBUG: extracted ids: {}
DEBUG: scoped_css: '.conditions_demo-sa20f8bab8162709c { padding: 1rem; background: #f9f9f9; }.result-sa20f8bab8162709c { font-weight: bold; }'
DEBUG: bindings tokens: let conditions_demo = "conditions_demo-sa20f8bab8162709c"; let result =
"result-sa20f8bab8162709c";
DEBUG: process_styles called with 5 nodes
DEBUG: process_styles called with 1 nodes
DEBUG: process_styles called with 2 nodes
DEBUG: process_styles called with 1 nodes
DEBUG: process_styles called with 2 nodes
DEBUG: process_styles called with 1 nodes
DEBUG: parse_nodes saw tag: style
DEBUG: Parsing <style> tag
DEBUG: parse_nodes saw tag: div
DEBUG: parse_nodes falling through to Element
Parsing element: div
DEBUG: parse_nodes saw tag: h2
DEBUG: parse_nodes falling through to Element
Parsing element: h2
Element::parse: Found closing tag sequence
Found closing tag: </h2>  (expected </h2>)
DEBUG: parse_nodes saw tag: p
DEBUG: parse_nodes falling through to Element
Parsing element: p
DEBUG: parse_nodes saw tag: span
DEBUG: parse_nodes falling through to Element
Parsing element: span
Element::parse: Found closing tag sequence
Found closing tag: </span>  (expected </span>)
Element::parse: Found closing tag sequence
Found closing tag: </p>  (expected </p>)
DEBUG: parse_nodes saw tag: p
DEBUG: parse_nodes falling through to Element
Parsing element: p
DEBUG: parse_nodes saw tag: span
DEBUG: parse_nodes falling through to Element
Parsing element: span
Element::parse: Found closing tag sequence
Found closing tag: </span>  (expected </span>)
Element::parse: Found closing tag sequence
Found closing tag: </p>  (expected </p>)
DEBUG: parse_nodes saw tag: div
DEBUG: parse_nodes falling through to Element
Parsing element: div
DEBUG: parse_nodes saw tag: p
DEBUG: parse_nodes falling through to Element
Parsing element: p
Element::parse: Found closing tag sequence
Found closing tag: </p>  (expected </p>)
DEBUG: parse_nodes saw tag: p
DEBUG: parse_nodes falling through to Element
Parsing element: p
Element::parse: Found closing tag sequence
Found closing tag: </p>  (expected </p>)
DEBUG: parse_nodes saw tag: p
DEBUG: parse_nodes falling through to Element
Parsing element: p
Element::parse: Found closing tag sequence
Found closing tag: </p>  (expected </p>)
Element::parse: Found closing tag sequence
Found closing tag: </div>  (expected </div>)
DEBUG: parse_nodes saw tag: div
DEBUG: parse_nodes falling through to Element
Parsing element: div
DEBUG: parse_nodes saw tag: h3
DEBUG: parse_nodes falling through to Element
Parsing element: h3
Element::parse: Found closing tag sequence
Found closing tag: </h3>  (expected </h3>)
DEBUG: parse_nodes saw tag: p
DEBUG: parse_nodes falling through to Element
Parsing element: p
Element::parse: Found closing tag sequence
Found closing tag: </p>  (expected </p>)
Element::parse: Found closing tag sequence
Found closing tag: </div>  (expected </div>)
Element::parse: Found closing tag sequence
Found closing tag: </div>  (expected </div>)
DEBUG: process_styles called with 2 nodes
DEBUG: process_styles found style block
DEBUG: raw_css: '.let_demo { padding: 1rem; } .calculated { font-weight: bold; color: #2196f3; } .derived { background: #f0f0f0; padding: 0.5rem; } '
DEBUG: extracted classes: {"calculated", "derived", "let_demo"}
DEBUG: extracted ids: {}
DEBUG: scoped_css: '.let_demo-sdb8d346b57ac2316 { padding: 1rem; }.calculated-sdb8d346b57ac2316 { font-weight: bold; color: #2196f3; }.derived-sdb8d346b57ac2316 { background: #f0f0f0; padding: 0.5rem; }'
DEBUG: bindings tokens: let calculated = "calculated-sdb8d346b57ac2316"; let derived =
"derived-sdb8d346b57ac2316"; let let_demo = "let_demo-sdb8d346b57ac2316";
DEBUG: process_styles called with 13 nodes
DEBUG: process_styles called with 1 nodes
DEBUG: process_styles called with 3 nodes
DEBUG: process_styles called with 1 nodes
DEBUG: process_styles called with 2 nodes
DEBUG: process_styles called with 1 nodes
DEBUG: process_styles called with 3 nodes
DEBUG: process_styles called with 1 nodes
DEBUG: process_styles called with 1 nodes
DEBUG: process_styles called with 1 nodes
DEBUG: process_styles called with 2 nodes
DEBUG: process_styles called with 1 nodes
DEBUG: process_styles called with 1 nodes
DEBUG: process_styles called with 1 nodes
DEBUG: parse_nodes saw tag: style
DEBUG: Parsing <style> tag
DEBUG: parse_nodes saw tag: div
DEBUG: parse_nodes falling through to Element
Parsing element: div
DEBUG: parse_nodes saw tag: header
DEBUG: parse_nodes falling through to Element
Parsing element: header
DEBUG: parse_nodes saw tag: h1
DEBUG: parse_nodes falling through to Element
Parsing element: h1
Element::parse: Found closing tag sequence
Found closing tag: </h1>  (expected </h1>)
DEBUG: parse_nodes saw tag: p
DEBUG: parse_nodes falling through to Element
Parsing element: p
Element::parse: Found closing tag sequence
Found closing tag: </p>  (expected </p>)
Element::parse: Found closing tag sequence
Found closing tag: </header>  (expected </header>)
DEBUG: parse_nodes saw tag: section
DEBUG: parse_nodes falling through to Element
Parsing element: section
DEBUG: parse_nodes saw tag: h2
DEBUG: parse_nodes falling through to Element
Parsing element: h2
Element::parse: Found closing tag sequence
Found closing tag: </h2>  (expected </h2>)
DEBUG: parse_nodes saw tag: ul
DEBUG: parse_nodes falling through to Element
Parsing element: ul
DEBUG: parse_nodes saw tag: li
DEBUG: parse_nodes falling through to Element
Parsing element: li
Element::parse: Found closing tag sequence
Found closing tag: </li>  (expected </li>)
DEBUG: parse_nodes saw tag: li
DEBUG: parse_nodes falling through to Element
Parsing element: li
Element::parse: Found closing tag sequence
Found closing tag: </li>  (expected </li>)
DEBUG: parse_nodes saw tag: li
DEBUG: parse_nodes falling through to Element
Parsing element: li
Element::parse: Found closing tag sequence
Found closing tag: </li>  (expected </li>)
DEBUG: parse_nodes saw tag: li
DEBUG: parse_nodes falling through to Element
Parsing element: li
Element::parse: Found closing tag sequence
Found closing tag: </li>  (expected </li>)
DEBUG: parse_nodes saw tag: li
DEBUG: parse_nodes falling through to Element
Parsing element: li
Element::parse: Found closing tag sequence
Found closing tag: </li>  (expected </li>)
Element::parse: Found closing tag sequence
Found closing tag: </ul>  (expected </ul>)
Element::parse: Found closing tag sequence
Found closing tag: </section>  (expected </section>)
DEBUG: parse_nodes saw tag: section
DEBUG: parse_nodes falling through to Element
Parsing element: section
DEBUG: parse_nodes saw tag: div
DEBUG: parse_nodes falling through to Element
Parsing element: div
Element::parse: Found closing tag sequence
Found closing tag: </div>  (expected </div>)
DEBUG: parse_nodes saw tag: div
DEBUG: parse_nodes falling through to Element
Parsing element: div
Element::parse: Found closing tag sequence
Found closing tag: </div>  (expected </div>)
DEBUG: parse_nodes saw tag: div
DEBUG: parse_nodes falling through to Element
Parsing element: div
Element::parse: Found closing tag sequence
Found closing tag: </div>  (expected </div>)
Element::parse: Found closing tag sequence
Found closing tag: </section>  (expected </section>)
Element::parse: Found closing tag sequence
Found closing tag: </div>  (expected </div>)
DEBUG: process_styles called with 2 nodes
DEBUG: process_styles found style block
DEBUG: raw_css: '.header { text-align: center; margin-bottom: 30px; } .main_title { font-size: 32px; color: #333; } .subtitle { font-size: 18px; color: #666; } .key_points { background: #f9f9f9; padding: 20px; border-radius: 8px; margin-bottom: 30px; } .section_title { font-size: 20px; margin-bottom: 15px; } .points_list { list-style: none; padding: 0; } .point { margin-bottom: 10px; } .examples { display: grid; gap: 20px; } .example_card { border: 1px solid #ddd; padding: 20px; border-radius: 8px; } '
DEBUG: extracted classes: {"point", "examples", "points_list", "subtitle", "header", "key_points", "section_title", "example_card", "main_title"}
DEBUG: extracted ids: {}
DEBUG: scoped_css: '.header-sf72d3607cb9a5e67 { text-align: center; margin-bottom: 30px; }.main_title-sf72d3607cb9a5e67 { font-size: 32px; color: #333; }.subtitle-sf72d3607cb9a5e67 { font-size: 18px; color: #666; }.key_points-sf72d3607cb9a5e67 { background: #f9f9f9; padding: 20px; border-radius: 8px; margin-bottom: 30px; }.section_title-sf72d3607cb9a5e67 { font-size: 20px; margin-bottom: 15px; }.points_list-sf72d3607cb9a5e67 { list-style: none; padding: 0; }.point-sf72d3607cb9a5e67 { margin-bottom: 10px; }.examples-sf72d3607cb9a5e67 { display: grid; gap: 20px; }.example_card-sf72d3607cb9a5e67 { border: 1px solid #ddd; padding: 20px; border-radius: 8px; }'
DEBUG: bindings tokens: let point = "point-sf72d3607cb9a5e67"; let examples =
"examples-sf72d3607cb9a5e67"; let points_list =
"points_list-sf72d3607cb9a5e67"; let subtitle = "subtitle-sf72d3607cb9a5e67";
let header = "header-sf72d3607cb9a5e67"; let key_points =
"key_points-sf72d3607cb9a5e67"; let section_title =
"section_title-sf72d3607cb9a5e67"; let example_card =
"example_card-sf72d3607cb9a5e67"; let main_title =
"main_title-sf72d3607cb9a5e67";
DEBUG: parse_nodes saw tag: style
DEBUG: Parsing <style> tag
DEBUG: parse_nodes saw tag: div
DEBUG: parse_nodes falling through to Element
Parsing element: div
DEBUG: parse_nodes saw tag: div
DEBUG: parse_nodes falling through to Element
Parsing element: div
DEBUG: parse_nodes saw tag: div
DEBUG: parse_nodes falling through to Element
Parsing element: div
Element::parse: Found closing tag sequence
Found closing tag: </div>  (expected </div>)
DEBUG: parse_nodes saw tag: div
DEBUG: parse_nodes falling through to Element
Parsing element: div
Element::parse: Found closing tag sequence
Found closing tag: </div>  (expected </div>)
DEBUG: parse_nodes saw tag: div
DEBUG: parse_nodes falling through to Element
Parsing element: div
Element::parse: Found closing tag sequence
Found closing tag: </div>  (expected </div>)
Element::parse: Found closing tag sequence
Found closing tag: </div>  (expected </div>)
DEBUG: parse_nodes saw tag: p
DEBUG: parse_nodes falling through to Element
Parsing element: p
Element::parse: Found closing tag sequence
Found closing tag: </p>  (expected </p>)
Element::parse: Found closing tag sequence
Found closing tag: </div>  (expected </div>)
DEBUG: process_styles called with 2 nodes
DEBUG: process_styles found style block
DEBUG: raw_css: '.children_demo { display: grid; gap: 1rem; } .child_item { padding: 0.5rem; background: #f9f9f9; border: 1px solid #eee; } '
DEBUG: extracted classes: {"child_item", "children_demo"}
DEBUG: extracted ids: {}
DEBUG: scoped_css: '.children_demo-sd8085ca0faae7a19 { display: grid; gap: 1rem; }.child_item-sd8085ca0faae7a19 { padding: 0.5rem; background: #f9f9f9; border: 1px solid #eee; }'
DEBUG: bindings tokens: let child_item = "child_item-sd8085ca0faae7a19"; let children_demo =
"children_demo-sd8085ca0faae7a19";
DEBUG: process_styles called with 2 nodes
DEBUG: parse_nodes saw tag: style
DEBUG: Parsing <style> tag
DEBUG: parse_nodes saw tag: div
DEBUG: parse_nodes falling through to Element
Parsing element: div
DEBUG: parse_nodes saw tag: h3
DEBUG: parse_nodes falling through to Element
Parsing element: h3
Element::parse: Found closing tag sequence
Found closing tag: </h3>  (expected </h3>)
DEBUG: parse_nodes saw tag: p
DEBUG: parse_nodes falling through to Element
Parsing element: p
Element::parse: Found closing tag sequence
Found closing tag: </p>  (expected </p>)
DEBUG: parse_nodes saw tag: div
DEBUG: parse_nodes falling through to Element
Parsing element: div
DEBUG: parse_nodes saw tag: p
DEBUG: parse_nodes falling through to Element
Parsing element: p
Element::parse: Found closing tag sequence
Found closing tag: </p>  (expected </p>)
DEBUG: parse_nodes saw tag: p
DEBUG: parse_nodes falling through to Element
Parsing element: p
Element::parse: Found closing tag sequence
Found closing tag: </p>  (expected </p>)
Element::parse: Found closing tag sequence
Found closing tag: </div>  (expected </div>)
Element::parse: Found closing tag sequence
Found closing tag: </div>  (expected </div>)
DEBUG: process_styles called with 2 nodes
DEBUG: process_styles found style block
DEBUG: validate_css_value checking 'white' for property 'background'. contains space? false
DEBUG: validate_css_value checking 'white' for property 'background'. contains space? false
DEBUG: raw_css: '.outer_container { background: #f0f0f0; padding: 1.5rem; } .inner_container { background: white; padding: 1rem; margin-top: 1rem; } '
DEBUG: extracted classes: {"inner_container", "outer_container"}
DEBUG: extracted ids: {}
DEBUG: scoped_css: '.outer_container-se700eadc9a0d879e { background: #f0f0f0; padding: 1.5rem; }.inner_container-se700eadc9a0d879e { background: white; padding: 1rem; margin-top: 1rem; }'
DEBUG: bindings tokens: let inner_container = "inner_container-se700eadc9a0d879e"; let outer_container
= "outer_container-se700eadc9a0d879e";
DEBUG: process_styles called with 2 nodes
DEBUG: process_styles called with 1 nodes
DEBUG: validate_css_value checking 'white' for property 'background'. contains space? false
DEBUG: parse_nodes saw tag: style
DEBUG: Parsing <style> tag
DEBUG: parse_nodes saw tag: div
DEBUG: parse_nodes falling through to Element
Parsing element: div
DEBUG: parse_nodes saw tag: h2
DEBUG: parse_nodes falling through to Element
Parsing element: h2
Element::parse: Found closing tag sequence
Found closing tag: </h2>  (expected </h2>)
Element::parse: Found closing tag sequence
Found closing tag: </div>  (expected </div>)
DEBUG: process_styles called with 2 nodes
DEBUG: process_styles found style block
DEBUG: raw_css: '.layout_title { font-size: 1.5rem; color: #2196f3; margin-bottom: 1rem; } '
DEBUG: extracted classes: {"layout_title"}
DEBUG: extracted ids: {}
DEBUG: scoped_css: '.layout_title-s4257bc281c2bd327 { font-size: 1.5rem; color: #2196f3; margin-bottom: 1rem; }'
DEBUG: bindings tokens: let layout_title = "layout_title-s4257bc281c2bd327";
DEBUG: process_styles called with 2 nodes
DEBUG: process_styles called with 1 nodes
DEBUG: parse_nodes saw tag: p
DEBUG: parse_nodes falling through to Element
Parsing element: p
Element::parse: Found closing tag sequence
Found closing tag: </p>  (expected </p>)
DEBUG: parse_nodes saw tag: p
DEBUG: parse_nodes falling through to Element
Parsing element: p
Element::parse: Found closing tag sequence
Found closing tag: </p>  (expected </p>)
DEBUG: process_styles called with 2 nodes
DEBUG: process_styles called with 1 nodes
DEBUG: process_styles called with 1 nodes
DEBUG: parse_nodes saw tag: style
DEBUG: Parsing <style> tag
DEBUG: parse_nodes saw tag: div
DEBUG: parse_nodes falling through to Element
Parsing element: div
Element::parse: Found closing tag sequence
Found closing tag: </div>  (expected </div>)
DEBUG: process_styles called with 2 nodes
DEBUG: process_styles found style block
DEBUG: raw_css: '.content_box { padding: 2rem; border: 1px solid #ddd; border-radius: 8px; } '
DEBUG: extracted classes: {"content_box"}
DEBUG: extracted ids: {}
DEBUG: scoped_css: '.content_box-s329935288cb409ed { padding: 2rem; border: 1px solid #ddd; border-radius: 8px; }'
DEBUG: bindings tokens: let content_box = "content_box-s329935288cb409ed";
DEBUG: process_styles called with 1 nodes
DEBUG: parse_nodes saw tag: style
DEBUG: Parsing <style> tag
DEBUG: parse_nodes saw tag: div
DEBUG: parse_nodes falling through to Element
Parsing element: div
DEBUG: parse_nodes saw tag: header
DEBUG: parse_nodes falling through to Element
Parsing element: header
DEBUG: parse_nodes saw tag: h1
DEBUG: parse_nodes falling through to Element
Parsing element: h1
Element::parse: Found closing tag sequence
Found closing tag: </h1>  (expected </h1>)
DEBUG: parse_nodes saw tag: p
DEBUG: parse_nodes falling through to Element
Parsing element: p
Element::parse: Found closing tag sequence
Found closing tag: </p>  (expected </p>)
Element::parse: Found closing tag sequence
Found closing tag: </header>  (expected </header>)
DEBUG: parse_nodes saw tag: section
DEBUG: parse_nodes falling through to Element
Parsing element: section
DEBUG: parse_nodes saw tag: h2
DEBUG: parse_nodes falling through to Element
Parsing element: h2
Element::parse: Found closing tag sequence
Found closing tag: </h2>  (expected </h2>)
DEBUG: parse_nodes saw tag: ul
DEBUG: parse_nodes falling through to Element
Parsing element: ul
DEBUG: parse_nodes saw tag: li
DEBUG: parse_nodes falling through to Element
Parsing element: li
Element::parse: Found closing tag sequence
Found closing tag: </li>  (expected </li>)
DEBUG: parse_nodes saw tag: li
DEBUG: parse_nodes falling through to Element
Parsing element: li
Element::parse: Found closing tag sequence
Found closing tag: </li>  (expected </li>)
DEBUG: parse_nodes saw tag: li
DEBUG: parse_nodes falling through to Element
Parsing element: li
Element::parse: Found closing tag sequence
Found closing tag: </li>  (expected </li>)
DEBUG: parse_nodes saw tag: li
DEBUG: parse_nodes falling through to Element
Parsing element: li
Element::parse: Found closing tag sequence
Found closing tag: </li>  (expected </li>)
DEBUG: parse_nodes saw tag: li
DEBUG: parse_nodes falling through to Element
Parsing element: li
Element::parse: Found closing tag sequence
Found closing tag: </li>  (expected </li>)
Element::parse: Found closing tag sequence
Found closing tag: </ul>  (expected </ul>)
Element::parse: Found closing tag sequence
Found closing tag: </section>  (expected </section>)
DEBUG: parse_nodes saw tag: section
DEBUG: parse_nodes falling through to Element
Parsing element: section
DEBUG: parse_nodes saw tag: div
DEBUG: parse_nodes falling through to Element
Parsing element: div
Element::parse: Found closing tag sequence
Found closing tag: </div>  (expected </div>)
DEBUG: parse_nodes saw tag: div
DEBUG: parse_nodes falling through to Element
Parsing element: div
Element::parse: Found closing tag sequence
Found closing tag: </div>  (expected </div>)
DEBUG: parse_nodes saw tag: div
DEBUG: parse_nodes falling through to Element
Parsing element: div
Element::parse: Found closing tag sequence
Found closing tag: </div>  (expected </div>)
Element::parse: Found closing tag sequence
Found closing tag: </section>  (expected </section>)
Element::parse: Found closing tag sequence
Found closing tag: </div>  (expected </div>)
DEBUG: process_styles called with 2 nodes
DEBUG: process_styles found style block
DEBUG: raw_css: '.container { padding: 20px; } .header { text-align: center; margin-bottom: 30px; } .main_title { font-size: 32px; color: #333; } .subtitle { font-size: 18px; color: #666; } .key_points { background: #f9f9f9; padding: 20px; border-radius: 8px; margin-bottom: 30px; } .section_title { font-size: 20px; margin-bottom: 15px; } .points_list { list-style: none; padding: 0; } .point { margin-bottom: 10px; } .examples { display: grid; gap: 20px; } .example_card { border: 1px solid #ddd; padding: 20px; border-radius: 8px; } '
DEBUG: extracted classes: {"points_list", "section_title", "point", "examples", "main_title", "subtitle", "key_points", "container", "header", "example_card"}
DEBUG: extracted ids: {}
DEBUG: scoped_css: '.container-s5e01d6a09ae0fa76 { padding: 20px; }.header-s5e01d6a09ae0fa76 { text-align: center; margin-bottom: 30px; }.main_title-s5e01d6a09ae0fa76 { font-size: 32px; color: #333; }.subtitle-s5e01d6a09ae0fa76 { font-size: 18px; color: #666; }.key_points-s5e01d6a09ae0fa76 { background: #f9f9f9; padding: 20px; border-radius: 8px; margin-bottom: 30px; }.section_title-s5e01d6a09ae0fa76 { font-size: 20px; margin-bottom: 15px; }.points_list-s5e01d6a09ae0fa76 { list-style: none; padding: 0; }.point-s5e01d6a09ae0fa76 { margin-bottom: 10px; }.examples-s5e01d6a09ae0fa76 { display: grid; gap: 20px; }.example_card-s5e01d6a09ae0fa76 { border: 1px solid #ddd; padding: 20px; border-radius: 8px; }'
DEBUG: bindings tokens: let points_list = "points_list-s5e01d6a09ae0fa76"; let section_title =
"section_title-s5e01d6a09ae0fa76"; let point = "point-s5e01d6a09ae0fa76"; let
examples = "examples-s5e01d6a09ae0fa76"; let main_title =
"main_title-s5e01d6a09ae0fa76"; let subtitle = "subtitle-s5e01d6a09ae0fa76";
let key_points = "key_points-s5e01d6a09ae0fa76"; let container =
"container-s5e01d6a09ae0fa76"; let header = "header-s5e01d6a09ae0fa76"; let
example_card = "example_card-s5e01d6a09ae0fa76";
DEBUG: process_styles called with 3 nodes
DEBUG: process_styles called with 2 nodes
DEBUG: process_styles called with 1 nodes
DEBUG: process_styles called with 1 nodes
DEBUG: process_styles called with 2 nodes
DEBUG: process_styles called with 1 nodes
DEBUG: process_styles called with 5 nodes
DEBUG: process_styles called with 1 nodes
DEBUG: process_styles called with 1 nodes
DEBUG: process_styles called with 1 nodes
DEBUG: process_styles called with 1 nodes
DEBUG: process_styles called with 1 nodes
DEBUG: process_styles called with 3 nodes
DEBUG: process_styles called with 1 nodes
DEBUG: process_styles called with 1 nodes
DEBUG: process_styles called with 1 nodes
DEBUG: parse_nodes saw tag: style
DEBUG: Parsing <style> tag
DEBUG: parse_nodes saw tag: div
DEBUG: parse_nodes falling through to Element
Parsing element: div
DEBUG: parse_nodes saw tag: h3
DEBUG: parse_nodes falling through to Element
Parsing element: h3
Element::parse: Found closing tag sequence
Found closing tag: </h3>  (expected </h3>)
DEBUG: parse_nodes saw tag: div
DEBUG: parse_nodes falling through to Element
Parsing element: div
DEBUG: parse_nodes saw tag: span
DEBUG: parse_nodes falling through to Element
Parsing element: span
Element::parse: Found closing tag sequence
Found closing tag: </span>  (expected </span>)
Element::parse: Found closing tag sequence
Found closing tag: </div>  (expected </div>)
DEBUG: parse_nodes saw tag: div
DEBUG: parse_nodes falling through to Element
Parsing element: div
DEBUG: parse_nodes saw tag: span
DEBUG: parse_nodes falling through to Element
Parsing element: span
Element::parse: Found closing tag sequence
Found closing tag: </span>  (expected </span>)
Element::parse: Found closing tag sequence
Found closing tag: </div>  (expected </div>)
DEBUG: parse_nodes saw tag: div
DEBUG: parse_nodes falling through to Element
Parsing element: div
DEBUG: parse_nodes saw tag: span
DEBUG: parse_nodes falling through to Element
Parsing element: span
Element::parse: Found closing tag sequence
Found closing tag: </span>  (expected </span>)
Element::parse: Found closing tag sequence
Found closing tag: </div>  (expected </div>)
DEBUG: parse_nodes saw tag: div
DEBUG: parse_nodes falling through to Element
Parsing element: div
DEBUG: parse_nodes saw tag: span
DEBUG: parse_nodes falling through to Element
Parsing element: span
Element::parse: Found closing tag sequence
Found closing tag: </span>  (expected </span>)
Element::parse: Found closing tag sequence
Found closing tag: </div>  (expected </div>)
Element::parse: Found closing tag sequence
Found closing tag: </div>  (expected </div>)
DEBUG: process_styles called with 2 nodes
DEBUG: process_styles found style block
DEBUG: validate_css_value checking 'white' for property 'background'. contains space? false
DEBUG: validate_css_value checking 'white' for property 'background'. contains space? false
DEBUG: raw_css: '.best_practices { padding: 1.5rem; background: #f9f9f9; } .practice_item { margin: 0.5rem 0; padding: 0.5rem; background: white; } .do_class { color: green; font-weight: bold; } .dont_class { color: red; font-weight: bold; } '
DEBUG: extracted classes: {"practice_item", "best_practices", "do_class", "dont_class"}
DEBUG: extracted ids: {}
DEBUG: scoped_css: '.best_practices-sd700cdd6d2e9f788 { padding: 1.5rem; background: #f9f9f9; }.practice_item-sd700cdd6d2e9f788 { margin: 0.5rem 0; padding: 0.5rem; background: white; }.do_class-sd700cdd6d2e9f788 { color: green; font-weight: bold; }.dont_class-sd700cdd6d2e9f788 { color: red; font-weight: bold; }'
DEBUG: bindings tokens: let practice_item = "practice_item-sd700cdd6d2e9f788"; let best_practices =
"best_practices-sd700cdd6d2e9f788"; let do_class =
"do_class-sd700cdd6d2e9f788"; let dont_class = "dont_class-sd700cdd6d2e9f788";
DEBUG: process_styles called with 5 nodes
DEBUG: process_styles called with 1 nodes
DEBUG: process_styles called with 2 nodes
DEBUG: process_styles called with 1 nodes
DEBUG: process_styles called with 2 nodes
DEBUG: process_styles called with 1 nodes
DEBUG: process_styles called with 2 nodes
DEBUG: process_styles called with 1 nodes
DEBUG: process_styles called with 2 nodes
DEBUG: process_styles called with 1 nodes
DEBUG: validate_css_value checking 'white' for property 'background'. contains space? false
DEBUG: parse_nodes saw tag: style
DEBUG: Parsing <style> tag
DEBUG: parse_nodes saw tag: style
DEBUG: Parsing <style> tag
DEBUG: parse_nodes saw tag: div
DEBUG: parse_nodes falling through to Element
Parsing element: div
DEBUG: parse_nodes saw tag: h3
DEBUG: parse_nodes falling through to Element
Parsing element: h3
Element::parse: Found closing tag sequence
Found closing tag: </h3>  (expected </h3>)
DEBUG: parse_nodes saw tag: p
DEBUG: parse_nodes falling through to Element
Parsing element: p
Element::parse: Found closing tag sequence
Found closing tag: </p>  (expected </p>)
DEBUG: parse_nodes saw tag: p
DEBUG: parse_nodes falling through to Element
Parsing element: p
Element::parse: Found closing tag sequence
Found closing tag: </p>  (expected </p>)
Element::parse: Found closing tag sequence
Found closing tag: </div>  (expected </div>)
DEBUG: process_styles called with 3 nodes
DEBUG: process_styles found style block
DEBUG GLOBAL: input tokens: 
DEBUG GLOBAL: Parse SUCCESS
DEBUG GLOBAL: number of parsed rules: 0, at_rules: 0
DEBUG GLOBAL: raw_css: ''
DEBUG GLOBAL: extracted classes: {}
DEBUG GLOBAL: extracted ids: {}
DEBUG GLOBAL: bindings tokens: 
DEBUG: process_styles found style block
DEBUG: raw_css: '.container { padding: 1rem; border: 1px solid #ddd; } .scoped_title { color: #2196f3; } .global_simulation { font-size: 1.1rem; font-weight: bold; } '
DEBUG: extracted classes: {"scoped_title", "global_simulation", "container"}
DEBUG: extracted ids: {}
DEBUG: scoped_css: '.container-s805c03654d899420 { padding: 1rem; border: 1px solid #ddd; }.scoped_title-s805c03654d899420 { color: #2196f3; }.global_simulation-s805c03654d899420 { font-size: 1.1rem; font-weight: bold; }'
DEBUG: bindings tokens: let scoped_title = "scoped_title-s805c03654d899420"; let global_simulation =
"global_simulation-s805c03654d899420"; let container =
"container-s805c03654d899420";
DEBUG: process_styles called with 3 nodes
DEBUG: process_styles called with 1 nodes
DEBUG: process_styles called with 1 nodes
DEBUG: process_styles called with 1 nodes
DEBUG: parse_nodes saw tag: style
DEBUG: Parsing <style> tag
DEBUG: parse_nodes saw tag: style
DEBUG: Parsing <style> tag
DEBUG: parse_nodes saw tag: div
DEBUG: parse_nodes falling through to Element
Parsing element: div
DEBUG: parse_nodes saw tag: h2
DEBUG: parse_nodes falling through to Element
Parsing element: h2
Element::parse: Found closing tag sequence
Found closing tag: </h2>  (expected </h2>)
DEBUG: parse_nodes saw tag: p
DEBUG: parse_nodes falling through to Element
Parsing element: p
Element::parse: Found closing tag sequence
Found closing tag: </p>  (expected </p>)
DEBUG: parse_nodes saw tag: p
DEBUG: parse_nodes falling through to Element
Parsing element: p
Element::parse: Found closing tag sequence
Found closing tag: </p>  (expected </p>)
Element::parse: Found closing tag sequence
Found closing tag: </div>  (expected </div>)
DEBUG: process_styles called with 3 nodes
DEBUG: process_styles found style block
DEBUG GLOBAL: input tokens: body { font-family: "Arial, sans-serif"; }
DEBUG GLOBAL: Parse SUCCESS
DEBUG GLOBAL: number of parsed rules: 1, at_rules: 0
DEBUG GLOBAL: raw_css: 'body { font-family: Arial, sans-serif; } '
DEBUG GLOBAL: extracted classes: {}
DEBUG GLOBAL: extracted ids: {}
DEBUG GLOBAL: bindings tokens: 
DEBUG: process_styles found style block
DEBUG: raw_css: '.component_class { background: #f5f5f5; padding: 1rem; } .local_class { color: blue; } .global_demo { color: purple; font-style: italic; } '
DEBUG: extracted classes: {"local_class", "global_demo", "component_class"}
DEBUG: extracted ids: {}
DEBUG: scoped_css: '.component_class-s8fd13c96d0d436c4 { background: #f5f5f5; padding: 1rem; }.local_class-s8fd13c96d0d436c4 { color: blue; }.global_demo-s8fd13c96d0d436c4 { color: purple; font-style: italic; }'
DEBUG: bindings tokens: let local_class = "local_class-s8fd13c96d0d436c4"; let global_demo =
"global_demo-s8fd13c96d0d436c4"; let component_class =
"component_class-s8fd13c96d0d436c4";
DEBUG: process_styles called with 3 nodes
DEBUG: process_styles called with 1 nodes
DEBUG: process_styles called with 1 nodes
DEBUG: process_styles called with 1 nodes
DEBUG: parse_nodes saw tag: style
DEBUG: Parsing <style> tag
DEBUG: parse_nodes saw tag: div
DEBUG: parse_nodes falling through to Element
Parsing element: div
DEBUG: parse_nodes saw tag: header
DEBUG: parse_nodes falling through to Element
Parsing element: header
DEBUG: parse_nodes saw tag: h1
DEBUG: parse_nodes falling through to Element
Parsing element: h1
Element::parse: Found closing tag sequence
Found closing tag: </h1>  (expected </h1>)
DEBUG: parse_nodes saw tag: p
DEBUG: parse_nodes falling through to Element
Parsing element: p
Element::parse: Found closing tag sequence
Found closing tag: </p>  (expected </p>)
Element::parse: Found closing tag sequence
Found closing tag: </header>  (expected </header>)
DEBUG: parse_nodes saw tag: div
DEBUG: parse_nodes falling through to Element
Parsing element: div
DEBUG: parse_nodes saw tag: input
DEBUG: parse_nodes falling through to Element
Parsing element: input
DEBUG: parse_nodes saw tag: button
DEBUG: parse_nodes falling through to Element
Parsing element: button
Element::parse: Found closing tag sequence
Found closing tag: </button>  (expected </button>)
Element::parse: Found closing tag sequence
Found closing tag: </div>  (expected </div>)
DEBUG: parse_nodes saw tag: div
DEBUG: parse_nodes falling through to Element
Parsing element: div
DEBUG: parse_nodes saw tag: div
DEBUG: parse_nodes falling through to Element
Parsing element: div
DEBUG: parse_nodes saw tag: button
DEBUG: parse_nodes falling through to Element
Parsing element: button
Element::parse: Found closing tag sequence
Found closing tag: </button>  (expected </button>)
DEBUG: parse_nodes saw tag: button
DEBUG: parse_nodes falling through to Element
Parsing element: button
Element::parse: Found closing tag sequence
Found closing tag: </button>  (expected </button>)
Element::parse: Found closing tag sequence
Found closing tag: </div>  (expected </div>)
DEBUG: parse_nodes saw tag: span
DEBUG: parse_nodes falling through to Element
Parsing element: span
Element::parse: Found closing tag sequence
Found closing tag: </span>  (expected </span>)
DEBUG: parse_nodes saw tag: button
DEBUG: parse_nodes falling through to Element
Parsing element: button
Element::parse: Found closing tag sequence
Found closing tag: </button>  (expected </button>)
Element::parse: Found closing tag sequence
Found closing tag: </div>  (expected </div>)
DEBUG: parse_nodes saw tag: div
DEBUG: parse_nodes falling through to Element
Parsing element: div
DEBUG: parse_nodes saw tag: div
DEBUG: parse_nodes falling through to Element
Parsing element: div
Element::parse: Found closing tag sequence
Found closing tag: </div>  (expected </div>)
DEBUG: parse_nodes saw tag: p
DEBUG: parse_nodes falling through to Element
Parsing element: p
Element::parse: Found closing tag sequence
Found closing tag: </p>  (expected </p>)
DEBUG: parse_nodes saw tag: div
DEBUG: parse_nodes falling through to Element
Parsing element: div
Element::parse: Found closing tag sequence
Found closing tag: </div>  (expected </div>)
Element::parse: Found closing tag sequence
Found closing tag: </div>  (expected </div>)
Element::parse: Found closing tag sequence
Found closing tag: </div>  (expected </div>)
DEBUG: process_styles called with 2 nodes
DEBUG: process_styles found style block
DEBUG: validate_css_value checking 'white' for property 'background'. contains space? false
DEBUG: validate_css_value checking 'white' for property 'color'. contains space? false
DEBUG: process_styles called with 4 nodes
DEBUG: process_styles called with 2 nodes
DEBUG: process_styles called with 1 nodes
DEBUG: process_styles called with 1 nodes
DEBUG: process_styles called with 2 nodes
DEBUG: process_styles called with 0 nodes
DEBUG: process_styles called with 1 nodes
DEBUG: process_styles called with 3 nodes
DEBUG: process_styles called with 2 nodes
DEBUG: process_styles called with 1 nodes
DEBUG: process_styles called with 1 nodes
DEBUG: process_styles called with 1 nodes
DEBUG: process_styles called with 1 nodes
DEBUG: process_styles called with 2 nodes
DEBUG: process_styles called with 1 nodes
DEBUG: process_styles called with 1 nodes
DEBUG: process_styles called with 2 nodes
DEBUG: process_styles called with 3 nodes
DEBUG: process_styles called with 1 nodes
DEBUG: validate_css_value checking 'white' for property 'background'. contains space? false
DEBUG: validate_css_value checking 'white' for property 'color'. contains space? false
DEBUG: reconstruct_css_from_tokens failed to parse: Invalid CSS value for property 'border-bottom': Unexpected space in value '1px solid #eee'. Did you mean '1pxsolid#eee'?
error: Invalid CSS value for property 'border-bottom': Unexpected space in value '1px solid #eee'. Did you mean '1pxsolid#eee'?
  --> demo/src/examples/lessons/pages/lesson15.rs:58:32
   |
58 |                 border-bottom: "1px solid #eee";
   |                                ^^^^^^^^^^^^^^^^

error: expected one of `,`, `.`, `?`, or an operator, found `;`
   --> demo/src/examples/lessons/pages/lesson15.rs:153:55
    |
153 |                     <div style={ --bg-color: "#e0f7fa"; --padding: "1rem" }>
    |                                                       ^ expected one of `,`, `.`, `?`, or an operator

error: expected one of `!`, `,`, `.`, `::`, `?`, `{`, or an operator, found `:`
   --> demo/src/examples/lessons/pages/lesson15.rs:153:66
    |
153 |                     <div style={ --bg-color: "#e0f7fa"; --padding: "1rem" }>
    |                                                                  ^ expected one of 7 possible tokens

DEBUG: html! macro called for lesson14 (tabs_container found)
DEBUG: parse_nodes saw tag: style
DEBUG: Parsing <style> tag
DEBUG: parse_nodes saw tag: div
DEBUG: parse_nodes falling through to Element
Parsing element: div
DEBUG: parse_nodes saw tag: div
DEBUG: parse_nodes falling through to Element
Parsing element: div
DEBUG: parse_nodes saw tag: button
DEBUG: parse_nodes falling through to Element
Parsing element: button
Element::parse: Found closing tag sequence
Found closing tag: </button>  (expected </button>)
DEBUG: parse_nodes saw tag: button
DEBUG: parse_nodes falling through to Element
Parsing element: button
Element::parse: Found closing tag sequence
Found closing tag: </button>  (expected </button>)
DEBUG: parse_nodes saw tag: button
DEBUG: parse_nodes falling through to Element
Parsing element: button
Element::parse: Found closing tag sequence
Found closing tag: </button>  (expected </button>)
Element::parse: Found closing tag sequence
Found closing tag: </div>  (expected </div>)
DEBUG: parse_nodes saw tag: div
DEBUG: parse_nodes falling through to Element
Parsing element: div
DEBUG: parse_nodes saw tag: div
DEBUG: parse_nodes falling through to Element
Parsing element: div
DEBUG: parse_nodes saw tag: h3
DEBUG: parse_nodes falling through to Element
Parsing element: h3
Element::parse: Found closing tag sequence
Found closing tag: </h3>  (expected </h3>)
DEBUG: parse_nodes saw tag: p
DEBUG: parse_nodes falling through to Element
Parsing element: p
Element::parse: Found closing tag sequence
Found closing tag: </p>  (expected </p>)
Element::parse: Found closing tag sequence
Found closing tag: </div>  (expected </div>)
DEBUG: parse_nodes saw tag: div
DEBUG: parse_nodes falling through to Element
Parsing element: div
DEBUG: parse_nodes saw tag: h3
DEBUG: parse_nodes falling through to Element
Parsing element: h3
Element::parse: Found closing tag sequence
Found closing tag: </h3>  (expected </h3>)
DEBUG: parse_nodes saw tag: ul
DEBUG: parse_nodes falling through to Element
Parsing element: ul
DEBUG: parse_nodes saw tag: li
DEBUG: parse_nodes falling through to Element
Parsing element: li
Element::parse: Found closing tag sequence
Found closing tag: </li>  (expected </li>)
DEBUG: parse_nodes saw tag: li
DEBUG: parse_nodes falling through to Element
Parsing element: li
Element::parse: Found closing tag sequence
Found closing tag: </li>  (expected </li>)
DEBUG: parse_nodes saw tag: li
DEBUG: parse_nodes falling through to Element
Parsing element: li
Element::parse: Found closing tag sequence
Found closing tag: </li>  (expected </li>)
DEBUG: parse_nodes saw tag: li
DEBUG: parse_nodes falling through to Element
Parsing element: li
Element::parse: Found closing tag sequence
Found closing tag: </li>  (expected </li>)
Element::parse: Found closing tag sequence
Found closing tag: </ul>  (expected </ul>)
Element::parse: Found closing tag sequence
Found closing tag: </div>  (expected </div>)
DEBUG: parse_nodes saw tag: div
DEBUG: parse_nodes falling through to Element
Parsing element: div
DEBUG: parse_nodes saw tag: h3
DEBUG: parse_nodes falling through to Element
Parsing element: h3
Element::parse: Found closing tag sequence
Found closing tag: </h3>  (expected </h3>)
DEBUG: parse_nodes saw tag: p
DEBUG: parse_nodes falling through to Element
Parsing element: p
Element::parse: Found closing tag sequence
Found closing tag: </p>  (expected </p>)
Element::parse: Found closing tag sequence
Found closing tag: </div>  (expected </div>)
Element::parse: Found closing tag sequence
Found closing tag: </div>  (expected </div>)
Element::parse: Found closing tag sequence
Found closing tag: </div>  (expected </div>)
DEBUG: html! macro parsed 2 nodes for lesson14
DEBUG: process_styles called with 2 nodes
DEBUG: process_styles found style block
DEBUG: validate_css_value checking 'white' for property 'background'. contains space? false
DEBUG: process_styles called with 2 nodes
DEBUG: process_styles called with 3 nodes
DEBUG: process_styles called with 1 nodes
DEBUG: process_styles called with 1 nodes
DEBUG: process_styles called with 1 nodes
DEBUG: process_styles called with 3 nodes
DEBUG: process_styles called with 1 nodes
DEBUG: process_styles called with 2 nodes
DEBUG: process_styles called with 1 nodes
DEBUG: process_styles called with 1 nodes
DEBUG: process_styles called with 1 nodes
DEBUG: process_styles called with 2 nodes
DEBUG: process_styles called with 1 nodes
DEBUG: process_styles called with 4 nodes
DEBUG: process_styles called with 1 nodes
DEBUG: process_styles called with 1 nodes
DEBUG: process_styles called with 1 nodes
DEBUG: process_styles called with 1 nodes
DEBUG: process_styles called with 1 nodes
DEBUG: process_styles called with 2 nodes
DEBUG: process_styles called with 1 nodes
DEBUG: process_styles called with 1 nodes
DEBUG: process_styles returned for lesson14. Bindings empty? false
DEBUG: validate_css_value checking 'white' for property 'background'. contains space? false
DEBUG: reconstruct_css_from_tokens failed to parse: Invalid CSS value for property 'border-bottom': Unexpected space in value '1px solid #e0e0e0'. Did you mean '1pxsolid#e0e0e0'?
error: Invalid CSS value for property 'border-bottom': Unexpected space in value '1px solid #e0e0e0'. Did you mean '1pxsolid#e0e0e0'?
  --> demo/src/examples/lessons/pages/lesson14.rs:39:32
   |
39 |                 border-bottom: "1px solid #e0e0e0";
   |                                ^^^^^^^^^^^^^^^^^^^

DEBUG: parse_nodes saw tag: style
DEBUG: Parsing <style> tag
DEBUG: parse_nodes saw tag: div
DEBUG: parse_nodes falling through to Element
Parsing element: div
DEBUG: parse_nodes saw tag: h2
DEBUG: parse_nodes falling through to Element
Parsing element: h2
Element::parse: Found closing tag sequence
Found closing tag: </h2>  (expected </h2>)
DEBUG: parse_nodes saw tag: div
DEBUG: parse_nodes falling through to Element
Parsing element: div
DEBUG: parse_nodes saw tag: div
DEBUG: parse_nodes falling through to Element
Parsing element: div
Element::parse: Found closing tag sequence
Found closing tag: </div>  (expected </div>)
DEBUG: parse_nodes saw tag: div
DEBUG: parse_nodes falling through to Element
Parsing element: div
Element::parse: Found closing tag sequence
Found closing tag: </div>  (expected </div>)
Element::parse: Found closing tag sequence
Found closing tag: </div>  (expected </div>)
DEBUG: parse_nodes saw tag: button
DEBUG: parse_nodes falling through to Element
Parsing element: button
Element::parse: Found closing tag sequence
Found closing tag: </button>  (expected </button>)
DEBUG: parse_nodes saw tag: div
DEBUG: parse_nodes falling through to Element
Parsing element: div
DEBUG: parse_nodes saw tag: label
DEBUG: parse_nodes falling through to Element
Parsing element: label
Element::parse: Found closing tag sequence
Found closing tag: </label>  (expected </label>)
DEBUG: parse_nodes saw tag: input
DEBUG: parse_nodes falling through to Element
Parsing element: input
Element::parse: Found closing tag sequence
Found closing tag: </div>  (expected </div>)
DEBUG: parse_nodes saw tag: div
DEBUG: parse_nodes falling through to Element
Parsing element: div
DEBUG: parse_nodes saw tag: label
DEBUG: parse_nodes falling through to Element
Parsing element: label
Element::parse: Found closing tag sequence
Found closing tag: </label>  (expected </label>)
DEBUG: parse_nodes saw tag: input
DEBUG: parse_nodes falling through to Element
Parsing element: input
Element::parse: Found closing tag sequence
Found closing tag: </div>  (expected </div>)
DEBUG: parse_nodes saw tag: div
DEBUG: parse_nodes falling through to Element
Parsing element: div
DEBUG: parse_nodes saw tag: label
DEBUG: parse_nodes falling through to Element
Parsing element: label
Element::parse: Found closing tag sequence
Found closing tag: </label>  (expected </label>)
DEBUG: parse_nodes saw tag: textarea
DEBUG: parse_nodes falling through to Element
Parsing element: textarea
Element::parse: Found closing tag sequence
Found closing tag: </textarea>  (expected </textarea>)
Element::parse: Found closing tag sequence
Found closing tag: </div>  (expected </div>)
DEBUG: parse_nodes saw tag: button
DEBUG: parse_nodes falling through to Element
Parsing element: button
Element::parse: Found closing tag sequence
Found closing tag: </button>  (expected </button>)
Element::parse: Found closing tag sequence
Found closing tag: </div>  (expected </div>)
DEBUG: process_styles called with 2 nodes
DEBUG: process_styles found style block
DEBUG: validate_css_value checking 'white' for property 'background'. contains space? false
DEBUG: validate_css_value checking 'white' for property 'color'. contains space? false
DEBUG: validate_css_value checking 'white' for property 'background'. contains space? false
DEBUG: validate_css_value checking 'white' for property 'color'. contains space? false
DEBUG: raw_css: '.form_container { max-width: 400px; padding: 2rem; background: white; border-radius: 12px; border: 1px solid #e0e0e0; } .form_title { margin-bottom: 1.5rem; color: #333; } .field { display: grid; gap: 0.5rem; margin-bottom: 1rem; } .label { font-weight: bold; color: #555; } .input { padding: 0.75rem; border: 1px solid #ddd; border-radius: 6px; font-size: 1rem; } .textarea { padding: 0.75rem; border: 1px solid #ddd; border-radius: 6px; font-size: 1rem; min-height: 100px; resize: vertical; } .btn { padding: 0.75rem 1.5rem; background: #2196f3; color: white; border: none; border-radius: 6px; font-size: 1rem; cursor: pointer; width: 100%; } .btn_secondary { background: #757575; } .success_box { padding: 2rem; text-align: center; background: #e8f5e9; border-radius: 8px; } .success_icon { font-size: 3rem; margin-bottom: 1rem; } .success_text { color: #2e7d32; font-size: 1.2rem; font-weight: bold; } '
DEBUG: extracted classes: {"success_text", "form_container", "form_title", "btn", "field", "label", "btn_secondary", "textarea", "success_icon", "success_box", "input"}
DEBUG: extracted ids: {}
DEBUG: scoped_css: '.form_container-sfa38fa093eb370f0 { max-width: 400px; padding: 2rem; background: white; border-radius: 12px; border: 1px solid #e0e0e0; }.form_title-sfa38fa093eb370f0 { margin-bottom: 1.5rem; color: #333; }.field-sfa38fa093eb370f0 { display: grid; gap: 0.5rem; margin-bottom: 1rem; }.label-sfa38fa093eb370f0 { font-weight: bold; color: #555; }.input-sfa38fa093eb370f0 { padding: 0.75rem; border: 1px solid #ddd; border-radius: 6px; font-size: 1rem; }.textarea-sfa38fa093eb370f0 { padding: 0.75rem; border: 1px solid #ddd; border-radius: 6px; font-size: 1rem; min-height: 100px; resize: vertical; }.btn-sfa38fa093eb370f0 { padding: 0.75rem 1.5rem; background: #2196f3; color: white; border: none; border-radius: 6px; font-size: 1rem; cursor: pointer; width: 100%; }.btn_secondary-sfa38fa093eb370f0 { background: #757575; }.success_box-sfa38fa093eb370f0 { padding: 2rem; text-align: center; background: #e8f5e9; border-radius: 8px; }.success_icon-sfa38fa093eb370f0 { font-size: 3rem; margin-bottom: 1rem; }.success_text-sfa38fa093eb370f0 { color: #2e7d32; font-size: 1.2rem; font-weight: bold; }'
DEBUG: bindings tokens: let success_text = "success_text-sfa38fa093eb370f0"; let form_container =
"form_container-sfa38fa093eb370f0"; let form_title =
"form_title-sfa38fa093eb370f0"; let btn = "btn-sfa38fa093eb370f0"; let field =
"field-sfa38fa093eb370f0"; let label = "label-sfa38fa093eb370f0"; let
btn_secondary = "btn_secondary-sfa38fa093eb370f0"; let textarea =
"textarea-sfa38fa093eb370f0"; let success_icon =
"success_icon-sfa38fa093eb370f0"; let success_box =
"success_box-sfa38fa093eb370f0"; let input = "input-sfa38fa093eb370f0";
DEBUG: process_styles called with 3 nodes
DEBUG: process_styles called with 1 nodes
DEBUG: process_styles called with 2 nodes
DEBUG: process_styles called with 2 nodes
DEBUG: process_styles called with 1 nodes
DEBUG: process_styles called with 1 nodes
DEBUG: process_styles called with 1 nodes
DEBUG: process_styles called with 4 nodes
DEBUG: process_styles called with 2 nodes
DEBUG: process_styles called with 1 nodes
DEBUG: process_styles called with 0 nodes
DEBUG: process_styles called with 2 nodes
DEBUG: process_styles called with 1 nodes
DEBUG: process_styles called with 0 nodes
DEBUG: process_styles called with 2 nodes
DEBUG: process_styles called with 1 nodes
DEBUG: process_styles called with 0 nodes
DEBUG: process_styles called with 1 nodes
DEBUG: validate_css_value checking 'white' for property 'background'. contains space? false
DEBUG: validate_css_value checking 'white' for property 'color'. contains space? false
error: Invalid style property 'margin-top'. Only CSS variables are allowed in inline styles.
       
       Allowed:
       - CSS Variables: style={ --custom-color: "red" }
       - CSS Variables (string): style="--custom-color: red"
       
       For standard properties like 'margin-top', please use CSS classes in the <style> block.
  --> demo/src/examples/lessons/pages/lesson13.rs:99:80
   |
99 |                 <button class="btn btn_secondary" on:click={state.reset} style="margin-top: 1rem;">
   |                                                                                ^^^^^^^^^^^^^^^^^^^

DEBUG: parse_nodes saw tag: style
DEBUG: Parsing <style> tag
DEBUG: parse_nodes saw tag: div
DEBUG: parse_nodes falling through to Element
Parsing element: div
DEBUG: parse_nodes saw tag: h3
DEBUG: parse_nodes falling through to Element
Parsing element: h3
Element::parse: Found closing tag sequence
Found closing tag: </h3>  (expected </h3>)
DEBUG: parse_nodes saw tag: div
DEBUG: parse_nodes falling through to Element
Parsing element: div
Element::parse: Found closing tag sequence
Found closing tag: </div>  (expected </div>)
DEBUG: parse_nodes saw tag: button
DEBUG: parse_nodes falling through to Element
Parsing element: button
Element::parse: Found closing tag sequence
Found closing tag: </button>  (expected </button>)
Element::parse: Found closing tag sequence
Found closing tag: </div>  (expected </div>)
DEBUG: process_styles called with 2 nodes
DEBUG: process_styles found style block
DEBUG: validate_css_value checking 'white' for property 'background'. contains space? false
DEBUG: validate_css_value checking 'white' for property 'color'. contains space? false
DEBUG: validate_css_value checking 'white' for property 'background'. contains space? false
DEBUG: validate_css_value checking 'white' for property 'color'. contains space? false
DEBUG: raw_css: '.flow_demo { padding: 2rem; background: white; border-radius: 12px; border: 1px solid #e0e0e0; } .flow_value { font-size: 3rem; font-weight: bold; color: #667eea; text-align: center; margin: 1rem 0; } .flow_btn { display: block; width: 100%; padding: 1rem; font-size: 1.2rem; background: #667eea; color: white; border: none; border-radius: 8px; cursor: pointer; } '
DEBUG: extracted classes: {"flow_demo", "flow_value", "flow_btn"}
DEBUG: extracted ids: {}
DEBUG: scoped_css: '.flow_demo-s176cd9aee4c32827 { padding: 2rem; background: white; border-radius: 12px; border: 1px solid #e0e0e0; }.flow_value-s176cd9aee4c32827 { font-size: 3rem; font-weight: bold; color: #667eea; text-align: center; margin: 1rem 0; }.flow_btn-s176cd9aee4c32827 { display: block; width: 100%; padding: 1rem; font-size: 1.2rem; background: #667eea; color: white; border: none; border-radius: 8px; cursor: pointer; }'
DEBUG: bindings tokens: let flow_demo = "flow_demo-s176cd9aee4c32827"; let flow_value =
"flow_value-s176cd9aee4c32827"; let flow_btn = "flow_btn-s176cd9aee4c32827";
DEBUG: process_styles called with 3 nodes
DEBUG: process_styles called with 1 nodes
DEBUG: process_styles called with 1 nodes
DEBUG: process_styles called with 1 nodes
DEBUG: validate_css_value checking 'white' for property 'background'. contains space? false
DEBUG: validate_css_value checking 'white' for property 'color'. contains space? false
DEBUG: parse_nodes saw tag: style
DEBUG: Parsing <style> tag
DEBUG: parse_nodes saw tag: div
DEBUG: parse_nodes falling through to Element
Parsing element: div
DEBUG: parse_nodes saw tag: div
DEBUG: parse_nodes falling through to Element
Parsing element: div
DEBUG: parse_nodes saw tag: div
DEBUG: parse_nodes falling through to Element
Parsing element: div
Element::parse: Found closing tag sequence
Found closing tag: </div>  (expected </div>)
DEBUG: parse_nodes saw tag: div
DEBUG: parse_nodes falling through to Element
Parsing element: div
Element::parse: Found closing tag sequence
Found closing tag: </div>  (expected </div>)
Element::parse: Found closing tag sequence
Found closing tag: </div>  (expected </div>)
DEBUG: parse_nodes saw tag: div
DEBUG: parse_nodes falling through to Element
Parsing element: div
DEBUG: parse_nodes saw tag: button
DEBUG: parse_nodes falling through to Element
Parsing element: button
Element::parse: Found closing tag sequence
Found closing tag: </button>  (expected </button>)
DEBUG: parse_nodes saw tag: span
DEBUG: parse_nodes falling through to Element
Parsing element: span
Element::parse: Found closing tag sequence
Found closing tag: </span>  (expected </span>)
DEBUG: parse_nodes saw tag: button
DEBUG: parse_nodes falling through to Element
Parsing element: button
Element::parse: Found closing tag sequence
Found closing tag: </button>  (expected </button>)
Element::parse: Found closing tag sequence
Found closing tag: </div>  (expected </div>)
DEBUG: parse_nodes saw tag: div
DEBUG: parse_nodes falling through to Element
Parsing element: div
Element::parse: Found closing tag sequence
Found closing tag: </div>  (expected </div>)
Element::parse: Found closing tag sequence
Found closing tag: </div>  (expected </div>)
DEBUG: process_styles called with 2 nodes
DEBUG: process_styles found style block
DEBUG: validate_css_value checking 'white' for property 'background'. contains space? false
DEBUG: validate_css_value checking 'white' for property 'background'. contains space? false
DEBUG: validate_css_value checking 'white' for property 'background'. contains space? false
DEBUG: validate_css_value checking 'white' for property 'background'. contains space? false
DEBUG: raw_css: '.cart_item { display: flex; align-items: center; gap: 1rem; padding: 1rem; border: 1px solid #eee; border-radius: 8px; background: white; } .item_info { flex: 1; } .item_name { font-weight: bold; color: #333; } .item_price { color: #666; } .qty_controls { display: flex; align-items: center; gap: 0.5rem; } .qty_btn { width: 32px; height: 32px; border: 1px solid #ddd; border-radius: 4px; background: white; cursor: pointer; font-size: 1.2rem; } .qty_value { min-width: 40px; text-align: center; font-weight: bold; } .item_total { font-weight: bold; color: #4caf50; min-width: 80px; text-align: right; } '
DEBUG: extracted classes: {"item_total", "qty_controls", "item_price", "qty_btn", "item_info", "qty_value", "cart_item", "item_name"}
DEBUG: extracted ids: {}
DEBUG: scoped_css: '.cart_item-se2714107097afbfc { display: flex; align-items: center; gap: 1rem; padding: 1rem; border: 1px solid #eee; border-radius: 8px; background: white; }.item_info-se2714107097afbfc { flex: 1; }.item_name-se2714107097afbfc { font-weight: bold; color: #333; }.item_price-se2714107097afbfc { color: #666; }.qty_controls-se2714107097afbfc { display: flex; align-items: center; gap: 0.5rem; }.qty_btn-se2714107097afbfc { width: 32px; height: 32px; border: 1px solid #ddd; border-radius: 4px; background: white; cursor: pointer; font-size: 1.2rem; }.qty_value-se2714107097afbfc { min-width: 40px; text-align: center; font-weight: bold; }.item_total-se2714107097afbfc { font-weight: bold; color: #4caf50; min-width: 80px; text-align: right; }'
DEBUG: bindings tokens: let item_total = "item_total-se2714107097afbfc"; let qty_controls =
"qty_controls-se2714107097afbfc"; let item_price =
"item_price-se2714107097afbfc"; let qty_btn = "qty_btn-se2714107097afbfc"; let
item_info = "item_info-se2714107097afbfc"; let qty_value =
"qty_value-se2714107097afbfc"; let cart_item = "cart_item-se2714107097afbfc";
let item_name = "item_name-se2714107097afbfc";
DEBUG: process_styles called with 4 nodes
DEBUG: process_styles called with 2 nodes
DEBUG: process_styles called with 1 nodes
DEBUG: process_styles called with 2 nodes
DEBUG: process_styles called with 3 nodes
DEBUG: process_styles called with 1 nodes
DEBUG: process_styles called with 1 nodes
DEBUG: process_styles called with 1 nodes
DEBUG: process_styles called with 2 nodes
DEBUG: validate_css_value checking 'white' for property 'background'. contains space? false
DEBUG: validate_css_value checking 'white' for property 'background'. contains space? false
DEBUG: parse_nodes saw tag: style
DEBUG: Parsing <style> tag
DEBUG: parse_nodes saw tag: div
DEBUG: parse_nodes falling through to Element
Parsing element: div
DEBUG: parse_nodes saw tag: button
DEBUG: parse_nodes falling through to Element
Parsing element: button
Element::parse: Found closing tag sequence
Found closing tag: </button>  (expected </button>)
DEBUG: parse_nodes saw tag: span
DEBUG: parse_nodes falling through to Element
Parsing element: span
Element::parse: Found closing tag sequence
Found closing tag: </span>  (expected </span>)
Element::parse: Found closing tag sequence
Found closing tag: </div>  (expected </div>)
DEBUG: process_styles called with 2 nodes
DEBUG: process_styles found style block
DEBUG: raw_css: '.like_container { display: inline-flex; align-items: center; gap: 0.5rem; } .like_btn { padding: 0.75rem 1.5rem; font-size: 1.5rem; border: 2px solid #e91e63; border-radius: 50px; background: transparent; cursor: pointer; } .like_count { font-size: 1.2rem; font-weight: bold; color: #e91e63; } '
DEBUG: extracted classes: {"like_container", "like_count", "like_btn"}
DEBUG: extracted ids: {}
DEBUG: scoped_css: '.like_container-sebdf3484644a126 { display: inline-flex; align-items: center; gap: 0.5rem; }.like_btn-sebdf3484644a126 { padding: 0.75rem 1.5rem; font-size: 1.5rem; border: 2px solid #e91e63; border-radius: 50px; background: transparent; cursor: pointer; }.like_count-sebdf3484644a126 { font-size: 1.2rem; font-weight: bold; color: #e91e63; }'
DEBUG: bindings tokens: let like_container = "like_container-sebdf3484644a126"; let like_count =
"like_count-sebdf3484644a126"; let like_btn = "like_btn-sebdf3484644a126";
DEBUG: process_styles called with 2 nodes
DEBUG: process_styles called with 1 nodes
DEBUG: process_styles called with 1 nodes
DEBUG: parse_nodes saw tag: style
DEBUG: Parsing <style> tag
DEBUG: parse_nodes saw tag: div
DEBUG: parse_nodes falling through to Element
Parsing element: div
DEBUG: parse_nodes saw tag: header
DEBUG: parse_nodes falling through to Element
Parsing element: header
DEBUG: parse_nodes saw tag: h1
DEBUG: parse_nodes falling through to Element
Parsing element: h1
Element::parse: Found closing tag sequence
Found closing tag: </h1>  (expected </h1>)
DEBUG: parse_nodes saw tag: p
DEBUG: parse_nodes falling through to Element
Parsing element: p
Element::parse: Found closing tag sequence
Found closing tag: </p>  (expected </p>)
Element::parse: Found closing tag sequence
Found closing tag: </header>  (expected </header>)
DEBUG: parse_nodes saw tag: section
DEBUG: parse_nodes falling through to Element
Parsing element: section
DEBUG: parse_nodes saw tag: h2
DEBUG: parse_nodes falling through to Element
Parsing element: h2
Element::parse: Found closing tag sequence
Found closing tag: </h2>  (expected </h2>)
DEBUG: parse_nodes saw tag: ul
DEBUG: parse_nodes falling through to Element
Parsing element: ul
DEBUG: parse_nodes saw tag: li
DEBUG: parse_nodes falling through to Element
Parsing element: li
Element::parse: Found closing tag sequence
Found closing tag: </li>  (expected </li>)
DEBUG: parse_nodes saw tag: li
DEBUG: parse_nodes falling through to Element
Parsing element: li
Element::parse: Found closing tag sequence
Found closing tag: </li>  (expected </li>)
DEBUG: parse_nodes saw tag: li
DEBUG: parse_nodes falling through to Element
Parsing element: li
Element::parse: Found closing tag sequence
Found closing tag: </li>  (expected </li>)
DEBUG: parse_nodes saw tag: li
DEBUG: parse_nodes falling through to Element
Parsing element: li
Element::parse: Found closing tag sequence
Found closing tag: </li>  (expected </li>)
DEBUG: parse_nodes saw tag: li
DEBUG: parse_nodes falling through to Element
Parsing element: li
Element::parse: Found closing tag sequence
Found closing tag: </li>  (expected </li>)
Element::parse: Found closing tag sequence
Found closing tag: </ul>  (expected </ul>)
Element::parse: Found closing tag sequence
Found closing tag: </section>  (expected </section>)
DEBUG: parse_nodes saw tag: section
DEBUG: parse_nodes falling through to Element
Parsing element: section
DEBUG: parse_nodes saw tag: div
DEBUG: parse_nodes falling through to Element
Parsing element: div
Element::parse: Found closing tag sequence
Found closing tag: </div>  (expected </div>)
DEBUG: parse_nodes saw tag: div
DEBUG: parse_nodes falling through to Element
Parsing element: div
Element::parse: Found closing tag sequence
Found closing tag: </div>  (expected </div>)
DEBUG: parse_nodes saw tag: div
DEBUG: parse_nodes falling through to Element
Parsing element: div
Element::parse: Found closing tag sequence
Found closing tag: </div>  (expected </div>)
Element::parse: Found closing tag sequence
Found closing tag: </section>  (expected </section>)
Element::parse: Found closing tag sequence
Found closing tag: </div>  (expected </div>)
DEBUG: process_styles called with 2 nodes
DEBUG: process_styles found style block
DEBUG: raw_css: '.container { padding: 20px; } .header { text-align: center; margin-bottom: 30px; } .main_title { font-size: 32px; color: #333; } .subtitle { font-size: 18px; color: #666; } .key_points { background: #f9f9f9; padding: 20px; border-radius: 8px; margin-bottom: 30px; } .section_title { font-size: 20px; margin-bottom: 15px; } .points_list { list-style: none; padding: 0; } .point { margin-bottom: 10px; } .examples { display: grid; gap: 20px; } .example_card { border: 1px solid #ddd; padding: 20px; border-radius: 8px; } '
DEBUG: extracted classes: {"points_list", "section_title", "examples", "example_card", "header", "subtitle", "key_points", "main_title", "point", "container"}
DEBUG: extracted ids: {}
DEBUG: scoped_css: '.container-s5e01d6a09ae0fa76 { padding: 20px; }.header-s5e01d6a09ae0fa76 { text-align: center; margin-bottom: 30px; }.main_title-s5e01d6a09ae0fa76 { font-size: 32px; color: #333; }.subtitle-s5e01d6a09ae0fa76 { font-size: 18px; color: #666; }.key_points-s5e01d6a09ae0fa76 { background: #f9f9f9; padding: 20px; border-radius: 8px; margin-bottom: 30px; }.section_title-s5e01d6a09ae0fa76 { font-size: 20px; margin-bottom: 15px; }.points_list-s5e01d6a09ae0fa76 { list-style: none; padding: 0; }.point-s5e01d6a09ae0fa76 { margin-bottom: 10px; }.examples-s5e01d6a09ae0fa76 { display: grid; gap: 20px; }.example_card-s5e01d6a09ae0fa76 { border: 1px solid #ddd; padding: 20px; border-radius: 8px; }'
DEBUG: bindings tokens: let points_list = "points_list-s5e01d6a09ae0fa76"; let section_title =
"section_title-s5e01d6a09ae0fa76"; let examples =
"examples-s5e01d6a09ae0fa76"; let example_card =
"example_card-s5e01d6a09ae0fa76"; let header = "header-s5e01d6a09ae0fa76"; let
subtitle = "subtitle-s5e01d6a09ae0fa76"; let key_points =
"key_points-s5e01d6a09ae0fa76"; let main_title =
"main_title-s5e01d6a09ae0fa76"; let point = "point-s5e01d6a09ae0fa76"; let
container = "container-s5e01d6a09ae0fa76";
DEBUG: process_styles called with 3 nodes
DEBUG: process_styles called with 2 nodes
DEBUG: process_styles called with 1 nodes
DEBUG: process_styles called with 1 nodes
DEBUG: process_styles called with 2 nodes
DEBUG: process_styles called with 1 nodes
DEBUG: process_styles called with 5 nodes
DEBUG: process_styles called with 1 nodes
DEBUG: process_styles called with 1 nodes
DEBUG: process_styles called with 1 nodes
DEBUG: process_styles called with 1 nodes
DEBUG: process_styles called with 1 nodes
DEBUG: process_styles called with 3 nodes
DEBUG: process_styles called with 1 nodes
DEBUG: process_styles called with 1 nodes
DEBUG: process_styles called with 1 nodes
DEBUG: parse_nodes saw tag: style
DEBUG: Parsing <style> tag
DEBUG: parse_nodes saw tag: div
DEBUG: parse_nodes falling through to Element
Parsing element: div
DEBUG: parse_nodes saw tag: h2
DEBUG: parse_nodes falling through to Element
Parsing element: h2
Element::parse: Found closing tag sequence
Found closing tag: </h2>  (expected </h2>)
DEBUG: parse_nodes saw tag: p
DEBUG: parse_nodes falling through to Element
Parsing element: p
Element::parse: Found closing tag sequence
Found closing tag: </p>  (expected </p>)
DEBUG: parse_nodes saw tag: ul
DEBUG: parse_nodes falling through to Element
Parsing element: ul
DEBUG: parse_nodes saw tag: li
DEBUG: parse_nodes falling through to Element
Parsing element: li
Element::parse: Found closing tag sequence
Found closing tag: </li>  (expected </li>)
DEBUG: parse_nodes saw tag: li
DEBUG: parse_nodes falling through to Element
Parsing element: li
Element::parse: Found closing tag sequence
Found closing tag: </li>  (expected </li>)
DEBUG: parse_nodes saw tag: li
DEBUG: parse_nodes falling through to Element
Parsing element: li
Element::parse: Found closing tag sequence
Found closing tag: </li>  (expected </li>)
Element::parse: Found closing tag sequence
Found closing tag: </ul>  (expected </ul>)
Element::parse: Found closing tag sequence
Found closing tag: </div>  (expected </div>)
DEBUG: process_styles called with 2 nodes
DEBUG: process_styles found style block
DEBUG: raw_css: '.valid_container { padding: 20px; background: #f9f9f9; } .valid_title { color: #2196f3; font-size: 1.2rem; } .valid_text { color: #666; } '
DEBUG: extracted classes: {"valid_title", "valid_text", "valid_container"}
DEBUG: extracted ids: {}
DEBUG: scoped_css: '.valid_container-se8ef5e64fd2294e2 { padding: 20px; background: #f9f9f9; }.valid_title-se8ef5e64fd2294e2 { color: #2196f3; font-size: 1.2rem; }.valid_text-se8ef5e64fd2294e2 { color: #666; }'
DEBUG: bindings tokens: let valid_title = "valid_title-se8ef5e64fd2294e2"; let valid_text =
"valid_text-se8ef5e64fd2294e2"; let valid_container =
"valid_container-se8ef5e64fd2294e2";
DEBUG: process_styles called with 3 nodes
DEBUG: process_styles called with 1 nodes
DEBUG: process_styles called with 1 nodes
DEBUG: process_styles called with 3 nodes
DEBUG: process_styles called with 1 nodes
DEBUG: process_styles called with 1 nodes
DEBUG: process_styles called with 1 nodes
DEBUG: parse_nodes saw tag: style
DEBUG: Parsing <style> tag
DEBUG: parse_nodes saw tag: div
DEBUG: parse_nodes falling through to Element
Parsing element: div
DEBUG: parse_nodes saw tag: div
DEBUG: parse_nodes falling through to Element
Parsing element: div
DEBUG: parse_nodes saw tag: h3
DEBUG: parse_nodes falling through to Element
Parsing element: h3
Element::parse: Found closing tag sequence
Found closing tag: </h3>  (expected </h3>)
DEBUG: parse_nodes saw tag: p
DEBUG: parse_nodes falling through to Element
Parsing element: p
Element::parse: Found closing tag sequence
Found closing tag: </p>  (expected </p>)
Element::parse: Found closing tag sequence
Found closing tag: </div>  (expected </div>)
DEBUG: parse_nodes saw tag: div
DEBUG: parse_nodes falling through to Element
Parsing element: div
DEBUG: parse_nodes saw tag: h3
DEBUG: parse_nodes falling through to Element
Parsing element: h3
Element::parse: Found closing tag sequence
Found closing tag: </h3>  (expected </h3>)
DEBUG: parse_nodes saw tag: p
DEBUG: parse_nodes falling through to Element
Parsing element: p
Element::parse: Found closing tag sequence
Found closing tag: </p>  (expected </p>)
Element::parse: Found closing tag sequence
Found closing tag: </div>  (expected </div>)
Element::parse: Found closing tag sequence
Found closing tag: </div>  (expected </div>)
DEBUG: process_styles called with 2 nodes
DEBUG: process_styles found style block
DEBUG: raw_css: '.card { padding: 1rem; margin: 0.5rem; border: 1px solid #eee; } .card_title { font-weight: bold; color: #1976d2; } '
DEBUG: extracted classes: {"card_title", "card"}
DEBUG: extracted ids: {}
DEBUG: scoped_css: '.card-s811816e62aaa4e47 { padding: 1rem; margin: 0.5rem; border: 1px solid #eee; }.card_title-s811816e62aaa4e47 { font-weight: bold; color: #1976d2; }'
DEBUG: bindings tokens: let card_title = "card_title-s811816e62aaa4e47"; let card =
"card-s811816e62aaa4e47";
DEBUG: process_styles called with 2 nodes
DEBUG: process_styles called with 2 nodes
DEBUG: process_styles called with 1 nodes
DEBUG: process_styles called with 1 nodes
DEBUG: process_styles called with 2 nodes
DEBUG: process_styles called with 1 nodes
DEBUG: process_styles called with 1 nodes
DEBUG: parse_nodes saw tag: style
DEBUG: Parsing <style> tag
DEBUG: parse_nodes saw tag: div
DEBUG: parse_nodes falling through to Element
Parsing element: div
DEBUG: parse_nodes saw tag: h1
DEBUG: parse_nodes falling through to Element
Parsing element: h1
Element::parse: Found closing tag sequence
Found closing tag: </h1>  (expected </h1>)
DEBUG: parse_nodes saw tag: p
DEBUG: parse_nodes falling through to Element
Parsing element: p
Element::parse: Found closing tag sequence
Found closing tag: </p>  (expected </p>)
Element::parse: Found closing tag sequence
Found closing tag: </div>  (expected </div>)
DEBUG: process_styles called with 2 nodes
DEBUG: process_styles found style block
DEBUG: raw_css: '.container { padding: 1rem; border: 1px solid #ddd; } .title { color: #2196f3; } '
DEBUG: extracted classes: {"container", "title"}
DEBUG: extracted ids: {}
DEBUG: scoped_css: '.container-s579ebc369d2881ac { padding: 1rem; border: 1px solid #ddd; }.title-s579ebc369d2881ac { color: #2196f3; }'
DEBUG: bindings tokens: let container = "container-s579ebc369d2881ac"; let title =
"title-s579ebc369d2881ac";
DEBUG: process_styles called with 2 nodes
DEBUG: process_styles called with 1 nodes
DEBUG: process_styles called with 1 nodes
DEBUG: parse_nodes saw tag: style
DEBUG: Parsing <style> tag
DEBUG: parse_nodes saw tag: div
DEBUG: parse_nodes falling through to Element
Parsing element: div
DEBUG: parse_nodes saw tag: header
DEBUG: parse_nodes falling through to Element
Parsing element: header
DEBUG: parse_nodes saw tag: h1
DEBUG: parse_nodes falling through to Element
Parsing element: h1
Element::parse: Found closing tag sequence
Found closing tag: </h1>  (expected </h1>)
DEBUG: parse_nodes saw tag: p
DEBUG: parse_nodes falling through to Element
Parsing element: p
Element::parse: Found closing tag sequence
Found closing tag: </p>  (expected </p>)
Element::parse: Found closing tag sequence
Found closing tag: </header>  (expected </header>)
DEBUG: parse_nodes saw tag: section
DEBUG: parse_nodes falling through to Element
Parsing element: section
DEBUG: parse_nodes saw tag: h2
DEBUG: parse_nodes falling through to Element
Parsing element: h2
Element::parse: Found closing tag sequence
Found closing tag: </h2>  (expected </h2>)
DEBUG: parse_nodes saw tag: ul
DEBUG: parse_nodes falling through to Element
Parsing element: ul
DEBUG: parse_nodes saw tag: li
DEBUG: parse_nodes falling through to Element
Parsing element: li
Element::parse: Found closing tag sequence
Found closing tag: </li>  (expected </li>)
DEBUG: parse_nodes saw tag: li
DEBUG: parse_nodes falling through to Element
Parsing element: li
Element::parse: Found closing tag sequence
Found closing tag: </li>  (expected </li>)
DEBUG: parse_nodes saw tag: li
DEBUG: parse_nodes falling through to Element
Parsing element: li
Element::parse: Found closing tag sequence
Found closing tag: </li>  (expected </li>)
DEBUG: parse_nodes saw tag: li
DEBUG: parse_nodes falling through to Element
Parsing element: li
Element::parse: Found closing tag sequence
Found closing tag: </li>  (expected </li>)
DEBUG: parse_nodes saw tag: li
DEBUG: parse_nodes falling through to Element
Parsing element: li
Element::parse: Found closing tag sequence
Found closing tag: </li>  (expected </li>)
Element::parse: Found closing tag sequence
Found closing tag: </ul>  (expected </ul>)
Element::parse: Found closing tag sequence
Found closing tag: </section>  (expected </section>)
DEBUG: parse_nodes saw tag: section
DEBUG: parse_nodes falling through to Element
Parsing element: section
DEBUG: parse_nodes saw tag: div
DEBUG: parse_nodes falling through to Element
Parsing element: div
Element::parse: Found closing tag sequence
Found closing tag: </div>  (expected </div>)
DEBUG: parse_nodes saw tag: div
DEBUG: parse_nodes falling through to Element
Parsing element: div
Element::parse: Found closing tag sequence
Found closing tag: </div>  (expected </div>)
DEBUG: parse_nodes saw tag: div
DEBUG: parse_nodes falling through to Element
Parsing element: div
Element::parse: Found closing tag sequence
Found closing tag: </div>  (expected </div>)
Element::parse: Found closing tag sequence
Found closing tag: </section>  (expected </section>)
Element::parse: Found closing tag sequence
Found closing tag: </div>  (expected </div>)
DEBUG: process_styles called with 2 nodes
DEBUG: process_styles found style block
DEBUG: raw_css: '.container { padding: 20px; } .header { text-align: center; margin-bottom: 30px; } .main_title { font-size: 32px; color: #333; } .subtitle { font-size: 18px; color: #666; } .key_points { background: #f9f9f9; padding: 20px; border-radius: 8px; margin-bottom: 30px; } .section_title { font-size: 20px; margin-bottom: 15px; } .points_list { list-style: none; padding: 0; } .point { margin-bottom: 10px; } .examples { display: grid; gap: 20px; } .example_card { border: 1px solid #ddd; padding: 20px; border-radius: 8px; } '
DEBUG: extracted classes: {"section_title", "container", "header", "main_title", "subtitle", "point", "example_card", "points_list", "examples", "key_points"}
DEBUG: extracted ids: {}
DEBUG: scoped_css: '.container-s5e01d6a09ae0fa76 { padding: 20px; }.header-s5e01d6a09ae0fa76 { text-align: center; margin-bottom: 30px; }.main_title-s5e01d6a09ae0fa76 { font-size: 32px; color: #333; }.subtitle-s5e01d6a09ae0fa76 { font-size: 18px; color: #666; }.key_points-s5e01d6a09ae0fa76 { background: #f9f9f9; padding: 20px; border-radius: 8px; margin-bottom: 30px; }.section_title-s5e01d6a09ae0fa76 { font-size: 20px; margin-bottom: 15px; }.points_list-s5e01d6a09ae0fa76 { list-style: none; padding: 0; }.point-s5e01d6a09ae0fa76 { margin-bottom: 10px; }.examples-s5e01d6a09ae0fa76 { display: grid; gap: 20px; }.example_card-s5e01d6a09ae0fa76 { border: 1px solid #ddd; padding: 20px; border-radius: 8px; }'
DEBUG: bindings tokens: let section_title = "section_title-s5e01d6a09ae0fa76"; let container =
"container-s5e01d6a09ae0fa76"; let header = "header-s5e01d6a09ae0fa76"; let
main_title = "main_title-s5e01d6a09ae0fa76"; let subtitle =
"subtitle-s5e01d6a09ae0fa76"; let point = "point-s5e01d6a09ae0fa76"; let
example_card = "example_card-s5e01d6a09ae0fa76"; let points_list =
"points_list-s5e01d6a09ae0fa76"; let examples = "examples-s5e01d6a09ae0fa76";
let key_points = "key_points-s5e01d6a09ae0fa76";
DEBUG: process_styles called with 3 nodes
DEBUG: process_styles called with 2 nodes
DEBUG: process_styles called with 1 nodes
DEBUG: process_styles called with 1 nodes
DEBUG: process_styles called with 2 nodes
DEBUG: process_styles called with 1 nodes
DEBUG: process_styles called with 5 nodes
DEBUG: process_styles called with 1 nodes
DEBUG: process_styles called with 1 nodes
DEBUG: process_styles called with 1 nodes
DEBUG: process_styles called with 1 nodes
DEBUG: process_styles called with 1 nodes
DEBUG: process_styles called with 3 nodes
DEBUG: process_styles called with 1 nodes
DEBUG: process_styles called with 1 nodes
DEBUG: process_styles called with 1 nodes
DEBUG: parse_nodes saw tag: style
DEBUG: Parsing <style> tag
DEBUG: parse_nodes saw tag: div
DEBUG: parse_nodes falling through to Element
Parsing element: div
DEBUG: parse_nodes saw tag: h2
DEBUG: parse_nodes falling through to Element
Parsing element: h2
Element::parse: Found closing tag sequence
Found closing tag: </h2>  (expected </h2>)
DEBUG: parse_nodes saw tag: p
DEBUG: parse_nodes falling through to Element
Parsing element: p
Element::parse: Found closing tag sequence
Found closing tag: </p>  (expected </p>)
DEBUG: parse_nodes saw tag: p
DEBUG: parse_nodes falling through to Element
Parsing element: p
Element::parse: Found closing tag sequence
Found closing tag: </p>  (expected </p>)
Element::parse: Found closing tag sequence
Found closing tag: </div>  (expected </div>)
DEBUG: process_styles called with 2 nodes
DEBUG: process_styles found style block
DEBUG: raw_css: '.card { padding: 1.5rem; margin: 1rem 0; border: 1px solid #eee; border-radius: 8px; } .card_title { font-size: 1.2rem; color: #1976d2; margin-bottom: 0.5rem; } .card_content { color: #666; } '
DEBUG: extracted classes: {"card", "card_content", "card_title"}
DEBUG: extracted ids: {}
DEBUG: scoped_css: '.card-s7bee44ace956c029 { padding: 1.5rem; margin: 1rem 0; border: 1px solid #eee; border-radius: 8px; }.card_title-s7bee44ace956c029 { font-size: 1.2rem; color: #1976d2; margin-bottom: 0.5rem; }.card_content-s7bee44ace956c029 { color: #666; }'
DEBUG: bindings tokens: let card = "card-s7bee44ace956c029"; let card_content =
"card_content-s7bee44ace956c029"; let card_title =
"card_title-s7bee44ace956c029";
DEBUG: process_styles called with 3 nodes
DEBUG: process_styles called with 1 nodes
DEBUG: process_styles called with 1 nodes
DEBUG: process_styles called with 1 nodes
DEBUG: parse_nodes saw tag: style
DEBUG: Parsing <style> tag
DEBUG: parse_nodes saw tag: div
DEBUG: parse_nodes falling through to Element
Parsing element: div
DEBUG: parse_nodes saw tag: h1
DEBUG: parse_nodes falling through to Element
Parsing element: h1
Element::parse: Found closing tag sequence
Found closing tag: </h1>  (expected </h1>)
DEBUG: parse_nodes saw tag: p
DEBUG: parse_nodes falling through to Element
Parsing element: p
Element::parse: Found closing tag sequence
Found closing tag: </p>  (expected </p>)
Element::parse: Found closing tag sequence
Found closing tag: </div>  (expected </div>)
DEBUG: process_styles called with 2 nodes
DEBUG: process_styles found style block
DEBUG: raw_css: '.container { padding: 1rem; border: 1px solid #ddd; } .title { color: #2196f3; } '
DEBUG: extracted classes: {"container", "title"}
DEBUG: extracted ids: {}
DEBUG: scoped_css: '.container-s579ebc369d2881ac { padding: 1rem; border: 1px solid #ddd; }.title-s579ebc369d2881ac { color: #2196f3; }'
DEBUG: bindings tokens: let container = "container-s579ebc369d2881ac"; let title =
"title-s579ebc369d2881ac";
DEBUG: process_styles called with 2 nodes
DEBUG: process_styles called with 1 nodes
DEBUG: process_styles called with 1 nodes
DEBUG: parse_nodes saw tag: style
DEBUG: Parsing <style> tag
DEBUG: parse_nodes saw tag: div
DEBUG: parse_nodes falling through to Element
Parsing element: div
Element::parse: Found closing tag sequence
Found closing tag: </div>  (expected </div>)
DEBUG: process_styles called with 2 nodes
DEBUG: process_styles found style block
DEBUG: raw_css: '.greeting { color: #1976d2; font-size: 1.5rem; } '
DEBUG: extracted classes: {"greeting"}
DEBUG: extracted ids: {}
DEBUG: scoped_css: '.greeting-se5471f7a8a1e85ce { color: #1976d2; font-size: 1.5rem; }'
DEBUG: bindings tokens: let greeting = "greeting-se5471f7a8a1e85ce";
DEBUG: process_styles called with 1 nodes
DEBUG: parse_nodes saw tag: style
DEBUG: Parsing <style> tag
DEBUG: parse_nodes saw tag: div
DEBUG: parse_nodes falling through to Element
Parsing element: div
DEBUG: parse_nodes saw tag: h1
DEBUG: parse_nodes falling through to Element
Parsing element: h1
Element::parse: Found closing tag sequence
Found closing tag: </h1>  (expected </h1>)
DEBUG: parse_nodes saw tag: p
DEBUG: parse_nodes falling through to Element
Parsing element: p
Element::parse: Found closing tag sequence
Found closing tag: </p>  (expected </p>)
DEBUG: parse_nodes saw tag: div
DEBUG: parse_nodes falling through to Element
Parsing element: div
DEBUG: parse_nodes saw tag: div
DEBUG: parse_nodes falling through to Element
Parsing element: div
DEBUG: parse_nodes saw tag: h3
DEBUG: parse_nodes falling through to Element
Parsing element: h3
Element::parse: Found closing tag sequence
Found closing tag: </h3>  (expected </h3>)
DEBUG: parse_nodes saw tag: p
DEBUG: parse_nodes falling through to Element
Parsing element: p
Element::parse: Found closing tag sequence
Found closing tag: </p>  (expected </p>)
DEBUG: parse_nodes saw tag: a
DEBUG: parse_nodes falling through to Element
Parsing element: a
Element::parse: Found closing tag sequence
Found closing tag: </a>  (expected </a>)
Element::parse: Found closing tag sequence
Found closing tag: </div>  (expected </div>)
DEBUG: parse_nodes saw tag: div
DEBUG: parse_nodes falling through to Element
Parsing element: div
DEBUG: parse_nodes saw tag: h3
DEBUG: parse_nodes falling through to Element
Parsing element: h3
Element::parse: Found closing tag sequence
Found closing tag: </h3>  (expected </h3>)
DEBUG: parse_nodes saw tag: p
DEBUG: parse_nodes falling through to Element
Parsing element: p
Element::parse: Found closing tag sequence
Found closing tag: </p>  (expected </p>)
DEBUG: parse_nodes saw tag: a
DEBUG: parse_nodes falling through to Element
Parsing element: a
Element::parse: Found closing tag sequence
Found closing tag: </a>  (expected </a>)
Element::parse: Found closing tag sequence
Found closing tag: </div>  (expected </div>)
DEBUG: parse_nodes saw tag: div
DEBUG: parse_nodes falling through to Element
Parsing element: div
DEBUG: parse_nodes saw tag: h3
DEBUG: parse_nodes falling through to Element
Parsing element: h3
Element::parse: Found closing tag sequence
Found closing tag: </h3>  (expected </h3>)
DEBUG: parse_nodes saw tag: p
DEBUG: parse_nodes falling through to Element
Parsing element: p
Element::parse: Found closing tag sequence
Found closing tag: </p>  (expected </p>)
DEBUG: parse_nodes saw tag: a
DEBUG: parse_nodes falling through to Element
Parsing element: a
Element::parse: Found closing tag sequence
Found closing tag: </a>  (expected </a>)
Element::parse: Found closing tag sequence
Found closing tag: </div>  (expected </div>)
DEBUG: parse_nodes saw tag: div
DEBUG: parse_nodes falling through to Element
Parsing element: div
DEBUG: parse_nodes saw tag: h3
DEBUG: parse_nodes falling through to Element
Parsing element: h3
Element::parse: Found closing tag sequence
Found closing tag: </h3>  (expected </h3>)
DEBUG: parse_nodes saw tag: p
DEBUG: parse_nodes falling through to Element
Parsing element: p
Element::parse: Found closing tag sequence
Found closing tag: </p>  (expected </p>)
DEBUG: parse_nodes saw tag: a
DEBUG: parse_nodes falling through to Element
Parsing element: a
Element::parse: Found closing tag sequence
Found closing tag: </a>  (expected </a>)
Element::parse: Found closing tag sequence
Found closing tag: </div>  (expected </div>)
DEBUG: parse_nodes saw tag: div
DEBUG: parse_nodes falling through to Element
Parsing element: div
DEBUG: parse_nodes saw tag: h3
DEBUG: parse_nodes falling through to Element
Parsing element: h3
Element::parse: Found closing tag sequence
Found closing tag: </h3>  (expected </h3>)
DEBUG: parse_nodes saw tag: p
DEBUG: parse_nodes falling through to Element
Parsing element: p
Element::parse: Found closing tag sequence
Found closing tag: </p>  (expected </p>)
DEBUG: parse_nodes saw tag: a
DEBUG: parse_nodes falling through to Element
Parsing element: a
Element::parse: Found closing tag sequence
Found closing tag: </a>  (expected </a>)
Element::parse: Found closing tag sequence
Found closing tag: </div>  (expected </div>)
DEBUG: parse_nodes saw tag: div
DEBUG: parse_nodes falling through to Element
Parsing element: div
DEBUG: parse_nodes saw tag: h3
DEBUG: parse_nodes falling through to Element
Parsing element: h3
Element::parse: Found closing tag sequence
Found closing tag: </h3>  (expected </h3>)
DEBUG: parse_nodes saw tag: p
DEBUG: parse_nodes falling through to Element
Parsing element: p
Element::parse: Found closing tag sequence
Found closing tag: </p>  (expected </p>)
DEBUG: parse_nodes saw tag: a
DEBUG: parse_nodes falling through to Element
Parsing element: a
Element::parse: Found closing tag sequence
Found closing tag: </a>  (expected </a>)
Element::parse: Found closing tag sequence
Found closing tag: </div>  (expected </div>)
DEBUG: parse_nodes saw tag: div
DEBUG: parse_nodes falling through to Element
Parsing element: div
DEBUG: parse_nodes saw tag: h3
DEBUG: parse_nodes falling through to Element
Parsing element: h3
Element::parse: Found closing tag sequence
Found closing tag: </h3>  (expected </h3>)
DEBUG: parse_nodes saw tag: p
DEBUG: parse_nodes falling through to Element
Parsing element: p
Element::parse: Found closing tag sequence
Found closing tag: </p>  (expected </p>)
DEBUG: parse_nodes saw tag: a
DEBUG: parse_nodes falling through to Element
Parsing element: a
Element::parse: Found closing tag sequence
Found closing tag: </a>  (expected </a>)
Element::parse: Found closing tag sequence
Found closing tag: </div>  (expected </div>)
DEBUG: parse_nodes saw tag: div
DEBUG: parse_nodes falling through to Element
Parsing element: div
DEBUG: parse_nodes saw tag: h3
DEBUG: parse_nodes falling through to Element
Parsing element: h3
Element::parse: Found closing tag sequence
Found closing tag: </h3>  (expected </h3>)
DEBUG: parse_nodes saw tag: p
DEBUG: parse_nodes falling through to Element
Parsing element: p
Element::parse: Found closing tag sequence
Found closing tag: </p>  (expected </p>)
DEBUG: parse_nodes saw tag: a
DEBUG: parse_nodes falling through to Element
Parsing element: a
Element::parse: Found closing tag sequence
Found closing tag: </a>  (expected </a>)
Element::parse: Found closing tag sequence
Found closing tag: </div>  (expected </div>)
DEBUG: parse_nodes saw tag: div
DEBUG: parse_nodes falling through to Element
Parsing element: div
DEBUG: parse_nodes saw tag: h3
DEBUG: parse_nodes falling through to Element
Parsing element: h3
Element::parse: Found closing tag sequence
Found closing tag: </h3>  (expected </h3>)
DEBUG: parse_nodes saw tag: p
DEBUG: parse_nodes falling through to Element
Parsing element: p
Element::parse: Found closing tag sequence
Found closing tag: </p>  (expected </p>)
DEBUG: parse_nodes saw tag: a
DEBUG: parse_nodes falling through to Element
Parsing element: a
Element::parse: Found closing tag sequence
Found closing tag: </a>  (expected </a>)
Element::parse: Found closing tag sequence
Found closing tag: </div>  (expected </div>)
DEBUG: parse_nodes saw tag: div
DEBUG: parse_nodes falling through to Element
Parsing element: div
DEBUG: parse_nodes saw tag: h3
DEBUG: parse_nodes falling through to Element
Parsing element: h3
Element::parse: Found closing tag sequence
Found closing tag: </h3>  (expected </h3>)
DEBUG: parse_nodes saw tag: p
DEBUG: parse_nodes falling through to Element
Parsing element: p
Element::parse: Found closing tag sequence
Found closing tag: </p>  (expected </p>)
DEBUG: parse_nodes saw tag: a
DEBUG: parse_nodes falling through to Element
Parsing element: a
Element::parse: Found closing tag sequence
Found closing tag: </a>  (expected </a>)
Element::parse: Found closing tag sequence
Found closing tag: </div>  (expected </div>)
DEBUG: parse_nodes saw tag: div
DEBUG: parse_nodes falling through to Element
Parsing element: div
DEBUG: parse_nodes saw tag: h3
DEBUG: parse_nodes falling through to Element
Parsing element: h3
Element::parse: Found closing tag sequence
Found closing tag: </h3>  (expected </h3>)
DEBUG: parse_nodes saw tag: p
DEBUG: parse_nodes falling through to Element
Parsing element: p
Element::parse: Found closing tag sequence
Found closing tag: </p>  (expected </p>)
DEBUG: parse_nodes saw tag: a
DEBUG: parse_nodes falling through to Element
Parsing element: a
Element::parse: Found closing tag sequence
Found closing tag: </a>  (expected </a>)
Element::parse: Found closing tag sequence
Found closing tag: </div>  (expected </div>)
Element::parse: Found closing tag sequence
Found closing tag: </div>  (expected </div>)
Element::parse: Found closing tag sequence
Found closing tag: </div>  (expected </div>)
DEBUG: process_styles called with 2 nodes
DEBUG: process_styles found style block
DEBUG: validate_css_value checking 'white' for property 'background'. contains space? false
DEBUG: validate_css_value checking 'white' for property 'background'. contains space? false
DEBUG: raw_css: '.homepage_title { color: purple; font-size: 3em; } .lesson_grid { display: grid; grid-template-columns: repeat(auto-fill, minmax(300px, 1fr)); gap: 20px; margin-top: 30px; } .lesson_card { border: 1px solid #ddd; padding: 20px; border-radius: 8px; background: white; box-shadow: 0 2px 4px rgba(0,0,0,0.1); transition: transform 0.2s; } .lesson_card:hover { transform: translateY(-5px); box-shadow: 0 4px 8px rgba(0,0,0,0.15); } .lesson_title { color: #1976d2; font-size: 1.2rem; margin-bottom: 10px; } .lesson_link { color: #6c5ce7; text-decoration: none; font-weight: bold; display: inline-block; margin-top: 10px; } .lesson_link:hover { text-decoration: underline; } .subtitle { text-align: center; color: #666; margin-bottom: 30px; } '
DEBUG: extracted classes: {"homepage_title", "lesson_grid", "lesson_link", "lesson_title", "subtitle", "lesson_card"}
DEBUG: extracted ids: {}
DEBUG: scoped_css: '.homepage_title-sc2970f539791bc05 { color: purple; font-size: 3em; }.lesson_grid-sc2970f539791bc05 { display: grid; grid-template-columns: repeat(auto-fill, minmax(300px, 1fr)); gap: 20px; margin-top: 30px; }.lesson_card-sc2970f539791bc05 { border: 1px solid #ddd; padding: 20px; border-radius: 8px; background: white; box-shadow: 0 2px 4px rgba(0,0,0,0.1); transition: transform 0.2s; }.lesson_card-sc2970f539791bc05:hover { transform: translateY(-5px); box-shadow: 0 4px 8px rgba(0,0,0,0.15); }.lesson_title-sc2970f539791bc05 { color: #1976d2; font-size: 1.2rem; margin-bottom: 10px; }.lesson_link-sc2970f539791bc05 { color: #6c5ce7; text-decoration: none; font-weight: bold; display: inline-block; margin-top: 10px; }.lesson_link-sc2970f539791bc05:hover { text-decoration: underline; }.subtitle-sc2970f539791bc05 { text-align: center; color: #666; margin-bottom: 30px; }'
DEBUG: bindings tokens: let homepage_title = "homepage_title-sc2970f539791bc05"; let lesson_grid =
"lesson_grid-sc2970f539791bc05"; let lesson_link =
"lesson_link-sc2970f539791bc05"; let lesson_title =
"lesson_title-sc2970f539791bc05"; let subtitle = "subtitle-sc2970f539791bc05";
let lesson_card = "lesson_card-sc2970f539791bc05";
DEBUG: process_styles called with 3 nodes
DEBUG: process_styles called with 1 nodes
DEBUG: process_styles called with 1 nodes
DEBUG: process_styles called with 11 nodes
DEBUG: process_styles called with 3 nodes
DEBUG: process_styles called with 1 nodes
DEBUG: process_styles called with 1 nodes
DEBUG: process_styles called with 1 nodes
DEBUG: process_styles called with 3 nodes
DEBUG: process_styles called with 1 nodes
DEBUG: process_styles called with 1 nodes
DEBUG: process_styles called with 1 nodes
DEBUG: process_styles called with 3 nodes
DEBUG: process_styles called with 1 nodes
DEBUG: process_styles called with 1 nodes
DEBUG: process_styles called with 1 nodes
DEBUG: process_styles called with 3 nodes
DEBUG: process_styles called with 1 nodes
DEBUG: process_styles called with 1 nodes
DEBUG: process_styles called with 1 nodes
DEBUG: process_styles called with 3 nodes
DEBUG: process_styles called with 1 nodes
DEBUG: process_styles called with 1 nodes
DEBUG: process_styles called with 1 nodes
DEBUG: process_styles called with 3 nodes
DEBUG: process_styles called with 1 nodes
DEBUG: process_styles called with 1 nodes
DEBUG: process_styles called with 1 nodes
DEBUG: process_styles called with 3 nodes
DEBUG: process_styles called with 1 nodes
DEBUG: process_styles called with 1 nodes
DEBUG: process_styles called with 1 nodes
DEBUG: process_styles called with 3 nodes
DEBUG: process_styles called with 1 nodes
DEBUG: process_styles called with 1 nodes
DEBUG: process_styles called with 1 nodes
DEBUG: process_styles called with 3 nodes
DEBUG: process_styles called with 1 nodes
DEBUG: process_styles called with 1 nodes
DEBUG: process_styles called with 1 nodes
DEBUG: process_styles called with 3 nodes
DEBUG: process_styles called with 1 nodes
DEBUG: process_styles called with 1 nodes
DEBUG: process_styles called with 1 nodes
DEBUG: process_styles called with 3 nodes
DEBUG: process_styles called with 1 nodes
DEBUG: process_styles called with 1 nodes
DEBUG: process_styles called with 1 nodes
DEBUG: validate_css_value checking 'white' for property 'background'. contains space? false
DEBUG: process_styles called with 1 nodes
DEBUG: parse_nodes saw tag: style
DEBUG: Parsing <style> tag
DEBUG: parse_nodes saw tag: div
DEBUG: parse_nodes falling through to Element
Parsing element: div
DEBUG: parse_nodes saw tag: div
DEBUG: parse_nodes falling through to Element
Parsing element: div
Element::parse: Found closing tag sequence
Found closing tag: </div>  (expected </div>)
Element::parse: Found closing tag sequence
Found closing tag: </div>  (expected </div>)
DEBUG: process_styles called with 2 nodes
DEBUG: process_styles found style block
DEBUG GLOBAL: input tokens: : root
{
    --azumi-bg: #1e1e1e; --azumi-text: #fff; --azumi-text-dim: #ccc;
    --azumi-primary: #6366f1;
}.dark_layout
{
    min-height: "100vh"; background: var(--azumi-bg); color:
    var(--azumi-text); font-family: var(--font-sans);
}.content_container
{
    max-width: "1200px"; margin: "0 auto"; padding: var(--spacing-lg);
}.header_section
{
    background:
    "linear-gradient(135deg, rgba(30, 41, 59, 0.8) 0%, rgba(51, 65, 85, 0.8) 100%)";
    backdrop-filter: "blur(10px)"; border-bottom:
    "1px solid rgba(148, 163, 184, 0.1)"; padding: var(--spacing-md) 0;
    margin-bottom: var(--spacing-lg);
}.main_content
{
    background:
    "linear-gradient(135deg, rgba(15, 23, 42, 0.6) 0%, rgba(30, 41, 59, 0.6) 100%)";
    backdrop-filter: "blur(8px)"; border:
    "1px solid rgba(148, 163, 184, 0.1)"; border-radius: var(--radius-md);
    padding: var(--spacing-lg); box-shadow: 0 4px 6px rgba(0, 0, 0, 0.1);
}.footer_section
{
    background:
    linear-gradient(135deg, rgba(30, 41, 59, 0.8) 0%, rgba(51, 65, 85, 0.8)
    100%); backdrop-filter: blur(10px); border-top: 1px solid
    rgba(148, 163, 184, 0.1); padding: var(--spacing-md) 0; margin-top:
    var(--spacing-lg); text-align: center; color: var(--azumi-text-dim);
    font-size: 0.875rem;
}.modern_card
{
    background:
    "linear-gradient(135deg, rgba(15, 23, 42, 0.4) 0%, rgba(30, 41, 59, 0.4) 100%)";
    backdrop-filter: "blur(8px)"; border:
    "1px solid rgba(148, 163, 184, 0.1)"; border-radius: var(--radius-md);
    padding: var(--spacing-md); transition: "all 0.3s ease"; box-shadow:
    "0 2px 4px rgba(0, 0, 0, 0.1)";
}.modern_card : hover
{
    transform: translateY(-2px); box-shadow: 0 4px 12px
    rgba(79, 70, 229, 0.2); border-color: rgba(79, 70, 229, 0.3);
}.modern_btn
{
    background:
    linear-gradient(135deg, var(--azumi-primary) 0%, #5b51e5 100%); color:
    white; padding: var(--spacing-xs) var(--spacing-sm); border: none;
    border-radius: var(--radius-md); font-weight: 600; cursor: pointer;
    transition: all 0.3s ease; box-shadow: 0 2px 4px rgba(79, 70, 229, 0.2);
}.modern_btn : hover
{
    transform: translateY(-1px); box-shadow: 0 4px 8px rgba(79, 70, 229, 0.3);
    background: linear-gradient(135deg, #5b51e5 0%, #4f46e5 100%);
}.modern_btn : active { transform: translateY(0); }.modern_link
{
    color: var(--azumi-primary); text-decoration: none; font-weight: 500;
    transition: all 0.2s ease; position: relative; padding-bottom: 2px;
}.modern_link : hover { color: #6366f1; }.modern_link :: after
{
    content: ""; position: absolute; bottom: 0; left: 0; width: 0; height:
    2px; background: var(--azumi-primary); transition: width 0.3s ease;
}.modern_link : hover :: after { width: 100%; }.responsive_grid
{
    display: grid; grid-template-columns:
    repeat(auto-fill, minmax(300px, 1fr)); gap: var(--spacing-md);
}.glass_effect
{
    background: "rgba(15, 23, 42, 0.5)"; backdrop-filter: "blur(12px)";
    -webkit-backdrop-filter: "blur(12px)"; border:
    "1px solid rgba(148, 163, 184, 0.1)";
}.modern_h1
{
    font-size: 2.5rem; font-weight: 700; background:
    linear-gradient(135deg, var(--azumi-primary), #6366f1);
    -webkit-background-clip: text; -webkit-text-fill-color: transparent;
    background-clip: text; margin-bottom: var(--spacing-md);
}.modern_h2
{
    font-size: 2rem; font-weight: 600; color: var(--azumi-primary);
    margin-bottom: var(--spacing-sm); border-bottom: 2px solid
    rgba(79, 70, 229, 0.3); padding-bottom: var(--spacing-xs);
} @ keyframes fadeInUp
{
    from { opacity: "0"; transform: "translateY(20px)"; } to
    { opacity: "1"; transform: "translateY(0)"; }
}.fade_in_up { animation: fadeInUp 0.6s ease-out; }
DEBUG GLOBAL: Parse SUCCESS
DEBUG GLOBAL: number of parsed rules: 19, at_rules: 1
DEBUG GLOBAL: raw_css: '@keyframes fadeInUp{
    from { opacity: "0"; transform: "translateY(20px)"; } to
    { opacity: "1"; transform: "translateY(0)"; }
}.fade_in_up{ animation: fadeInUp 0.6s ease-out; } :root { --azumi-bg: #1e1e1e; --azumi-text: #fff; --azumi-text-dim: #ccc; --azumi-primary: #6366f1; } .dark_layout { min-height: 100vh; background: var(--azumi-bg); color: var(--azumi-text); font-family: var(--font-sans); } .content_container { max-width: 1200px; margin: 0 auto; padding: var(--spacing-lg); } .header_section { background: linear-gradient(135deg, rgba(30, 41, 59, 0.8) 0%, rgba(51, 65, 85, 0.8) 100%); backdrop-filter: blur(10px); border-bottom: 1px solid rgba(148, 163, 184, 0.1); padding: var(--spacing-md)0; margin-bottom: var(--spacing-lg); } .main_content { background: linear-gradient(135deg, rgba(15, 23, 42, 0.6) 0%, rgba(30, 41, 59, 0.6) 100%); backdrop-filter: blur(8px); border: 1px solid rgba(148, 163, 184, 0.1); border-radius: var(--radius-md); padding: var(--spacing-lg); box-shadow: 4px6pxrgba(0,0,0,0.1); } .footer_section { background: linear-gradient(135deg,rgba(30,41,59,0.8)0%,rgba(51,65,85,0.8)100%); backdrop-filter: blur(10px); border-top: solidrgba(148,163,184,0.1); padding: var(--spacing-md)0; margin-top: var(--spacing-lg); text-align: center; color: var(--azumi-text-dim); font-size: ; } .modern_card { background: linear-gradient(135deg, rgba(15, 23, 42, 0.4) 0%, rgba(30, 41, 59, 0.4) 100%); backdrop-filter: blur(8px); border: 1px solid rgba(148, 163, 184, 0.1); border-radius: var(--radius-md); padding: var(--spacing-md); transition: all 0.3s ease; box-shadow: 0 2px 4px rgba(0, 0, 0, 0.1); } .modern_card:hover { transform: translateY(-2px); box-shadow: 4px12pxrgba(79,70,229,0.2); border-color: rgba(79,70,229,0.3); } .modern_btn { background: linear-gradient(135deg,var(--azumi-primary)0%,#5b51e5100%); color: white; padding: var(--spacing-xs)var(--spacing-sm); border: none; border-radius: var(--radius-md); font-weight: ; cursor: pointer; transition: all0.3sease; box-shadow: 2px4pxrgba(79,70,229,0.2); } .modern_btn:hover { transform: translateY(-1px); box-shadow: 4px8pxrgba(79,70,229,0.3); background: linear-gradient(135deg,#5b51e50%,#4f46e5100%); } .modern_btn:active { transform: translateY(0); } .modern_link { color: var(--azumi-primary); text-decoration: none; font-weight: ; transition: all0.2sease; position: relative; padding-bottom: ; } .modern_link:hover { color: #6366f1; } .modern_link::after { content: ; position: absolute; bottom: ; left: ; width: ; height: ; background: var(--azumi-primary); transition: width0.3sease; } .modern_link:hover::after { width: %; } .responsive_grid { display: grid; grid-template-columns: repeat(auto-fill,minmax(300px,1fr)); gap: var(--spacing-md); } .glass_effect { background: rgba(15, 23, 42, 0.5); backdrop-filter: blur(12px); -webkit-backdrop-filter: blur(12px); border: 1px solid rgba(148, 163, 184, 0.1); } .modern_h1 { font-size: ; font-weight: ; background: linear-gradient(135deg,var(--azumi-primary),#6366f1); -webkit-background-clip: text; -webkit-text-fill-color: transparent; background-clip: text; margin-bottom: var(--spacing-md); } .modern_h2 { font-size: ; font-weight: ; color: var(--azumi-primary); margin-bottom: var(--spacing-sm); border-bottom: solidrgba(79,70,229,0.3); padding-bottom: var(--spacing-xs); } '
DEBUG GLOBAL: extracted classes: {"modern_h2", "content_container", "main_content", "modern_btn", "dark_layout", "modern_card", "fade_in_up", "header_section", "footer_section", "modern_link", "glass_effect", "modern_h1", "responsive_grid"}
DEBUG GLOBAL: extracted ids: {}
DEBUG GLOBAL: bindings tokens: let modern_h2 = "modern_h2"; let content_container = "content_container"; let
main_content = "main_content"; let modern_btn = "modern_btn"; let dark_layout
= "dark_layout"; let modern_card = "modern_card"; let fade_in_up =
"fade_in_up"; let header_section = "header_section"; let footer_section =
"footer_section"; let modern_link = "modern_link"; let glass_effect =
"glass_effect"; let modern_h1 = "modern_h1"; let responsive_grid =
"responsive_grid";
DEBUG: process_styles called with 1 nodes
DEBUG: process_styles called with 1 nodes
DEBUG: parse_nodes saw tag: style
DEBUG: Parsing <style> tag
DEBUG: parse_nodes saw tag: div
DEBUG: parse_nodes falling through to Element
Parsing element: div
DEBUG: parse_nodes saw tag: div
DEBUG: parse_nodes falling through to Element
Parsing element: div
Element::parse: Found closing tag sequence
Found closing tag: </div>  (expected </div>)
Element::parse: Found closing tag sequence
Found closing tag: </div>  (expected </div>)
DEBUG: parse_nodes saw tag: div
DEBUG: parse_nodes falling through to Element
Parsing element: div
Element::parse: Found closing tag sequence
Found closing tag: </div>  (expected </div>)
DEBUG: process_styles called with 3 nodes
DEBUG: process_styles found style block
DEBUG: raw_css: '.progress_bar { background-color: #e0e0e0; border-radius: 4px; height: 20px; width: 100%; } .progress_value { background-color: #76c7c0; border-radius: 4px; height: 100%; width: var(--width); transition: width 0.5s ease-in-out; } '
DEBUG: extracted classes: {"progress_value", "progress_bar"}
DEBUG: extracted ids: {}
DEBUG: scoped_css: '.progress_bar-sd2e334a8f061087c { background-color: #e0e0e0; border-radius: 4px; height: 20px; width: 100%; }.progress_value-sd2e334a8f061087c { background-color: #76c7c0; border-radius: 4px; height: 100%; width: var(--width); transition: width 0.5s ease-in-out; }'
DEBUG: bindings tokens: let progress_value = "progress_value-sd2e334a8f061087c"; let progress_bar =
"progress_bar-sd2e334a8f061087c";
DEBUG: process_styles called with 1 nodes
DEBUG: process_styles called with 0 nodes
DEBUG: process_styles called with 1 nodes
error[E0425]: cannot find value `tabs_container` in this scope
  --> demo/src/examples/lessons/pages/lesson14.rs:64:21
   |
64 |         <div class={tabs_container}>
   |                     ^^^^^^^^^^^^^^ not found in this scope

error[E0425]: cannot find value `tab_buttons` in this scope
  --> demo/src/examples/lessons/pages/lesson14.rs:65:25
   |
65 |             <div class={tab_buttons}>
   |                         ^^^^^^^^^^^ not found in this scope

error[E0425]: cannot find value `tab_content` in this scope
  --> demo/src/examples/lessons/pages/lesson14.rs:82:25
   |
82 |             <div class={tab_content}>
   |                         ^^^^^^^^^^^ not found in this scope

error[E0425]: cannot find value `tab_panel` in this scope
  --> demo/src/examples/lessons/pages/lesson14.rs:84:33
   |
84 |                     <div class={tab_panel}>
   |                                 ^^^^^^^^^ not found in this scope

error[E0425]: cannot find value `tab_panel` in this scope
  --> demo/src/examples/lessons/pages/lesson14.rs:90:33
   |
90 |                     <div class={tab_panel}>
   |                                 ^^^^^^^^^ not found in this scope

error[E0425]: cannot find value `tab_panel` in this scope
   --> demo/src/examples/lessons/pages/lesson14.rs:101:33
    |
101 |                     <div class={tab_panel}>
    |                                 ^^^^^^^^^ not found in this scope

error[E0425]: cannot find value `todo_app` in this scope
   --> demo/src/examples/lessons/pages/lesson15.rs:117:21
    |
117 |         <div class={todo_app}>
    |                     ^^^^^^^^ not found in this scope

error[E0425]: cannot find value `app_header` in this scope
   --> demo/src/examples/lessons/pages/lesson15.rs:118:28
    |
118 |             <header class={app_header}>
    |                            ^^^^^^^^^^ not found in this scope

error[E0425]: cannot find value `app_title` in this scope
   --> demo/src/examples/lessons/pages/lesson15.rs:119:28
    |
119 |                 <h1 class={app_title}>"📝 Azumi Todos"</h1>
    |                            ^^^^^^^^^ not found in this scope

error[E0425]: cannot find value `app_subtitle` in this scope
   --> demo/src/examples/lessons/pages/lesson15.rs:120:27
    |
120 |                 <p class={app_subtitle}>"Built with Azumi Live"</p>
    |                           ^^^^^^^^^^^^ not found in this scope

error[E0425]: cannot find value `input_section` in this scope
   --> demo/src/examples/lessons/pages/lesson15.rs:123:25
    |
123 |             <div class={input_section}>
    |                         ^^^^^^^^^^^^^ not found in this scope

error[E0425]: cannot find value `todo_input` in this scope
   --> demo/src/examples/lessons/pages/lesson15.rs:124:31
    |
124 |                 <input class={todo_input} placeholder="What needs to be done?" />
    |                               ^^^^^^^^^^ not found in this scope

error[E0425]: cannot find value `add_btn` in this scope
   --> demo/src/examples/lessons/pages/lesson15.rs:125:32
    |
125 |                 <button class={add_btn} on:click={state.add_item}>"Add"</button>
    |                                ^^^^^^^ not found in this scope

error[E0425]: cannot find value `filter_section` in this scope
   --> demo/src/examples/lessons/pages/lesson15.rs:128:25
    |
128 |             <div class={filter_section}>
    |                         ^^^^^^^^^^^^^^ not found in this scope

error[E0425]: cannot find value `item_count` in this scope
   --> demo/src/examples/lessons/pages/lesson15.rs:141:30
    |
141 |                 <span class={item_count} data-bind="item_count">{state.item_count}</span>
    |                              ^^^^^^^^^^ not found in this scope

error[E0425]: cannot find value `clear_btn` in this scope
   --> demo/src/examples/lessons/pages/lesson15.rs:142:32
    |
142 |                 <button class={clear_btn} on:click={state.clear}>"Clear"</button>
    |                                ^^^^^^^^^ not found in this scope

error[E0425]: cannot find value `todo_list` in this scope
   --> demo/src/examples/lessons/pages/lesson15.rs:145:25
    |
145 |             <div class={todo_list}>
    |                         ^^^^^^^^^ not found in this scope

error[E0425]: cannot find value `empty_state` in this scope
   --> demo/src/examples/lessons/pages/lesson15.rs:147:33
    |
147 |                     <div class={empty_state}>
    |                                 ^^^^^^^^^^^ not found in this scope

warning: unused import: `toggle_like`
 --> demo/src/actions/mod.rs:4:29
  |
4 | pub use like::{like_button, toggle_like, LikeState};
  |                             ^^^^^^^^^^^
  |
  = note: `#[warn(unused_imports)]` (part of `#[warn(unused)]`) on by default

warning: unused variable: `color`
 --> demo/src/examples/css_variables.rs:6:9
  |
6 |     let color = "yellow";
  |         ^^^^^ help: if this is intentional, prefix it with an underscore: `_color`
  |
  = note: `#[warn(unused_variables)]` (part of `#[warn(unused)]`) on by default

warning: unused variable: `total_price`
  --> demo/src/examples/lessons/pages/lesson5.rs:29:18
   |
29 |             @let total_price = base_price * (1.0 + tax_rate);
   |                  ^^^^^^^^^^^ help: if this is intentional, prefix it with an underscore: `_total_price`

For more information about this error, try `rustc --explain E0425`.
warning: `azumi-demo` (bin "azumi-demo") generated 3 warnings
error: could not compile `azumi-demo` (bin "azumi-demo") due to 23 previous errors; 3 warnings emitted
